Component: ARM Compiler 5.06 update 7 (build 960) Tool: armlink [4d3601]

==============================================================================

Section Cross References

    startup_stm32l031xx.o(STACK) refers (Special) to heapauxi.o(.text) for __use_two_region_memory
    startup_stm32l031xx.o(HEAP) refers (Special) to heapauxi.o(.text) for __use_two_region_memory
    startup_stm32l031xx.o(RESET) refers (Special) to heapauxi.o(.text) for __use_two_region_memory
    startup_stm32l031xx.o(RESET) refers to startup_stm32l031xx.o(STACK) for __initial_sp
    startup_stm32l031xx.o(RESET) refers to startup_stm32l031xx.o(.text) for Reset_Handler
    startup_stm32l031xx.o(RESET) refers to stm32l0xx_it.o(i.NMI_Handler) for NMI_Handler
    startup_stm32l031xx.o(RESET) refers to stm32l0xx_it.o(i.HardFault_Handler) for HardFault_Handler
    startup_stm32l031xx.o(RESET) refers to stm32l0xx_it.o(i.SVC_Handler) for SVC_Handler
    startup_stm32l031xx.o(RESET) refers to stm32l0xx_it.o(i.PendSV_Handler) for PendSV_Handler
    startup_stm32l031xx.o(RESET) refers to stm32l0xx_it.o(i.SysTick_Handler) for SysTick_Handler
    startup_stm32l031xx.o(RESET) refers to stm32l0xx_it.o(i.PVD_IRQHandler) for PVD_IRQHandler
    startup_stm32l031xx.o(RESET) refers to stm32l0xx_it.o(i.RTC_IRQHandler) for RTC_IRQHandler
    startup_stm32l031xx.o(RESET) refers to stm32l0xx_it.o(i.EXTI2_3_IRQHandler) for EXTI2_3_IRQHandler
    startup_stm32l031xx.o(RESET) refers to stm32l0xx_it.o(i.LPTIM1_IRQHandler) for LPTIM1_IRQHandler
    startup_stm32l031xx.o(.text) refers (Special) to heapauxi.o(.text) for __use_two_region_memory
    startup_stm32l031xx.o(.text) refers to system_stm32l0xx.o(i.SystemInit) for SystemInit
    startup_stm32l031xx.o(.text) refers to __main.o(!!!main) for __main
    startup_stm32l031xx.o(.text) refers to startup_stm32l031xx.o(HEAP) for Heap_Mem
    startup_stm32l031xx.o(.text) refers to startup_stm32l031xx.o(STACK) for Stack_Mem
    sequencies.o(i.Get_Current_Sequency) refers to sequencies.o(.data) for .data
    sequencies.o(i.Get_Number_of_Sequencies) refers to sequencies.o(.data) for .data
    sequencies.o(i.Is_Sequency_Running) refers to sequencies.o(.data) for .data
    sequencies.o(i.Run_Current_Sequency) refers to tca6416a.o(i.TCA6416A_Disable_All_LEDs) for TCA6416A_Disable_All_LEDs
    sequencies.o(i.Run_Current_Sequency) refers to sequencies.o(i.__ARM_common_switch8) for __ARM_common_switch8
    sequencies.o(i.Run_Current_Sequency) refers to tca6416a.o(i.TCA6416A_Write) for TCA6416A_Write
    sequencies.o(i.Run_Current_Sequency) refers to stm32l0xx_hal.o(i.HAL_Delay) for HAL_Delay
    sequencies.o(i.Run_Current_Sequency) refers to tca6416a.o(i.TCA6416A_Enable_All_LEDs) for TCA6416A_Enable_All_LEDs
    sequencies.o(i.Run_Current_Sequency) refers to sequencies.o(.data) for .data
    sequencies.o(i.Run_Current_Sequency) refers to sequencies.o(i.Set_Sequency) for Set_Sequency
    sequencies.o(i.Sequency_Initialization) refers to sequencies.o(.data) for .data
    sequencies.o(i.Set_Sequency) refers to sequencies.o(.data) for .data
    accelerometer.o(i.accelerometer_double_tap_update) refers to lis3dh_reg.o(i.lis3dh_tap_source_get) for lis3dh_tap_source_get
    accelerometer.o(i.accelerometer_double_tap_update) refers to accelerometer.o(.bss) for .bss
    accelerometer.o(i.accelerometer_enter_low_power) refers to lis3dh_reg.o(i.lis3dh_device_id_get) for lis3dh_device_id_get
    accelerometer.o(i.accelerometer_enter_low_power) refers to lis3dh_reg.o(i.lis3dh_block_data_update_set) for lis3dh_block_data_update_set
    accelerometer.o(i.accelerometer_enter_low_power) refers to lis3dh_reg.o(i.lis3dh_aux_adc_set) for lis3dh_aux_adc_set
    accelerometer.o(i.accelerometer_enter_low_power) refers to lis3dh_reg.o(i.lis3dh_pin_sdo_sa0_mode_set) for lis3dh_pin_sdo_sa0_mode_set
    accelerometer.o(i.accelerometer_enter_low_power) refers to accelerometer.o(i.platform_write) for platform_write
    accelerometer.o(i.accelerometer_enter_low_power) refers to accelerometer.o(.bss) for .bss
    accelerometer.o(i.accelerometer_enter_low_power) refers to accelerometer.o(i.platform_read) for platform_read
    accelerometer.o(i.accelerometer_enter_low_power) refers to i2c.o(.bss) for hi2c1
    accelerometer.o(i.accelerometer_enter_low_power) refers to accelerometer.o(.data) for .data
    accelerometer.o(i.accelerometer_get_total) refers to accelerometer.o(.data) for .data
    accelerometer.o(i.accelerometer_init) refers to lis3dh_reg.o(i.lis3dh_device_id_get) for lis3dh_device_id_get
    accelerometer.o(i.accelerometer_init) refers to lis3dh_reg.o(i.lis3dh_block_data_update_set) for lis3dh_block_data_update_set
    accelerometer.o(i.accelerometer_init) refers to lis3dh_reg.o(i.lis3dh_data_rate_set) for lis3dh_data_rate_set
    accelerometer.o(i.accelerometer_init) refers to lis3dh_reg.o(i.lis3dh_full_scale_set) for lis3dh_full_scale_set
[...]
    Removing stm32l0xx_hal_gpio.o(i.HAL_GPIO_LockPin), (36 bytes).
    Removing stm32l0xx_hal_gpio.o(i.HAL_GPIO_TogglePin), (16 bytes).
    Removing stm32l0xx_hal_dma.o(.rev16_text), (4 bytes).
    Removing stm32l0xx_hal_dma.o(.revsh_text), (4 bytes).
    Removing stm32l0xx_hal_dma.o(i.DMA_SetConfig), (44 bytes).
    Removing stm32l0xx_hal_dma.o(i.HAL_DMA_Abort), (68 bytes).
    Removing stm32l0xx_hal_dma.o(i.HAL_DMA_Abort_IT), (76 bytes).
    Removing stm32l0xx_hal_dma.o(i.HAL_DMA_DeInit), (104 bytes).
    Removing stm32l0xx_hal_dma.o(i.HAL_DMA_GetError), (4 bytes).
    Removing stm32l0xx_hal_dma.o(i.HAL_DMA_GetState), (6 bytes).
    Removing stm32l0xx_hal_dma.o(i.HAL_DMA_IRQHandler), (168 bytes).
    Removing stm32l0xx_hal_dma.o(i.HAL_DMA_Init), (144 bytes).
    Removing stm32l0xx_hal_dma.o(i.HAL_DMA_PollForTransfer), (190 bytes).
    Removing stm32l0xx_hal_dma.o(i.HAL_DMA_RegisterCallback), (72 bytes).
    Removing stm32l0xx_hal_dma.o(i.HAL_DMA_Start), (74 bytes).
    Removing stm32l0xx_hal_dma.o(i.HAL_DMA_Start_IT), (104 bytes).
    Removing stm32l0xx_hal_dma.o(i.HAL_DMA_UnRegisterCallback), (78 bytes).
    Removing stm32l0xx_hal_pwr.o(.rev16_text), (4 bytes).
    Removing stm32l0xx_hal_pwr.o(.revsh_text), (4 bytes).
    Removing stm32l0xx_hal_pwr.o(i.HAL_PWR_DeInit), (24 bytes).
    Removing stm32l0xx_hal_pwr.o(i.HAL_PWR_DisableBkUpAccess), (16 bytes).
    Removing stm32l0xx_hal_pwr.o(i.HAL_PWR_DisablePVD), (16 bytes).
    Removing stm32l0xx_hal_pwr.o(i.HAL_PWR_DisableSEVOnPend), (16 bytes).
    Removing stm32l0xx_hal_pwr.o(i.HAL_PWR_DisableSleepOnExit), (16 bytes).
    Removing stm32l0xx_hal_pwr.o(i.HAL_PWR_DisableWakeUpPin), (16 bytes).
    Removing stm32l0xx_hal_pwr.o(i.HAL_PWR_EnableBkUpAccess), (16 bytes).
    Removing stm32l0xx_hal_pwr.o(i.HAL_PWR_EnableSEVOnPend), (16 bytes).
    Removing stm32l0xx_hal_pwr.o(i.HAL_PWR_EnableSleepOnExit), (16 bytes).
    Removing stm32l0xx_hal_pwr.o(i.HAL_PWR_EnableWakeUpPin), (16 bytes).
    Removing stm32l0xx_hal_pwr.o(i.HAL_PWR_EnterSLEEPMode), (96 bytes).
    Removing stm32l0xx_hal_pwr.o(i.HAL_PWR_EnterSTANDBYMode), (32 bytes).
    Removing stm32l0xx_hal_pwr.o(i.HAL_PWR_EnterSTOPMode), (100 bytes).
    Removing stm32l0xx_hal_pwr_ex.o(.rev16_text), (4 bytes).
    Removing stm32l0xx_hal_pwr_ex.o(.revsh_text), (4 bytes).
    Removing stm32l0xx_hal_pwr_ex.o(i.HAL_PWREx_DisableFastWakeUp), (16 bytes).
    Removing stm32l0xx_hal_pwr_ex.o(i.HAL_PWREx_DisableLowPowerRunMode), (76 bytes).
    Removing stm32l0xx_hal_pwr_ex.o(i.HAL_PWREx_DisableUltraLowPower), (16 bytes).
    Removing stm32l0xx_hal_pwr_ex.o(i.HAL_PWREx_EnableFastWakeUp), (16 bytes).
    Removing stm32l0xx_hal_pwr_ex.o(i.HAL_PWREx_EnableLowPowerRunMode), (24 bytes).
    Removing stm32l0xx_hal_pwr_ex.o(i.HAL_PWREx_EnableUltraLowPower), (16 bytes).
    Removing stm32l0xx_hal_pwr_ex.o(i.HAL_PWREx_GetVoltageRange), (16 bytes).
    Removing stm32l0xx_hal_cortex.o(.rev16_text), (4 bytes).
    Removing stm32l0xx_hal_cortex.o(.revsh_text), (4 bytes).
    Removing stm32l0xx_hal_cortex.o(i.HAL_NVIC_ClearPendingIRQ), (24 bytes).
    Removing stm32l0xx_hal_cortex.o(i.HAL_NVIC_DisableIRQ), (32 bytes).
    Removing stm32l0xx_hal_cortex.o(i.HAL_NVIC_GetPendingIRQ), (32 bytes).
    Removing stm32l0xx_hal_cortex.o(i.HAL_NVIC_GetPriority), (52 bytes).
    Removing stm32l0xx_hal_cortex.o(i.HAL_NVIC_SetPendingIRQ), (24 bytes).
    Removing stm32l0xx_hal_cortex.o(i.HAL_NVIC_SystemReset), (28 bytes).
    Removing stm32l0xx_hal_cortex.o(i.HAL_SYSTICK_CLKSourceConfig), (24 bytes).
    Removing stm32l0xx_hal_cortex.o(i.HAL_SYSTICK_Callback), (2 bytes).
    Removing stm32l0xx_hal_cortex.o(i.HAL_SYSTICK_IRQHandler), (8 bytes).
    Removing stm32l0xx_hal_exti.o(.rev16_text), (4 bytes).
    Removing stm32l0xx_hal_exti.o(.revsh_text), (4 bytes).
    Removing stm32l0xx_hal_exti.o(i.HAL_EXTI_ClearConfigLine), (100 bytes).
    Removing stm32l0xx_hal_exti.o(i.HAL_EXTI_ClearPending), (20 bytes).
    Removing stm32l0xx_hal_exti.o(i.HAL_EXTI_GenerateSWI), (20 bytes).
    Removing stm32l0xx_hal_exti.o(i.HAL_EXTI_GetConfigLine), (136 bytes).
    Removing stm32l0xx_hal_exti.o(i.HAL_EXTI_GetHandle), (14 bytes).
    Removing stm32l0xx_hal_exti.o(i.HAL_EXTI_GetPending), (24 bytes).
    Removing stm32l0xx_hal_exti.o(i.HAL_EXTI_IRQHandler), (36 bytes).
    Removing stm32l0xx_hal_exti.o(i.HAL_EXTI_RegisterCallback), (16 bytes).
    Removing stm32l0xx_hal_exti.o(i.HAL_EXTI_SetConfigLine), (148 bytes).
    Removing stm32l0xx_hal_lptim.o(.rev16_text), (4 bytes).
    Removing stm32l0xx_hal_lptim.o(.revsh_text), (4 bytes).
    Removing stm32l0xx_hal_lptim.o(i.HAL_LPTIM_Counter_Start), (86 bytes).
    Removing stm32l0xx_hal_lptim.o(i.HAL_LPTIM_Counter_Stop), (30 bytes).
    Removing stm32l0xx_hal_lptim.o(i.HAL_LPTIM_Counter_Stop_IT), (64 bytes).
    Removing stm32l0xx_hal_lptim.o(i.HAL_LPTIM_DeInit), (44 bytes).
    Removing stm32l0xx_hal_lptim.o(i.HAL_LPTIM_Encoder_Start), (86 bytes).
    Removing stm32l0xx_hal_lptim.o(i.HAL_LPTIM_Encoder_Start_IT), (126 bytes).
    Removing stm32l0xx_hal_lptim.o(i.HAL_LPTIM_Encoder_Stop), (44 bytes).
    Removing stm32l0xx_hal_lptim.o(i.HAL_LPTIM_Encoder_Stop_IT), (64 bytes).
    Removing stm32l0xx_hal_lptim.o(i.HAL_LPTIM_GetState), (6 bytes).
    Removing stm32l0xx_hal_lptim.o(i.HAL_LPTIM_MspDeInit), (2 bytes).
    Removing stm32l0xx_hal_lptim.o(i.HAL_LPTIM_MspInit), (2 bytes).
    Removing stm32l0xx_hal_lptim.o(i.HAL_LPTIM_OnePulse_Start), (92 bytes).
    Removing stm32l0xx_hal_lptim.o(i.HAL_LPTIM_OnePulse_Start_IT), (172 bytes).
    Removing stm32l0xx_hal_lptim.o(i.HAL_LPTIM_OnePulse_Stop), (30 bytes).
    Removing stm32l0xx_hal_lptim.o(i.HAL_LPTIM_OnePulse_Stop_IT), (92 bytes).
    Removing stm32l0xx_hal_lptim.o(i.HAL_LPTIM_PWM_Start), (96 bytes).
    Removing stm32l0xx_hal_lptim.o(i.HAL_LPTIM_PWM_Start_IT), (172 bytes).
    Removing stm32l0xx_hal_lptim.o(i.HAL_LPTIM_PWM_Stop), (30 bytes).
    Removing stm32l0xx_hal_lptim.o(i.HAL_LPTIM_PWM_Stop_IT), (92 bytes).
    Removing stm32l0xx_hal_lptim.o(i.HAL_LPTIM_ReadCompare), (6 bytes).
    Removing stm32l0xx_hal_lptim.o(i.HAL_LPTIM_SetOnce_Start), (92 bytes).
    Removing stm32l0xx_hal_lptim.o(i.HAL_LPTIM_SetOnce_Start_IT), (172 bytes).
    Removing stm32l0xx_hal_lptim.o(i.HAL_LPTIM_SetOnce_Stop), (30 bytes).
    Removing stm32l0xx_hal_lptim.o(i.HAL_LPTIM_SetOnce_Stop_IT), (92 bytes).
    Removing stm32l0xx_hal_lptim.o(i.HAL_LPTIM_TimeOut_Start), (96 bytes).
    Removing stm32l0xx_hal_lptim.o(i.HAL_LPTIM_TimeOut_Start_IT), (136 bytes).
    Removing stm32l0xx_hal_lptim.o(i.HAL_LPTIM_TimeOut_Stop), (44 bytes).
    Removing stm32l0xx_hal_lptim.o(i.HAL_LPTIM_TimeOut_Stop_IT), (68 bytes).
    Removing stm32l0xx_hal_rtc.o(.rev16_text), (4 bytes).
    Removing stm32l0xx_hal_rtc.o(.revsh_text), (4 bytes).
    Removing stm32l0xx_hal_rtc.o(i.HAL_RTC_AlarmAEventCallback), (2 bytes).
    Removing stm32l0xx_hal_rtc.o(i.HAL_RTC_AlarmIRQHandler), (96 bytes).
    Removing stm32l0xx_hal_rtc.o(i.HAL_RTC_DST_Add1Hour), (32 bytes).
    Removing stm32l0xx_hal_rtc.o(i.HAL_RTC_DST_ClearStoreOperation), (32 bytes).
    Removing stm32l0xx_hal_rtc.o(i.HAL_RTC_DST_ReadStoreOperation), (12 bytes).
    Removing stm32l0xx_hal_rtc.o(i.HAL_RTC_DST_SetStoreOperation), (32 bytes).
    Removing stm32l0xx_hal_rtc.o(i.HAL_RTC_DST_Sub1Hour), (32 bytes).
    Removing stm32l0xx_hal_rtc.o(i.HAL_RTC_DeInit), (212 bytes).
    Removing stm32l0xx_hal_rtc.o(i.HAL_RTC_DeactivateAlarm), (184 bytes).
    Removing stm32l0xx_hal_rtc.o(i.HAL_RTC_GetAlarm), (140 bytes).
    Removing stm32l0xx_hal_rtc.o(i.HAL_RTC_GetDate), (68 bytes).
    Removing stm32l0xx_hal_rtc.o(i.HAL_RTC_GetState), (6 bytes).
    Removing stm32l0xx_hal_rtc.o(i.HAL_RTC_GetTime), (92 bytes).
    Removing stm32l0xx_hal_rtc.o(i.HAL_RTC_MspDeInit), (2 bytes).
    Removing stm32l0xx_hal_rtc.o(i.HAL_RTC_MspInit), (2 bytes).
    Removing stm32l0xx_hal_rtc.o(i.HAL_RTC_PollForAlarmAEvent), (72 bytes).
    Removing stm32l0xx_hal_rtc.o(i.HAL_RTC_SetAlarm), (348 bytes).
    Removing stm32l0xx_hal_rtc.o(i.HAL_RTC_SetAlarm_IT), (400 bytes).
    Removing stm32l0xx_hal_rtc.o(i.HAL_RTC_SetDate), (196 bytes).
    Removing stm32l0xx_hal_rtc.o(i.HAL_RTC_SetTime), (232 bytes).
    Removing stm32l0xx_hal_rtc.o(i.RTC_Bcd2ToByte), (16 bytes).
    Removing stm32l0xx_hal_rtc.o(i.RTC_ByteToBcd2), (24 bytes).
    Removing stm32l0xx_hal_rtc_ex.o(.rev16_text), (4 bytes).
    Removing stm32l0xx_hal_rtc_ex.o(.revsh_text), (4 bytes).
    Removing stm32l0xx_hal_rtc_ex.o(i.HAL_RTCEx_AlarmBEventCallback), (2 bytes).
    Removing stm32l0xx_hal_rtc_ex.o(i.HAL_RTCEx_BKUPRead), (12 bytes).
    Removing stm32l0xx_hal_rtc_ex.o(i.HAL_RTCEx_BKUPWrite), (12 bytes).
    Removing stm32l0xx_hal_rtc_ex.o(i.HAL_RTCEx_DeactivateCalibrationOutPut), (60 bytes).
    Removing stm32l0xx_hal_rtc_ex.o(i.HAL_RTCEx_DeactivateRefClock), (98 bytes).
    Removing stm32l0xx_hal_rtc_ex.o(i.HAL_RTCEx_DeactivateTamper), (96 bytes).
    Removing stm32l0xx_hal_rtc_ex.o(i.HAL_RTCEx_DeactivateTimeStamp), (76 bytes).
    Removing stm32l0xx_hal_rtc_ex.o(i.HAL_RTCEx_DeactivateWakeUpTimer), (122 bytes).
    Removing stm32l0xx_hal_rtc_ex.o(i.HAL_RTCEx_DisableBypassShadow), (60 bytes).
    Removing stm32l0xx_hal_rtc_ex.o(i.HAL_RTCEx_EnableBypassShadow), (60 bytes).
    Removing stm32l0xx_hal_rtc_ex.o(i.HAL_RTCEx_GetTimeStamp), (160 bytes).
    Removing stm32l0xx_hal_rtc_ex.o(i.HAL_RTCEx_GetWakeUpTimer), (8 bytes).
    Removing stm32l0xx_hal_rtc_ex.o(i.HAL_RTCEx_PollForAlarmBEvent), (76 bytes).
    Removing stm32l0xx_hal_rtc_ex.o(i.HAL_RTCEx_PollForTamper1Event), (76 bytes).
    Removing stm32l0xx_hal_rtc_ex.o(i.HAL_RTCEx_PollForTamper2Event), (76 bytes).
    Removing stm32l0xx_hal_rtc_ex.o(i.HAL_RTCEx_PollForTamper3Event), (76 bytes).
    Removing stm32l0xx_hal_rtc_ex.o(i.HAL_RTCEx_PollForTimeStampEvent), (88 bytes).
    Removing stm32l0xx_hal_rtc_ex.o(i.HAL_RTCEx_PollForWakeUpTimerEvent), (76 bytes).
    Removing stm32l0xx_hal_rtc_ex.o(i.HAL_RTCEx_SetCalibrationOutPut), (78 bytes).
    Removing stm32l0xx_hal_rtc_ex.o(i.HAL_RTCEx_SetRefClock), (98 bytes).
    Removing stm32l0xx_hal_rtc_ex.o(i.HAL_RTCEx_SetSmoothCalib), (126 bytes).
    Removing stm32l0xx_hal_rtc_ex.o(i.HAL_RTCEx_SetSynchroShift), (152 bytes).
    Removing stm32l0xx_hal_rtc_ex.o(i.HAL_RTCEx_SetTamper), (208 bytes).
    Removing stm32l0xx_hal_rtc_ex.o(i.HAL_RTCEx_SetTamper_IT), (232 bytes).
    Removing stm32l0xx_hal_rtc_ex.o(i.HAL_RTCEx_SetTimeStamp), (108 bytes).
    Removing stm32l0xx_hal_rtc_ex.o(i.HAL_RTCEx_SetTimeStamp_IT), (140 bytes).
    Removing stm32l0xx_hal_rtc_ex.o(i.HAL_RTCEx_SetWakeUpTimer), (196 bytes).
    Removing stm32l0xx_hal_rtc_ex.o(i.HAL_RTCEx_Tamper1EventCallback), (2 bytes).
    Removing stm32l0xx_hal_rtc_ex.o(i.HAL_RTCEx_Tamper2EventCallback), (2 bytes).
    Removing stm32l0xx_hal_rtc_ex.o(i.HAL_RTCEx_Tamper3EventCallback), (2 bytes).
    Removing stm32l0xx_hal_rtc_ex.o(i.HAL_RTCEx_TamperTimeStampIRQHandler), (192 bytes).
    Removing stm32l0xx_hal_rtc_ex.o(i.HAL_RTCEx_TimeStampEventCallback), (2 bytes).
    Removing stm32l0xx_hal_tim.o(.rev16_text), (4 bytes).
    Removing stm32l0xx_hal_tim.o(.revsh_text), (4 bytes).
    Removing stm32l0xx_hal_tim_ex.o(.rev16_text), (4 bytes).
    Removing stm32l0xx_hal_tim_ex.o(.revsh_text), (4 bytes).
    Removing system_stm32l0xx.o(.rev16_text), (4 bytes).
    Removing system_stm32l0xx.o(.revsh_text), (4 bytes).
    Removing system_stm32l0xx.o(i.SystemCoreClockUpdate), (156 bytes).
    Removing system_stm32l0xx.o(.constdata), (8 bytes).
    Removing lis3dh_reg.o(i.lis3dh_acceleration_raw_get), (64 bytes).
    Removing lis3dh_reg.o(i.lis3dh_act_threshold_get), (26 bytes).
    Removing lis3dh_reg.o(i.lis3dh_act_threshold_set), (52 bytes).
    Removing lis3dh_reg.o(i.lis3dh_act_timeout_get), (22 bytes).
    Removing lis3dh_reg.o(i.lis3dh_act_timeout_set), (38 bytes).
    Removing lis3dh_reg.o(i.lis3dh_adc_raw_get), (64 bytes).
    Removing lis3dh_reg.o(i.lis3dh_aux_adc_get), (54 bytes).
    Removing lis3dh_reg.o(i.lis3dh_aux_adc_set), (80 bytes).
    Removing lis3dh_reg.o(i.lis3dh_block_data_update_get), (24 bytes).
    Removing lis3dh_reg.o(i.lis3dh_block_data_update_set), (50 bytes).
    Removing lis3dh_reg.o(i.lis3dh_boot_get), (24 bytes).
    Removing lis3dh_reg.o(i.lis3dh_boot_set), (50 bytes).
    Removing lis3dh_reg.o(i.lis3dh_data_format_get), (36 bytes).
    Removing lis3dh_reg.o(i.lis3dh_data_format_set), (52 bytes).
    Removing lis3dh_reg.o(i.lis3dh_data_rate_get), (78 bytes).
    Removing lis3dh_reg.o(i.lis3dh_data_rate_set), (50 bytes).
    Removing lis3dh_reg.o(i.lis3dh_device_id_get), (14 bytes).
    Removing lis3dh_reg.o(i.lis3dh_double_tap_timeout_get), (22 bytes).
    Removing lis3dh_reg.o(i.lis3dh_double_tap_timeout_set), (38 bytes).
    Removing lis3dh_reg.o(i.lis3dh_fifo_data_level_get), (26 bytes).
    Removing lis3dh_reg.o(i.lis3dh_fifo_empty_flag_get), (26 bytes).
    Removing lis3dh_reg.o(i.lis3dh_fifo_fth_flag_get), (24 bytes).
    Removing lis3dh_reg.o(i.lis3dh_fifo_get), (26 bytes).
    Removing lis3dh_reg.o(i.lis3dh_fifo_mode_get), (54 bytes).
    Removing lis3dh_reg.o(i.lis3dh_fifo_mode_set), (50 bytes).
    Removing lis3dh_reg.o(i.lis3dh_fifo_ovr_flag_get), (26 bytes).
    Removing lis3dh_reg.o(i.lis3dh_fifo_set), (52 bytes).
    Removing lis3dh_reg.o(i.lis3dh_fifo_status_get), (14 bytes).
    Removing lis3dh_reg.o(i.lis3dh_fifo_trigger_event_get), (36 bytes).
    Removing lis3dh_reg.o(i.lis3dh_fifo_trigger_event_set), (52 bytes).
    Removing lis3dh_reg.o(i.lis3dh_fifo_watermark_get), (26 bytes).
    Removing lis3dh_reg.o(i.lis3dh_fifo_watermark_set), (52 bytes).
    Removing lis3dh_reg.o(i.lis3dh_filter_reference_get), (14 bytes).
    Removing lis3dh_reg.o(i.lis3dh_filter_reference_set), (14 bytes).
    Removing lis3dh_reg.o(i.lis3dh_from_fs16_hr_to_mg), (28 bytes).
    Removing lis3dh_reg.o(i.lis3dh_from_fs16_lp_to_mg), (28 bytes).
    Removing lis3dh_reg.o(i.lis3dh_from_fs16_nm_to_mg), (28 bytes).
    Removing lis3dh_reg.o(i.lis3dh_from_fs2_hr_to_mg), (16 bytes).
    Removing lis3dh_reg.o(i.lis3dh_from_fs2_lp_to_mg), (22 bytes).
    Removing lis3dh_reg.o(i.lis3dh_from_fs2_nm_to_mg), (22 bytes).
    Removing lis3dh_reg.o(i.lis3dh_from_fs4_hr_to_mg), (22 bytes).
    Removing lis3dh_reg.o(i.lis3dh_from_fs4_lp_to_mg), (22 bytes).
    Removing lis3dh_reg.o(i.lis3dh_from_fs4_nm_to_mg), (22 bytes).
    Removing lis3dh_reg.o(i.lis3dh_from_fs8_hr_to_mg), (22 bytes).
    Removing lis3dh_reg.o(i.lis3dh_from_fs8_lp_to_mg), (22 bytes).
    Removing lis3dh_reg.o(i.lis3dh_from_fs8_nm_to_mg), (22 bytes).
    Removing lis3dh_reg.o(i.lis3dh_from_lsb_hr_to_celsius), (36 bytes).
    Removing lis3dh_reg.o(i.lis3dh_from_lsb_lp_to_celsius), (28 bytes).
    Removing lis3dh_reg.o(i.lis3dh_from_lsb_nm_to_celsius), (36 bytes).
    Removing lis3dh_reg.o(i.lis3dh_full_scale_get), (56 bytes).
    Removing lis3dh_reg.o(i.lis3dh_full_scale_set), (52 bytes).
    Removing lis3dh_reg.o(i.lis3dh_high_pass_bandwidth_get), (50 bytes).
    Removing lis3dh_reg.o(i.lis3dh_high_pass_bandwidth_set), (52 bytes).
    Removing lis3dh_reg.o(i.lis3dh_high_pass_int_conf_get), (70 bytes).
    Removing lis3dh_reg.o(i.lis3dh_high_pass_int_conf_set), (52 bytes).
    Removing lis3dh_reg.o(i.lis3dh_high_pass_mode_get), (54 bytes).
    Removing lis3dh_reg.o(i.lis3dh_high_pass_mode_set), (50 bytes).
    Removing lis3dh_reg.o(i.lis3dh_high_pass_on_outputs_get), (26 bytes).
    Removing lis3dh_reg.o(i.lis3dh_high_pass_on_outputs_set), (52 bytes).
    Removing lis3dh_reg.o(i.lis3dh_int1_gen_conf_get), (14 bytes).
    Removing lis3dh_reg.o(i.lis3dh_int1_gen_conf_set), (14 bytes).
    Removing lis3dh_reg.o(i.lis3dh_int1_gen_duration_get), (26 bytes).
    Removing lis3dh_reg.o(i.lis3dh_int1_gen_duration_set), (52 bytes).
    Removing lis3dh_reg.o(i.lis3dh_int1_gen_source_get), (14 bytes).
    Removing lis3dh_reg.o(i.lis3dh_int1_gen_threshold_get), (26 bytes).
    Removing lis3dh_reg.o(i.lis3dh_int1_gen_threshold_set), (52 bytes).
    Removing lis3dh_reg.o(i.lis3dh_int1_pin_detect_4d_get), (26 bytes).
    Removing lis3dh_reg.o(i.lis3dh_int1_pin_detect_4d_set), (52 bytes).
    Removing lis3dh_reg.o(i.lis3dh_int1_pin_notification_mode_get), (36 bytes).
    Removing lis3dh_reg.o(i.lis3dh_int1_pin_notification_mode_set), (52 bytes).
    Removing lis3dh_reg.o(i.lis3dh_int2_gen_conf_get), (14 bytes).
    Removing lis3dh_reg.o(i.lis3dh_int2_gen_conf_set), (14 bytes).
    Removing lis3dh_reg.o(i.lis3dh_int2_gen_duration_get), (26 bytes).
    Removing lis3dh_reg.o(i.lis3dh_int2_gen_duration_set), (52 bytes).
    Removing lis3dh_reg.o(i.lis3dh_int2_gen_source_get), (14 bytes).
    Removing lis3dh_reg.o(i.lis3dh_int2_gen_threshold_get), (26 bytes).
    Removing lis3dh_reg.o(i.lis3dh_int2_gen_threshold_set), (52 bytes).
    Removing lis3dh_reg.o(i.lis3dh_int2_pin_detect_4d_get), (26 bytes).
    Removing lis3dh_reg.o(i.lis3dh_int2_pin_detect_4d_set), (52 bytes).
    Removing lis3dh_reg.o(i.lis3dh_int2_pin_notification_mode_get), (36 bytes).
    Removing lis3dh_reg.o(i.lis3dh_int2_pin_notification_mode_set), (52 bytes).
    Removing lis3dh_reg.o(i.lis3dh_operating_mode_get), (62 bytes).
    Removing lis3dh_reg.o(i.lis3dh_operating_mode_set), (124 bytes).
    Removing lis3dh_reg.o(i.lis3dh_pin_int1_config_get), (14 bytes).
    Removing lis3dh_reg.o(i.lis3dh_pin_int1_config_set), (14 bytes).
    Removing lis3dh_reg.o(i.lis3dh_pin_int2_config_get), (14 bytes).
    Removing lis3dh_reg.o(i.lis3dh_pin_int2_config_set), (14 bytes).
    Removing lis3dh_reg.o(i.lis3dh_pin_sdo_sa0_mode_get), (34 bytes).
    Removing lis3dh_reg.o(i.lis3dh_pin_sdo_sa0_mode_set), (50 bytes).
    Removing lis3dh_reg.o(i.lis3dh_quiet_dur_get), (22 bytes).
    Removing lis3dh_reg.o(i.lis3dh_quiet_dur_set), (38 bytes).
    Removing lis3dh_reg.o(i.lis3dh_read_reg), (14 bytes).
    Removing lis3dh_reg.o(i.lis3dh_self_test_get), (48 bytes).
    Removing lis3dh_reg.o(i.lis3dh_self_test_set), (52 bytes).
    Removing lis3dh_reg.o(i.lis3dh_shock_dur_get), (26 bytes).
    Removing lis3dh_reg.o(i.lis3dh_shock_dur_set), (52 bytes).
    Removing lis3dh_reg.o(i.lis3dh_spi_mode_get), (36 bytes).
    Removing lis3dh_reg.o(i.lis3dh_spi_mode_set), (52 bytes).
    Removing lis3dh_reg.o(i.lis3dh_status_get), (14 bytes).
    Removing lis3dh_reg.o(i.lis3dh_tap_conf_get), (14 bytes).
    Removing lis3dh_reg.o(i.lis3dh_tap_conf_set), (14 bytes).
    Removing lis3dh_reg.o(i.lis3dh_tap_notification_mode_get), (34 bytes).
    Removing lis3dh_reg.o(i.lis3dh_tap_notification_mode_set), (50 bytes).
    Removing lis3dh_reg.o(i.lis3dh_tap_source_get), (14 bytes).
    Removing lis3dh_reg.o(i.lis3dh_tap_threshold_get), (26 bytes).
    Removing lis3dh_reg.o(i.lis3dh_tap_threshold_set), (52 bytes).
    Removing lis3dh_reg.o(i.lis3dh_temp_data_ovr_get), (26 bytes).
    Removing lis3dh_reg.o(i.lis3dh_temp_data_ready_get), (26 bytes).
    Removing lis3dh_reg.o(i.lis3dh_temp_status_reg_get), (14 bytes).
    Removing lis3dh_reg.o(i.lis3dh_temperature_raw_get), (32 bytes).
    Removing lis3dh_reg.o(i.lis3dh_write_reg), (14 bytes).
    Removing lis3dh_reg.o(i.lis3dh_xl_data_ovr_get), (24 bytes).
    Removing lis3dh_reg.o(i.lis3dh_xl_data_ready_get), (26 bytes).
    Removing tca6416a.o(.rev16_text), (4 bytes).
    Removing tca6416a.o(.revsh_text), (4 bytes).
    Removing tca6416a.o(i.TCA6416A_Disable_All_LEDs), (20 bytes).
    Removing tca6416a.o(i.TCA6416A_Enable_All_LEDs), (20 bytes).
    Removing tca6416a.o(i.TCA6416A_Initialization), (12 bytes).
    Removing tca6416a.o(i.TCA6416A_Read), (2 bytes).
    Removing tca6416a.o(i.TCA6416A_Set_Port_0_As_Output), (12 bytes).
    Removing tca6416a.o(i.TCA6416A_Set_Port_1_As_Output), (12 bytes).
    Removing tca6416a.o(i.TCA6416A_Write), (40 bytes).
    Removing sequencies.o(i.__ARM_common_switch8), (26 bytes).

504 unused section(s) (total 31167 bytes) removed from the image.

==============================================================================

Image Symbol Table

    Local Symbols

    Symbol Name                              Value     Ov Type        Size  Object(Section)

    ../Core/Src/gpio.c                       0x00000000   Number         0  gpio.o ABSOLUTE
    ../Core/Src/i2c.c                        0x00000000   Number         0  i2c.o ABSOLUTE
    ../Core/Src/lptim.c                      0x00000000   Number         0  lptim.o ABSOLUTE
    ../Core/Src/main.c                       0x00000000   Number         0  main.o ABSOLUTE
    ../Core/Src/rtc.c                        0x00000000   Number         0  rtc.o ABSOLUTE
    ../Core/Src/stm32l0xx_hal_msp.c          0x00000000   Number         0  stm32l0xx_hal_msp.o ABSOLUTE
    ../Core/Src/stm32l0xx_it.c               0x00000000   Number         0  stm32l0xx_it.o ABSOLUTE
    ../Core/Src/system_stm32l0xx.c           0x00000000   Number         0  system_stm32l0xx.o ABSOLUTE
    ../Drivers/STM32L0xx_HAL_Driver/Src/stm32l0xx_hal.c 0x00000000   Number         0  stm32l0xx_hal.o ABSOLUTE
    ../Drivers/STM32L0xx_HAL_Driver/Src/stm32l0xx_hal_cortex.c 0x00000000   Number         0  stm32l0xx_hal_cortex.o ABSOLUTE
    ../Drivers/STM32L0xx_HAL_Driver/Src/stm32l0xx_hal_dma.c 0x00000000   Number         0  stm32l0xx_hal_dma.o ABSOLUTE
    ../Drivers/STM32L0xx_HAL_Driver/Src/stm32l0xx_hal_exti.c 0x00000000   Number         0  stm32l0xx_hal_exti.o ABSOLUTE
    ../Drivers/STM32L0xx_HAL_Driver/Src/stm32l0xx_hal_flash.c 0x00000000   Number         0  stm32l0xx_hal_flash.o ABSOLUTE
    ../Drivers/STM32L0xx_HAL_Driver/Src/stm32l0xx_hal_flash_ex.c 0x00000000   Number         0  stm32l0xx_hal_flash_ex.o ABSOLUTE
    ../Drivers/STM32L0xx_HAL_Driver/Src/stm32l0xx_hal_flash_ramfunc.c 0x00000000   Number         0  stm32l0xx_hal_flash_ramfunc.o ABSOLUTE
    ../Drivers/STM32L0xx_HAL_Driver/Src/stm32l0xx_hal_gpio.c 0x00000000   Number         0  stm32l0xx_hal_gpio.o ABSOLUTE
    ../Drivers/STM32L0xx_HAL_Driver/Src/stm32l0xx_hal_i2c.c 0x00000000   Number         0  stm32l0xx_hal_i2c.o ABSOLUTE
    ../Drivers/STM32L0xx_HAL_Driver/Src/stm32l0xx_hal_i2c_ex.c 0x00000000   Number         0  stm32l0xx_hal_i2c_ex.o ABSOLUTE
    ../Drivers/STM32L0xx_HAL_Driver/Src/stm32l0xx_hal_lptim.c 0x00000000   Number         0  stm32l0xx_hal_lptim.o ABSOLUTE
    ../Drivers/STM32L0xx_HAL_Driver/Src/stm32l0xx_hal_pwr.c 0x00000000   Number         0  stm32l0xx_hal_pwr.o ABSOLUTE
    ../Drivers/STM32L0xx_HAL_Driver/Src/stm32l0xx_hal_pwr_ex.c 0x00000000   Number         0  stm32l0xx_hal_pwr_ex.o ABSOLUTE
    ../Drivers/STM32L0xx_HAL_Driver/Src/stm32l0xx_hal_rcc.c 0x00000000   Number         0  stm32l0xx_hal_rcc.o ABSOLUTE
    ../Drivers/STM32L0xx_HAL_Driver/Src/stm32l0xx_hal_rcc_ex.c 0x00000000   Number         0  stm32l0xx_hal_rcc_ex.o ABSOLUTE
    ../Drivers/STM32L0xx_HAL_Driver/Src/stm32l0xx_hal_rtc.c 0x00000000   Number         0  stm32l0xx_hal_rtc.o ABSOLUTE
    ../Drivers/STM32L0xx_HAL_Driver/Src/stm32l0xx_hal_rtc_ex.c 0x00000000   Number         0  stm32l0xx_hal_rtc_ex.o ABSOLUTE
    ../Drivers/STM32L0xx_HAL_Driver/Src/stm32l0xx_hal_tim.c 0x00000000   Number         0  stm32l0xx_hal_tim.o ABSOLUTE
    ../Drivers/STM32L0xx_HAL_Driver/Src/stm32l0xx_hal_tim_ex.c 0x00000000   Number         0  stm32l0xx_hal_tim_ex.o ABSOLUTE
    ../clib/angel/boardlib.s                 0x00000000   Number         0  boardinit3.o ABSOLUTE
    ../clib/angel/boardlib.s                 0x00000000   Number         0  boardshut.o ABSOLUTE
    ../clib/angel/boardlib.s                 0x00000000   Number         0  boardinit2.o ABSOLUTE
    ../clib/angel/boardlib.s                 0x00000000   Number         0  boardinit1.o ABSOLUTE
    ../clib/angel/handlers.s                 0x00000000   Number         0  __scatter_copy.o ABSOLUTE
    ../clib/angel/handlers.s                 0x00000000   Number         0  __scatter_zi.o ABSOLUTE
    ../clib/angel/kernel.s                   0x00000000   Number         0  __rtentry.o ABSOLUTE
    ../clib/angel/kernel.s                   0x00000000   Number         0  rtexit2.o ABSOLUTE
    ../clib/angel/kernel.s                   0x00000000   Number         0  rtexit.o ABSOLUTE
    ../clib/angel/kernel.s                   0x00000000   Number         0  __rtentry2.o ABSOLUTE
    ../clib/angel/kernel.s                   0x00000000   Number         0  __rtentry4.o ABSOLUTE
    ../clib/angel/rt.s                       0x00000000   Number         0  aeabi_idiv0.o ABSOLUTE
    ../clib/angel/rt.s                       0x00000000   Number         0  aeabi_idiv0_sigfpe.o ABSOLUTE
    ../clib/angel/rt.s                       0x00000000   Number         0  rt_raise.o ABSOLUTE
    ../clib/angel/rt.s                       0x00000000   Number         0  aeabi_ldiv0.o ABSOLUTE
    ../clib/angel/rt.s                       0x00000000   Number         0  aeabi_ldiv0_sigfpe.o ABSOLUTE
    ../clib/angel/rt.s                       0x00000000   Number         0  rt_div0.o ABSOLUTE
    ../clib/angel/scatterp.s                 0x00000000   Number         0  __scatter.o ABSOLUTE
    ../clib/angel/startup.s                  0x00000000   Number         0  __main.o ABSOLUTE
    ../clib/angel/sys.s                      0x00000000   Number         0  tempstk.o ABSOLUTE
    ../clib/angel/sys.s                      0x00000000   Number         0  use_no_semi.o ABSOLUTE
    ../clib/angel/sys.s                      0x00000000   Number         0  indicate_semi.o ABSOLUTE
    ../clib/angel/sys.s                      0x00000000   Number         0  sys_stackheap_outer.o ABSOLUTE
    ../clib/angel/sys.s                      0x00000000   Number         0  libspace.o ABSOLUTE
    ../clib/angel/sysapp.c                   0x00000000   Number         0  sys_wrch.o ABSOLUTE
    ../clib/angel/sysapp.c                   0x00000000   Number         0  sys_exit.o ABSOLUTE
    ../clib/angel/sysapp.c                   0x00000000   Number         0  sys_command.o ABSOLUTE
    ../clib/armsys.c                         0x00000000   Number         0  argv_veneer.o ABSOLUTE
    ../clib/armsys.c                         0x00000000   Number         0  no_argv.o ABSOLUTE
    ../clib/armsys.c                         0x00000000   Number         0  _get_argv_nomalloc.o ABSOLUTE
    ../clib/division.c                       0x00000000   Number         0  lludiv.o ABSOLUTE
    ../clib/division.s                       0x00000000   Number         0  aeabi_sdiv.o ABSOLUTE
    ../clib/division.s                       0x00000000   Number         0  aeabi_sdiv_div0.o ABSOLUTE
    ../clib/heapalloc.c                      0x00000000   Number         0  hrguard.o ABSOLUTE
    ../clib/heapaux.c                        0x00000000   Number         0  heapauxi.o ABSOLUTE
    ../clib/libinit.s                        0x00000000   Number         0  libinit.o ABSOLUTE
    ../clib/libinit.s                        0x00000000   Number         0  libshutdown2.o ABSOLUTE
    ../clib/libinit.s                        0x00000000   Number         0  libinit2.o ABSOLUTE
    ../clib/libinit.s                        0x00000000   Number         0  libshutdown.o ABSOLUTE
    ../clib/memcpset.c                       0x00000000   Number         0  rt_memclr.o ABSOLUTE
    ../clib/signal.c                         0x00000000   Number         0  defsig_fpe_formal.o ABSOLUTE
    ../clib/signal.c                         0x00000000   Number         0  defsig_fpe_outer.o ABSOLUTE
    ../clib/signal.c                         0x00000000   Number         0  defsig_cppl_inner.o ABSOLUTE
    ../clib/signal.c                         0x00000000   Number         0  __raise.o ABSOLUTE
    ../clib/signal.c                         0x00000000   Number         0  defsig_general.o ABSOLUTE
    ../clib/signal.c                         0x00000000   Number         0  defsig_other.o ABSOLUTE
    ../clib/signal.c                         0x00000000   Number         0  defsig_pvfn_inner.o ABSOLUTE
    ../clib/signal.c                         0x00000000   Number         0  defsig_stak_inner.o ABSOLUTE
    ../clib/signal.c                         0x00000000   Number         0  defsig_rtmem_formal.o ABSOLUTE
    ../clib/signal.c                         0x00000000   Number         0  defsig_rtmem_outer.o ABSOLUTE
    ../clib/signal.c                         0x00000000   Number         0  defsig_rtmem_inner.o ABSOLUTE
    ../clib/signal.c                         0x00000000   Number         0  defsig_rtred_inner.o ABSOLUTE
    ../clib/signal.c                         0x00000000   Number         0  defsig_abrt_inner.o ABSOLUTE
    ../clib/signal.c                         0x00000000   Number         0  defsig_segv_inner.o ABSOLUTE
    ../clib/signal.c                         0x00000000   Number         0  defsig_exit.o ABSOLUTE
    ../clib/signal.c                         0x00000000   Number         0  defsig_fpe_inner.o ABSOLUTE
    ../clib/signal.s                         0x00000000   Number         0  defsig.o ABSOLUTE
    ../clib/stdlib.c                         0x00000000   Number         0  exit.o ABSOLUTE
    ../fplib/cfplib/cmpret.c                 0x00000000   Number         0  cmpret.o ABSOLUTE
    ../fplib/cfplib/fcmpin.c                 0x00000000   Number         0  fcmpin.o ABSOLUTE
    ../fplib/cfplib/fdiv.c                   0x00000000   Number         0  fdiv.o ABSOLUTE
    ../fplib/cfplib/fflt.c                   0x00000000   Number         0  fflti.o ABSOLUTE
    ../fplib/cfplib/fpinit.c                 0x00000000   Number         0  fpinit.o ABSOLUTE
    ../fplib/cfplib/nan2.c                   0x00000000   Number         0  fnan2.o ABSOLUTE
    ../fplib/cfplib/retnan.c                 0x00000000   Number         0  retnan.o ABSOLUTE
    ../fplib/cfplib/scalbn.c                 0x00000000   Number         0  fscalbn.o ABSOLUTE
    ../fplib/faddsub6m.s                     0x00000000   Number         0  faddsub.o ABSOLUTE
    ../fplib/fmul6m.s                        0x00000000   Number         0  fmul.o ABSOLUTE
    ../fplib/frleqf6m.s                      0x00000000   Number         0  frlef.o ABSOLUTE
    ../fplib/usenofp.s                       0x00000000   Number         0  usenofp.o ABSOLUTE
    ..\Core\Src\accelerometer.c              0x00000000   Number         0  accelerometer.o ABSOLUTE
    ..\Core\Src\gpio.c                       0x00000000   Number         0  gpio.o ABSOLUTE
    ..\Core\Src\i2c.c                        0x00000000   Number         0  i2c.o ABSOLUTE
    ..\Core\Src\lptim.c                      0x00000000   Number         0  lptim.o ABSOLUTE
    ..\Core\Src\main.c                       0x00000000   Number         0  main.o ABSOLUTE
    ..\Core\Src\rtc.c                        0x00000000   Number         0  rtc.o ABSOLUTE
    ..\Core\Src\sequencies.c                 0x00000000   Number         0  sequencies.o ABSOLUTE
    ..\Core\Src\stm32l0xx_hal_msp.c          0x00000000   Number         0  stm32l0xx_hal_msp.o ABSOLUTE
    ..\Core\Src\stm32l0xx_it.c               0x00000000   Number         0  stm32l0xx_it.o ABSOLUTE
    ..\Core\Src\system_stm32l0xx.c           0x00000000   Number         0  system_stm32l0xx.o ABSOLUTE
    ..\Drivers\LIS3DH\lis3dh_reg.c           0x00000000   Number         0  lis3dh_reg.o ABSOLUTE
    ..\Drivers\STM32L0xx_HAL_Driver\Src\stm32l0xx_hal.c 0x00000000   Number         0  stm32l0xx_hal.o ABSOLUTE
    ..\Drivers\STM32L0xx_HAL_Driver\Src\stm32l0xx_hal_cortex.c 0x00000000   Number         0  stm32l0xx_hal_cortex.o ABSOLUTE
    ..\Drivers\STM32L0xx_HAL_Driver\Src\stm32l0xx_hal_dma.c 0x00000000   Number         0  stm32l0xx_hal_dma.o ABSOLUTE
    ..\Drivers\STM32L0xx_HAL_Driver\Src\stm32l0xx_hal_exti.c 0x00000000   Number         0  stm32l0xx_hal_exti.o ABSOLUTE
    ..\Drivers\STM32L0xx_HAL_Driver\Src\stm32l0xx_hal_flash.c 0x00000000   Number         0  stm32l0xx_hal_flash.o ABSOLUTE
    ..\Drivers\STM32L0xx_HAL_Driver\Src\stm32l0xx_hal_flash_ex.c 0x00000000   Number         0  stm32l0xx_hal_flash_ex.o ABSOLUTE
    ..\Drivers\STM32L0xx_HAL_Driver\Src\stm32l0xx_hal_flash_ramfunc.c 0x00000000   Number         0  stm32l0xx_hal_flash_ramfunc.o ABSOLUTE
    ..\Drivers\STM32L0xx_HAL_Driver\Src\stm32l0xx_hal_gpio.c 0x00000000   Number         0  stm32l0xx_hal_gpio.o ABSOLUTE
    ..\Drivers\STM32L0xx_HAL_Driver\Src\stm32l0xx_hal_i2c.c 0x00000000   Number         0  stm32l0xx_hal_i2c.o ABSOLUTE
    ..\Drivers\STM32L0xx_HAL_Driver\Src\stm32l0xx_hal_i2c_ex.c 0x00000000   Number         0  stm32l0xx_hal_i2c_ex.o ABSOLUTE
    ..\Drivers\STM32L0xx_HAL_Driver\Src\stm32l0xx_hal_lptim.c 0x00000000   Number         0  stm32l0xx_hal_lptim.o ABSOLUTE
    ..\Drivers\STM32L0xx_HAL_Driver\Src\stm32l0xx_hal_pwr.c 0x00000000   Number         0  stm32l0xx_hal_pwr.o ABSOLUTE
    ..\Drivers\STM32L0xx_HAL_Driver\Src\stm32l0xx_hal_pwr_ex.c 0x00000000   Number         0  stm32l0xx_hal_pwr_ex.o ABSOLUTE
    ..\Drivers\STM32L0xx_HAL_Driver\Src\stm32l0xx_hal_rcc.c 0x00000000   Number         0  stm32l0xx_hal_rcc.o ABSOLUTE
    ..\Drivers\STM32L0xx_HAL_Driver\Src\stm32l0xx_hal_rcc_ex.c 0x00000000   Number         0  stm32l0xx_hal_rcc_ex.o ABSOLUTE
    ..\Drivers\STM32L0xx_HAL_Driver\Src\stm32l0xx_hal_rtc.c 0x00000000   Number         0  stm32l0xx_hal_rtc.o ABSOLUTE
    ..\Drivers\STM32L0xx_HAL_Driver\Src\stm32l0xx_hal_rtc_ex.c 0x00000000   Number         0  stm32l0xx_hal_rtc_ex.o ABSOLUTE
    ..\Drivers\STM32L0xx_HAL_Driver\Src\stm32l0xx_hal_tim.c 0x00000000   Number         0  stm32l0xx_hal_tim.o ABSOLUTE
    ..\Drivers\STM32L0xx_HAL_Driver\Src\stm32l0xx_hal_tim_ex.c 0x00000000   Number         0  stm32l0xx_hal_tim_ex.o ABSOLUTE
    ..\Drivers\TCA6416A\tca6416a.c           0x00000000   Number         0  tca6416a.o ABSOLUTE
    ..\\Core\\Src\\accelerometer.c           0x00000000   Number         0  accelerometer.o ABSOLUTE
    ..\\Core\\Src\\sequencies.c              0x00000000   Number         0  sequencies.o ABSOLUTE
    ..\\Drivers\\TCA6416A\\tca6416a.c        0x00000000   Number         0  tca6416a.o ABSOLUTE
    dc.s                                     0x00000000   Number         0  dc.o ABSOLUTE
    startup_stm32l031xx.s                    0x00000000   Number         0  startup_stm32l031xx.o ABSOLUTE
    RESET                                    0x08000000   Section      192  startup_stm32l031xx.o(RESET)
    !!!main                                  0x080000c0   Section        8  __main.o(!!!main)
    !!!scatter                               0x080000c8   Section       60  __scatter.o(!!!scatter)
    !!handler_copy                           0x08000104   Section       26  __scatter_copy.o(!!handler_copy)
    !!handler_zi                             0x08000120   Section       28  __scatter_zi.o(!!handler_zi)
    .ARM.Collect$$libinit$$00000000          0x0800013c   Section        2  libinit.o(.ARM.Collect$$libinit$$00000000)
    .ARM.Collect$$libinit$$00000002          0x0800013e   Section        0  libinit2.o(.ARM.Collect$$libinit$$00000002)
    .ARM.Collect$$libinit$$00000004          0x0800013e   Section        0  libinit2.o(.ARM.Collect$$libinit$$00000004)
    .ARM.Collect$$libinit$$0000000A          0x0800013e   Section        0  libinit2.o(.ARM.Collect$$libinit$$0000000A)
    .ARM.Collect$$libinit$$0000000C          0x0800013e   Section        0  libinit2.o(.ARM.Collect$$libinit$$0000000C)
    .ARM.Collect$$libinit$$0000000E          0x0800013e   Section        0  libinit2.o(.ARM.Collect$$libinit$$0000000E)
    .ARM.Collect$$libinit$$00000011          0x0800013e   Section        0  libinit2.o(.ARM.Collect$$libinit$$00000011)
    .ARM.Collect$$libinit$$00000013          0x0800013e   Section        0  libinit2.o(.ARM.Collect$$libinit$$00000013)
    .ARM.Collect$$libinit$$00000015          0x0800013e   Section        0  libinit2.o(.ARM.Collect$$libinit$$00000015)
    .ARM.Collect$$libinit$$00000017          0x0800013e   Section        0  libinit2.o(.ARM.Collect$$libinit$$00000017)
    .ARM.Collect$$libinit$$00000019          0x0800013e   Section        0  libinit2.o(.ARM.Collect$$libinit$$00000019)
    .ARM.Collect$$libinit$$0000001B          0x0800013e   Section        0  libinit2.o(.ARM.Collect$$libinit$$0000001B)
    .ARM.Collect$$libinit$$0000001D          0x0800013e   Section        0  libinit2.o(.ARM.Collect$$libinit$$0000001D)
    .ARM.Collect$$libinit$$0000001F          0x0800013e   Section        0  libinit2.o(.ARM.Collect$$libinit$$0000001F)
    .ARM.Collect$$libinit$$00000021          0x0800013e   Section        0  libinit2.o(.ARM.Collect$$libinit$$00000021)
    .ARM.Collect$$libinit$$00000023          0x0800013e   Section        0  libinit2.o(.ARM.Collect$$libinit$$00000023)
    .ARM.Collect$$libinit$$00000025          0x0800013e   Section        0  libinit2.o(.ARM.Collect$$libinit$$00000025)
    .ARM.Collect$$libinit$$0000002C          0x0800013e   Section        0  libinit2.o(.ARM.Collect$$libinit$$0000002C)
    .ARM.Collect$$libinit$$0000002E          0x0800013e   Section        0  libinit2.o(.ARM.Collect$$libinit$$0000002E)
    .ARM.Collect$$libinit$$00000030          0x0800013e   Section        0  libinit2.o(.ARM.Collect$$libinit$$00000030)
    .ARM.Collect$$libinit$$00000032          0x0800013e   Section        0  libinit2.o(.ARM.Collect$$libinit$$00000032)
    .ARM.Collect$$libinit$$00000033          0x0800013e   Section        2  libinit2.o(.ARM.Collect$$libinit$$00000033)
    .ARM.Collect$$libshutdown$$00000000      0x08000140   Section        2  libshutdown.o(.ARM.Collect$$libshutdown$$00000000)
    .ARM.Collect$$libshutdown$$00000002      0x08000142   Section        0  libshutdown2.o(.ARM.Collect$$libshutdown$$00000002)
    .ARM.Collect$$libshutdown$$00000004      0x08000142   Section        0  libshutdown2.o(.ARM.Collect$$libshutdown$$00000004)
    .ARM.Collect$$libshutdown$$00000006      0x08000142   Section        0  libshutdown2.o(.ARM.Collect$$libshutdown$$00000006)
    .ARM.Collect$$libshutdown$$00000009      0x08000142   Section        0  libshutdown2.o(.ARM.Collect$$libshutdown$$00000009)
    .ARM.Collect$$libshutdown$$0000000C      0x08000142   Section        0  libshutdown2.o(.ARM.Collect$$libshutdown$$0000000C)
    .ARM.Collect$$libshutdown$$0000000E      0x08000142   Section        0  libshutdown2.o(.ARM.Collect$$libshutdown$$0000000E)
    .ARM.Collect$$libshutdown$$00000011      0x08000142   Section        0  libshutdown2.o(.ARM.Collect$$libshutdown$$00000011)
    .ARM.Collect$$libshutdown$$00000012      0x08000142   Section        2  libshutdown2.o(.ARM.Collect$$libshutdown$$00000012)
    .ARM.Collect$$rtentry$$00000000          0x08000144   Section        0  __rtentry.o(.ARM.Collect$$rtentry$$00000000)
    .ARM.Collect$$rtentry$$00000002          0x08000144   Section        0  __rtentry2.o(.ARM.Collect$$rtentry$$00000002)
    .ARM.Collect$$rtentry$$00000004          0x08000144   Section        6  __rtentry4.o(.ARM.Collect$$rtentry$$00000004)
    .ARM.Collect$$rtentry$$00000009          0x0800014a   Section        0  __rtentry2.o(.ARM.Collect$$rtentry$$00000009)
    .ARM.Collect$$rtentry$$0000000A          0x0800014a   Section        4  __rtentry2.o(.ARM.Collect$$rtentry$$0000000A)
    .ARM.Collect$$rtentry$$0000000C          0x0800014e   Section        0  __rtentry2.o(.ARM.Collect$$rtentry$$0000000C)
    .ARM.Collect$$rtentry$$0000000D          0x0800014e   Section        8  __rtentry2.o(.ARM.Collect$$rtentry$$0000000D)
    .ARM.Collect$$rtexit$$00000000           0x08000156   Section        2  rtexit.o(.ARM.Collect$$rtexit$$00000000)
    .ARM.Collect$$rtexit$$00000002           0x08000158   Section        0  rtexit2.o(.ARM.Collect$$rtexit$$00000002)
    .ARM.Collect$$rtexit$$00000003           0x08000158   Section        4  rtexit2.o(.ARM.Collect$$rtexit$$00000003)
    .ARM.Collect$$rtexit$$00000004           0x0800015c   Section        6  rtexit2.o(.ARM.Collect$$rtexit$$00000004)
    .text                                    0x08000164   Section       56  startup_stm32l031xx.o(.text)
    .text                                    0x0800019c   Section        0  lludiv.o(.text)
    .text                                    0x0800029e   Section        0  rt_memclr.o(.text)
    .text                                    0x080002de   Section      346  aeabi_sdiv.o(.text)
    .text                                    0x08000438   Section        0  heapauxi.o(.text)
    .text                                    0x0800043e   Section       62  sys_stackheap_outer.o(.text)
    .text                                    0x0800047c   Section        0  exit.o(.text)
    .text                                    0x0800048c   Section        8  libspace.o(.text)
    .text                                    0x08000494   Section        0  sys_exit.o(.text)
    .text                                    0x080004a0   Section        2  use_no_semi.o(.text)
    .text                                    0x080004a2   Section        0  indicate_semi.o(.text)
    i.EXTI2_3_IRQHandler                     0x080004a2   Section        0  stm32l0xx_it.o(i.EXTI2_3_IRQHandler)
    i.Error_Handler                          0x080004ac   Section        0  main.o(i.Error_Handler)
    i.HAL_GPIO_EXTI_Callback                 0x080004b0   Section        0  main.o(i.HAL_GPIO_EXTI_Callback)
    i.HAL_GPIO_EXTI_IRQHandler               0x08000500   Section        0  stm32l0xx_hal_gpio.o(i.HAL_GPIO_EXTI_IRQHandler)
    i.HAL_GPIO_Init                          0x08000518   Section        0  stm32l0xx_hal_gpio.o(i.HAL_GPIO_Init)
    i.HAL_GPIO_ReadPin                       0x080006b8   Section        0  stm32l0xx_hal_gpio.o(i.HAL_GPIO_ReadPin)
    i.HAL_GPIO_WritePin                      0x080006c2   Section        0  stm32l0xx_hal_gpio.o(i.HAL_GPIO_WritePin)
    i.HAL_GetTick                            0x080006d0   Section        0  stm32l0xx_hal.o(i.HAL_GetTick)
    i.HAL_I2CEx_ConfigAnalogFilter           0x080006dc   Section        0  stm32l0xx_hal_i2c_ex.o(i.HAL_I2CEx_ConfigAnalogFilter)
    i.HAL_I2CEx_ConfigDigitalFilter          0x08000726   Section        0  stm32l0xx_hal_i2c_ex.o(i.HAL_I2CEx_ConfigDigitalFilter)
    i.HAL_I2C_Init                           0x08000770   Section        0  stm32l0xx_hal_i2c.o(i.HAL_I2C_Init)
    i.HAL_I2C_MspInit                        0x08000824   Section        0  i2c.o(i.HAL_I2C_MspInit)
    i.HAL_IncTick                            0x0800087c   Section        0  stm32l0xx_hal.o(i.HAL_IncTick)
    i.HAL_Init                               0x0800088c   Section        0  stm32l0xx_hal.o(i.HAL_Init)
    i.HAL_InitTick                           0x080008b4   Section        0  stm32l0xx_hal.o(i.HAL_InitTick)
    i.HAL_LPTIM_AutoReloadMatchCallback      0x080008f8   Section        0  stm32l0xx_hal_lptim.o(i.HAL_LPTIM_AutoReloadMatchCallback)
    i.HAL_LPTIM_AutoReloadWriteCallback      0x080008fa   Section        0  stm32l0xx_hal_lptim.o(i.HAL_LPTIM_AutoReloadWriteCallback)
    i.HAL_LPTIM_CompareMatchCallback         0x080008fc   Section        0  stm32l0xx_hal_lptim.o(i.HAL_LPTIM_CompareMatchCallback)
    i.HAL_LPTIM_CompareWriteCallback         0x080008fe   Section        0  stm32l0xx_hal_lptim.o(i.HAL_LPTIM_CompareWriteCallback)
    i.HAL_LPTIM_Counter_Start_IT             0x08000900   Section        0  stm32l0xx_hal_lptim.o(i.HAL_LPTIM_Counter_Start_IT)
    i.HAL_LPTIM_DirectionDownCallback        0x0800098c   Section        0  stm32l0xx_hal_lptim.o(i.HAL_LPTIM_DirectionDownCallback)
    i.HAL_LPTIM_DirectionUpCallback          0x0800098e   Section        0  stm32l0xx_hal_lptim.o(i.HAL_LPTIM_DirectionUpCallback)
    i.HAL_LPTIM_IRQHandler                   0x08000990   Section        0  stm32l0xx_hal_lptim.o(i.HAL_LPTIM_IRQHandler)
    i.HAL_LPTIM_Init                         0x08000a5c   Section        0  stm32l0xx_hal_lptim.o(i.HAL_LPTIM_Init)
    i.HAL_LPTIM_MspInit                      0x08000b0c   Section        0  lptim.o(i.HAL_LPTIM_MspInit)
    i.HAL_LPTIM_ReadAutoReload               0x08000b3c   Section        0  stm32l0xx_hal_lptim.o(i.HAL_LPTIM_ReadAutoReload)
    i.HAL_LPTIM_ReadCounter                  0x08000b42   Section        0  stm32l0xx_hal_lptim.o(i.HAL_LPTIM_ReadCounter)
    i.HAL_LPTIM_TriggerCallback              0x08000b48   Section        0  stm32l0xx_hal_lptim.o(i.HAL_LPTIM_TriggerCallback)
    i.HAL_MspInit                            0x08000b4c   Section        0  stm32l0xx_hal_msp.o(i.HAL_MspInit)
    i.HAL_NVIC_EnableIRQ                     0x08000b7c   Section        0  stm32l0xx_hal_cortex.o(i.HAL_NVIC_EnableIRQ)
    i.HAL_NVIC_SetPriority                   0x08000b94   Section        0  stm32l0xx_hal_cortex.o(i.HAL_NVIC_SetPriority)
    i.HAL_PWR_ConfigPVD                      0x08000b9c   Section        0  stm32l0xx_hal_pwr.o(i.HAL_PWR_ConfigPVD)
    i.HAL_PWR_EnablePVD                      0x08000c04   Section        0  stm32l0xx_hal_pwr.o(i.HAL_PWR_EnablePVD)
    i.HAL_PWR_PVDCallback                    0x08000c14   Section        0  stm32l0xx_hal_pwr.o(i.HAL_PWR_PVDCallback)
    i.HAL_PWR_PVD_IRQHandler                 0x08000c18   Section        0  stm32l0xx_hal_pwr.o(i.HAL_PWR_PVD_IRQHandler)
    i.HAL_RCCEx_PeriphCLKConfig              0x08000c34   Section        0  stm32l0xx_hal_rcc_ex.o(i.HAL_RCCEx_PeriphCLKConfig)
    i.HAL_RCC_ClockConfig                    0x08000d84   Section        0  stm32l0xx_hal_rcc.o(i.HAL_RCC_ClockConfig)
    i.HAL_RCC_GetSysClockFreq                0x08000f20   Section        0  stm32l0xx_hal_rcc.o(i.HAL_RCC_GetSysClockFreq)
    i.HAL_RCC_OscConfig                      0x08000f98   Section        0  stm32l0xx_hal_rcc.o(i.HAL_RCC_OscConfig)
    i.HAL_RTCEx_SetWakeUpTimer_IT            0x080013cc   Section        0  stm32l0xx_hal_rtc_ex.o(i.HAL_RTCEx_SetWakeUpTimer_IT)
    i.HAL_RTCEx_WakeUpTimerEventCallback     0x080014c4   Section        0  stm32l0xx_hal_rtc_ex.o(i.HAL_RTCEx_WakeUpTimerEventCallback)
    i.HAL_RTCEx_WakeUpTimerIRQHandler        0x080014c8   Section        0  stm32l0xx_hal_rtc_ex.o(i.HAL_RTCEx_WakeUpTimerIRQHandler)
    i.HAL_RTC_Init                           0x08001500   Section        0  stm32l0xx_hal_rtc.o(i.HAL_RTC_Init)
    i.HAL_RTC_MspInit                        0x080015bc   Section        0  rtc.o(i.HAL_RTC_MspInit)
    i.HAL_RTC_WaitForSynchro                 0x080015ec   Section        0  stm32l0xx_hal_rtc.o(i.HAL_RTC_WaitForSynchro)
    i.HAL_SYSTICK_Config                     0x08001620   Section        0  stm32l0xx_hal_cortex.o(i.HAL_SYSTICK_Config)
    i.HardFault_Handler                      0x08001650   Section        0  stm32l0xx_it.o(i.HardFault_Handler)
    i.LPTIM1_IRQHandler                      0x08001654   Section        0  stm32l0xx_it.o(i.LPTIM1_IRQHandler)
    i.LPTIM_Disable                          0x08001678   Section        0  stm32l0xx_hal_lptim.o(i.LPTIM_Disable)
    i.LPTIM_WaitForFlag                      0x08001758   Section        0  stm32l0xx_hal_lptim.o(i.LPTIM_WaitForFlag)
    LPTIM_WaitForFlag                        0x08001759   Thumb Code    48  stm32l0xx_hal_lptim.o(i.LPTIM_WaitForFlag)
    i.MX_GPIO_Init                           0x08001790   Section        0  gpio.o(i.MX_GPIO_Init)
    i.MX_I2C1_Init                           0x08001864   Section        0  i2c.o(i.MX_I2C1_Init)
    i.MX_LPTIM1_Init                         0x080018b8   Section        0  lptim.o(i.MX_LPTIM1_Init)
    i.MX_RTC_Init                            0x080018f0   Section        0  rtc.o(i.MX_RTC_Init)
    i.NMI_Handler                            0x08001934   Section        0  stm32l0xx_it.o(i.NMI_Handler)
    i.PVD_IRQHandler                         0x08001938   Section        0  stm32l0xx_it.o(i.PVD_IRQHandler)
    i.PendSV_Handler                         0x0800195c   Section        0  stm32l0xx_it.o(i.PendSV_Handler)
    i.RTC_EnterInitMode                      0x0800195e   Section        0  stm32l0xx_hal_rtc.o(i.RTC_EnterInitMode)
    i.RTC_IRQHandler                         0x08001998   Section        0  stm32l0xx_it.o(i.RTC_IRQHandler)
    i.SVC_Handler                            0x080019a8   Section        0  stm32l0xx_it.o(i.SVC_Handler)
    i.SysTick_Handler                        0x080019aa   Section        0  stm32l0xx_it.o(i.SysTick_Handler)
    i.SystemClock_Config                     0x080019b4   Section        0  main.o(i.SystemClock_Config)
    i.SystemInit                             0x08001a44   Section        0  system_stm32l0xx.o(i.SystemInit)
    i.__ARM_common_ll_muluu                  0x08001a46   Section        0  stm32l0xx_hal_rcc.o(i.__ARM_common_ll_muluu)
    i.__NVIC_SetPriority                     0x08001a78   Section        0  stm32l0xx_hal_cortex.o(i.__NVIC_SetPriority)
    __NVIC_SetPriority                       0x08001a79   Thumb Code    60  stm32l0xx_hal_cortex.o(i.__NVIC_SetPriority)
    i.main                                   0x08001abc   Section        0  main.o(i.main)
    .constdata                               0x08001b48   Section       25  system_stm32l0xx.o(.constdata)
    .data                                    0x20000000   Section       20  main.o(.data)
    .data                                    0x20000014   Section        1  main.o(.data)
    .data                                    0x20000018   Section       12  stm32l0xx_hal.o(.data)
    .data                                    0x20000024   Section        4  system_stm32l0xx.o(.data)
    .bss                                     0x20000028   Section       76  i2c.o(.bss)
    .bss                                     0x20000074   Section       48  lptim.o(.bss)
    .bss                                     0x200000a4   Section       36  rtc.o(.bss)
    .bss                                     0x200000c8   Section       96  libspace.o(.bss)
    HEAP                                     0x20000128   Section      512  startup_stm32l031xx.o(HEAP)
    Heap_Mem                                 0x20000128   Data         512  startup_stm32l031xx.o(HEAP)
    STACK                                    0x20000328   Section     1024  startup_stm32l031xx.o(STACK)
    Stack_Mem                                0x20000328   Data        1024  startup_stm32l031xx.o(STACK)
    __initial_sp                             0x20000728   Data           0  startup_stm32l031xx.o(STACK)

    Global Symbols

    Symbol Name                              Value     Ov Type        Size  Object(Section)

    BuildAttributes$$THM_ISAv3M$S$PE$A:L22$X:L11$S22$IEEE1$IW$USESV6$~STKCKD$USESV7$~SHL$OSPACE$ROPI$EBA8$UX$STANDARDLIB$REQ8$PRES8$EABIv2 0x00000000   Number         0  anon$$obj.o ABSOLUTE
    __ARM_use_no_argv                        0x00000000   Number         0  main.o ABSOLUTE
    __ARM_exceptions_init                     - Undefined Weak Reference
    __alloca_initialize                       - Undefined Weak Reference
    __arm_fini_                               - Undefined Weak Reference
    __arm_preinit_                            - Undefined Weak Reference
    __cpp_initialize__aeabi_                  - Undefined Weak Reference
    __cxa_finalize                            - Undefined Weak Reference
    __rt_locale                               - Undefined Weak Reference
    __sigvec_lookup                           - Undefined Weak Reference
    _atexit_init                              - Undefined Weak Reference
    _call_atexit_fns                          - Undefined Weak Reference
    _clock_init                               - Undefined Weak Reference
    _fp_trap_init                             - Undefined Weak Reference
    _fp_trap_shutdown                         - Undefined Weak Reference
    _get_lc_collate                           - Undefined Weak Reference
    _get_lc_ctype                             - Undefined Weak Reference
    _get_lc_monetary                          - Undefined Weak Reference
    _get_lc_numeric                           - Undefined Weak Reference
    _get_lc_time                              - Undefined Weak Reference
    _getenv_init                              - Undefined Weak Reference
    _handle_redirection                       - Undefined Weak Reference
    _init_alloc                               - Undefined Weak Reference
    _init_user_alloc                          - Undefined Weak Reference
    _initio                                   - Undefined Weak Reference
    _rand_init                                - Undefined Weak Reference
    _signal_finish                            - Undefined Weak Reference
    _signal_init                              - Undefined Weak Reference
    _terminate_alloc                          - Undefined Weak Reference
    _terminate_user_alloc                     - Undefined Weak Reference
    _terminateio                              - Undefined Weak Reference
    __Vectors_Size                           0x000000c0   Number         0  startup_stm32l031xx.o ABSOLUTE
    __Vectors                                0x08000000   Data           4  startup_stm32l031xx.o(RESET)
    __Vectors_End                            0x080000c0   Data           0  startup_stm32l031xx.o(RESET)
    __main                                   0x080000c1   Thumb Code     8  __main.o(!!!main)
    __scatterload                            0x080000c9   Thumb Code     0  __scatter.o(!!!scatter)
    __scatterload_rt2                        0x080000c9   Thumb Code    52  __scatter.o(!!!scatter)
    __scatterload_rt2_thumb_only             0x080000c9   Thumb Code     0  __scatter.o(!!!scatter)
    __scatterload_null                       0x080000d9   Thumb Code     0  __scatter.o(!!!scatter)
    __scatterload_copy                       0x08000105   Thumb Code    26  __scatter_copy.o(!!handler_copy)
    __scatterload_zeroinit                   0x08000121   Thumb Code    28  __scatter_zi.o(!!handler_zi)
    __rt_lib_init                            0x0800013d   Thumb Code     0  libinit.o(.ARM.Collect$$libinit$$00000000)
    __rt_lib_init_alloca_1                   0x0800013f   Thumb Code     0  libinit2.o(.ARM.Collect$$libinit$$0000002E)
    __rt_lib_init_argv_1                     0x0800013f   Thumb Code     0  libinit2.o(.ARM.Collect$$libinit$$0000002C)
    __rt_lib_init_atexit_1                   0x0800013f   Thumb Code     0  libinit2.o(.ARM.Collect$$libinit$$0000001B)
    __rt_lib_init_clock_1                    0x0800013f   Thumb Code     0  libinit2.o(.ARM.Collect$$libinit$$00000021)
    __rt_lib_init_cpp_1                      0x0800013f   Thumb Code     0  libinit2.o(.ARM.Collect$$libinit$$00000032)
    __rt_lib_init_exceptions_1               0x0800013f   Thumb Code     0  libinit2.o(.ARM.Collect$$libinit$$00000030)
    __rt_lib_init_fp_1                       0x0800013f   Thumb Code     0  libinit2.o(.ARM.Collect$$libinit$$00000002)
    __rt_lib_init_fp_trap_1                  0x0800013f   Thumb Code     0  libinit2.o(.ARM.Collect$$libinit$$0000001F)
    __rt_lib_init_getenv_1                   0x0800013f   Thumb Code     0  libinit2.o(.ARM.Collect$$libinit$$00000023)
    __rt_lib_init_heap_1                     0x0800013f   Thumb Code     0  libinit2.o(.ARM.Collect$$libinit$$0000000A)
    __rt_lib_init_lc_collate_1               0x0800013f   Thumb Code     0  libinit2.o(.ARM.Collect$$libinit$$00000011)
    __rt_lib_init_lc_ctype_1                 0x0800013f   Thumb Code     0  libinit2.o(.ARM.Collect$$libinit$$00000013)
    __rt_lib_init_lc_monetary_1              0x0800013f   Thumb Code     0  libinit2.o(.ARM.Collect$$libinit$$00000015)
    __rt_lib_init_lc_numeric_1               0x0800013f   Thumb Code     0  libinit2.o(.ARM.Collect$$libinit$$00000017)
    __rt_lib_init_lc_time_1                  0x0800013f   Thumb Code     0  libinit2.o(.ARM.Collect$$libinit$$00000019)
    __rt_lib_init_preinit_1                  0x0800013f   Thumb Code     0  libinit2.o(.ARM.Collect$$libinit$$00000004)
    __rt_lib_init_rand_1                     0x0800013f   Thumb Code     0  libinit2.o(.ARM.Collect$$libinit$$0000000E)
    __rt_lib_init_return                     0x0800013f   Thumb Code     0  libinit2.o(.ARM.Collect$$libinit$$00000033)
    __rt_lib_init_signal_1                   0x0800013f   Thumb Code     0  libinit2.o(.ARM.Collect$$libinit$$0000001D)
    __rt_lib_init_stdio_1                    0x0800013f   Thumb Code     0  libinit2.o(.ARM.Collect$$libinit$$00000025)
    __rt_lib_init_user_alloc_1               0x0800013f   Thumb Code     0  libinit2.o(.ARM.Collect$$libinit$$0000000C)
    __rt_lib_shutdown                        0x08000141   Thumb Code     0  libshutdown.o(.ARM.Collect$$libshutdown$$00000000)
    __rt_lib_shutdown_cpp_1                  0x08000143   Thumb Code     0  libshutdown2.o(.ARM.Collect$$libshutdown$$00000004)
    __rt_lib_shutdown_fini_1                 0x08000143   Thumb Code     0  libshutdown2.o(.ARM.Collect$$libshutdown$$00000002)
    __rt_lib_shutdown_fp_trap_1              0x08000143   Thumb Code     0  libshutdown2.o(.ARM.Collect$$libshutdown$$00000009)
    __rt_lib_shutdown_heap_1                 0x08000143   Thumb Code     0  libshutdown2.o(.ARM.Collect$$libshutdown$$00000011)
    __rt_lib_shutdown_return                 0x08000143   Thumb Code     0  libshutdown2.o(.ARM.Collect$$libshutdown$$00000012)
    __rt_lib_shutdown_signal_1               0x08000143   Thumb Code     0  libshutdown2.o(.ARM.Collect$$libshutdown$$0000000C)
    __rt_lib_shutdown_stdio_1                0x08000143   Thumb Code     0  libshutdown2.o(.ARM.Collect$$libshutdown$$00000006)
    __rt_lib_shutdown_user_alloc_1           0x08000143   Thumb Code     0  libshutdown2.o(.ARM.Collect$$libshutdown$$0000000E)
    __rt_entry                               0x08000145   Thumb Code     0  __rtentry.o(.ARM.Collect$$rtentry$$00000000)
    __rt_entry_presh_1                       0x08000145   Thumb Code     0  __rtentry2.o(.ARM.Collect$$rtentry$$00000002)
    __rt_entry_sh                            0x08000145   Thumb Code     0  __rtentry4.o(.ARM.Collect$$rtentry$$00000004)
    __rt_entry_li                            0x0800014b   Thumb Code     0  __rtentry2.o(.ARM.Collect$$rtentry$$0000000A)
    __rt_entry_postsh_1                      0x0800014b   Thumb Code     0  __rtentry2.o(.ARM.Collect$$rtentry$$00000009)
    __rt_entry_main                          0x0800014f   Thumb Code     0  __rtentry2.o(.ARM.Collect$$rtentry$$0000000D)
    __rt_entry_postli_1                      0x0800014f   Thumb Code     0  __rtentry2.o(.ARM.Collect$$rtentry$$0000000C)
    __rt_exit                                0x08000157   Thumb Code     0  rtexit.o(.ARM.Collect$$rtexit$$00000000)
    __rt_exit_ls                             0x08000159   Thumb Code     0  rtexit2.o(.ARM.Collect$$rtexit$$00000003)
    __rt_exit_prels_1                        0x08000159   Thumb Code     0  rtexit2.o(.ARM.Collect$$rtexit$$00000002)
    __rt_exit_exit                           0x0800015d   Thumb Code     0  rtexit2.o(.ARM.Collect$$rtexit$$00000004)
    Reset_Handler                            0x08000165   Thumb Code     8  startup_stm32l031xx.o(.text)
    ADC1_COMP_IRQHandler                     0x08000177   Thumb Code     0  startup_stm32l031xx.o(.text)
    DMA1_Channel1_IRQHandler                 0x08000177   Thumb Code     0  startup_stm32l031xx.o(.text)
    DMA1_Channel2_3_IRQHandler               0x08000177   Thumb Code     0  startup_stm32l031xx.o(.text)
    DMA1_Channel4_5_6_7_IRQHandler           0x08000177   Thumb Code     0  startup_stm32l031xx.o(.text)
    EXTI0_1_IRQHandler                       0x08000177   Thumb Code     0  startup_stm32l031xx.o(.text)
    EXTI4_15_IRQHandler                      0x08000177   Thumb Code     0  startup_stm32l031xx.o(.text)
    FLASH_IRQHandler                         0x08000177   Thumb Code     0  startup_stm32l031xx.o(.text)
    I2C1_IRQHandler                          0x08000177   Thumb Code     0  startup_stm32l031xx.o(.text)
    LPUART1_IRQHandler                       0x08000177   Thumb Code     0  startup_stm32l031xx.o(.text)
    RCC_IRQHandler                           0x08000177   Thumb Code     0  startup_stm32l031xx.o(.text)
    SPI1_IRQHandler                          0x08000177   Thumb Code     0  startup_stm32l031xx.o(.text)
    TIM21_IRQHandler                         0x08000177   Thumb Code     0  startup_stm32l031xx.o(.text)
    TIM22_IRQHandler                         0x08000177   Thumb Code     0  startup_stm32l031xx.o(.text)
    TIM2_IRQHandler                          0x08000177   Thumb Code     0  startup_stm32l031xx.o(.text)
    USART2_IRQHandler                        0x08000177   Thumb Code     0  startup_stm32l031xx.o(.text)
    WWDG_IRQHandler                          0x08000177   Thumb Code     0  startup_stm32l031xx.o(.text)
    __user_initial_stackheap                 0x08000179   Thumb Code     0  startup_stm32l031xx.o(.text)
    __aeabi_uldivmod                         0x0800019d   Thumb Code   258  lludiv.o(.text)
    _ll_udiv                                 0x0800019d   Thumb Code     0  lludiv.o(.text)
    _memset_w                                0x0800029f   Thumb Code    26  rt_memclr.o(.text)
    _memset                                  0x080002b9   Thumb Code    30  rt_memclr.o(.text)
    __aeabi_memclr                           0x080002d7   Thumb Code     4  rt_memclr.o(.text)
    __rt_memclr                              0x080002d7   Thumb Code     0  rt_memclr.o(.text)
    __aeabi_memclr4                          0x080002db   Thumb Code     0  rt_memclr.o(.text)
    __aeabi_memclr8                          0x080002db   Thumb Code     0  rt_memclr.o(.text)
    __rt_memclr_w                            0x080002db   Thumb Code     4  rt_memclr.o(.text)
    __aeabi_uidiv                            0x080002df   Thumb Code     0  aeabi_sdiv.o(.text)
    __aeabi_uidivmod                         0x080002df   Thumb Code    20  aeabi_sdiv.o(.text)
    __aeabi_idiv                             0x080002f3   Thumb Code     0  aeabi_sdiv.o(.text)
    __aeabi_idivmod                          0x080002f3   Thumb Code   326  aeabi_sdiv.o(.text)
    __use_two_region_memory                  0x08000439   Thumb Code     2  heapauxi.o(.text)
    __rt_heap_escrow$2region                 0x0800043b   Thumb Code     2  heapauxi.o(.text)
    __rt_heap_expand$2region                 0x0800043d   Thumb Code     2  heapauxi.o(.text)
    __user_setup_stackheap                   0x0800043f   Thumb Code    62  sys_stackheap_outer.o(.text)
    exit                                     0x0800047d   Thumb Code    16  exit.o(.text)
    __user_libspace                          0x0800048d   Thumb Code     8  libspace.o(.text)
    __user_perproc_libspace                  0x0800048d   Thumb Code     0  libspace.o(.text)
    __user_perthread_libspace                0x0800048d   Thumb Code     0  libspace.o(.text)
    _sys_exit                                0x08000495   Thumb Code     8  sys_exit.o(.text)
    __I$use$semihosting                      0x080004a1   Thumb Code     0  use_no_semi.o(.text)
    __use_no_semihosting_swi                 0x080004a1   Thumb Code     2  use_no_semi.o(.text)
    EXTI2_3_IRQHandler                       0x080004a3   Thumb Code    10  stm32l0xx_it.o(i.EXTI2_3_IRQHandler)
    __semihosting_library_function           0x080004a3   Thumb Code     0  indicate_semi.o(.text)
    Error_Handler                            0x080004ad   Thumb Code     4  main.o(i.Error_Handler)
    HAL_GPIO_EXTI_Callback                   0x080004b1   Thumb Code    76  main.o(i.HAL_GPIO_EXTI_Callback)
    HAL_GPIO_EXTI_IRQHandler                 0x08000501   Thumb Code    18  stm32l0xx_hal_gpio.o(i.HAL_GPIO_EXTI_IRQHandler)
    HAL_GPIO_Init                            0x08000519   Thumb Code   392  stm32l0xx_hal_gpio.o(i.HAL_GPIO_Init)
    HAL_GPIO_ReadPin                         0x080006b9   Thumb Code    10  stm32l0xx_hal_gpio.o(i.HAL_GPIO_ReadPin)
    HAL_GPIO_WritePin                        0x080006c3   Thumb Code    12  stm32l0xx_hal_gpio.o(i.HAL_GPIO_WritePin)
    HAL_GetTick                              0x080006d1   Thumb Code     6  stm32l0xx_hal.o(i.HAL_GetTick)
    HAL_I2CEx_ConfigAnalogFilter             0x080006dd   Thumb Code    74  stm32l0xx_hal_i2c_ex.o(i.HAL_I2CEx_ConfigAnalogFilter)
    HAL_I2CEx_ConfigDigitalFilter            0x08000727   Thumb Code    72  stm32l0xx_hal_i2c_ex.o(i.HAL_I2CEx_ConfigDigitalFilter)
    HAL_I2C_Init                             0x08000771   Thumb Code   176  stm32l0xx_hal_i2c.o(i.HAL_I2C_Init)
    HAL_I2C_MspInit                          0x08000825   Thumb Code    80  i2c.o(i.HAL_I2C_MspInit)
    HAL_IncTick                              0x0800087d   Thumb Code    12  stm32l0xx_hal.o(i.HAL_IncTick)
    HAL_Init                                 0x0800088d   Thumb Code    36  stm32l0xx_hal.o(i.HAL_Init)
    HAL_InitTick                             0x080008b5   Thumb Code    58  stm32l0xx_hal.o(i.HAL_InitTick)
    HAL_LPTIM_AutoReloadMatchCallback        0x080008f9   Thumb Code     2  stm32l0xx_hal_lptim.o(i.HAL_LPTIM_AutoReloadMatchCallback)
    HAL_LPTIM_AutoReloadWriteCallback        0x080008fb   Thumb Code     2  stm32l0xx_hal_lptim.o(i.HAL_LPTIM_AutoReloadWriteCallback)
    HAL_LPTIM_CompareMatchCallback           0x080008fd   Thumb Code     2  stm32l0xx_hal_lptim.o(i.HAL_LPTIM_CompareMatchCallback)
    HAL_LPTIM_CompareWriteCallback           0x080008ff   Thumb Code     2  stm32l0xx_hal_lptim.o(i.HAL_LPTIM_CompareWriteCallback)
    HAL_LPTIM_Counter_Start_IT               0x08000901   Thumb Code   134  stm32l0xx_hal_lptim.o(i.HAL_LPTIM_Counter_Start_IT)
    HAL_LPTIM_DirectionDownCallback          0x0800098d   Thumb Code     2  stm32l0xx_hal_lptim.o(i.HAL_LPTIM_DirectionDownCallback)
    HAL_LPTIM_DirectionUpCallback            0x0800098f   Thumb Code     2  stm32l0xx_hal_lptim.o(i.HAL_LPTIM_DirectionUpCallback)
    HAL_LPTIM_IRQHandler                     0x08000991   Thumb Code   202  stm32l0xx_hal_lptim.o(i.HAL_LPTIM_IRQHandler)
    HAL_LPTIM_Init                           0x08000a5d   Thumb Code   162  stm32l0xx_hal_lptim.o(i.HAL_LPTIM_Init)
    HAL_LPTIM_MspInit                        0x08000b0d   Thumb Code    38  lptim.o(i.HAL_LPTIM_MspInit)
    HAL_LPTIM_ReadAutoReload                 0x08000b3d   Thumb Code     6  stm32l0xx_hal_lptim.o(i.HAL_LPTIM_ReadAutoReload)
    HAL_LPTIM_ReadCounter                    0x08000b43   Thumb Code     6  stm32l0xx_hal_lptim.o(i.HAL_LPTIM_ReadCounter)
    HAL_LPTIM_TriggerCallback                0x08000b49   Thumb Code     2  stm32l0xx_hal_lptim.o(i.HAL_LPTIM_TriggerCallback)
    HAL_MspInit                              0x08000b4d   Thumb Code    40  stm32l0xx_hal_msp.o(i.HAL_MspInit)
    HAL_NVIC_EnableIRQ                       0x08000b7d   Thumb Code    18  stm32l0xx_hal_cortex.o(i.HAL_NVIC_EnableIRQ)
    HAL_NVIC_SetPriority                     0x08000b95   Thumb Code     8  stm32l0xx_hal_cortex.o(i.HAL_NVIC_SetPriority)
    HAL_PWR_ConfigPVD                        0x08000b9d   Thumb Code    94  stm32l0xx_hal_pwr.o(i.HAL_PWR_ConfigPVD)
    HAL_PWR_EnablePVD                        0x08000c05   Thumb Code    12  stm32l0xx_hal_pwr.o(i.HAL_PWR_EnablePVD)
    HAL_PWR_PVDCallback                      0x08000c15   Thumb Code     2  stm32l0xx_hal_pwr.o(i.HAL_PWR_PVDCallback)
    HAL_PWR_PVD_IRQHandler                   0x08000c19   Thumb Code    22  stm32l0xx_hal_pwr.o(i.HAL_PWR_PVD_IRQHandler)
    HAL_RCCEx_PeriphCLKConfig                0x08000c35   Thumb Code   324  stm32l0xx_hal_rcc_ex.o(i.HAL_RCCEx_PeriphCLKConfig)
    HAL_RCC_ClockConfig                      0x08000d85   Thumb Code   386  stm32l0xx_hal_rcc.o(i.HAL_RCC_ClockConfig)
    HAL_RCC_GetSysClockFreq                  0x08000f21   Thumb Code   108  stm32l0xx_hal_rcc.o(i.HAL_RCC_GetSysClockFreq)
    HAL_RCC_OscConfig                        0x08000f99   Thumb Code  1074  stm32l0xx_hal_rcc.o(i.HAL_RCC_OscConfig)
    HAL_RTCEx_SetWakeUpTimer_IT              0x080013cd   Thumb Code   238  stm32l0xx_hal_rtc_ex.o(i.HAL_RTCEx_SetWakeUpTimer_IT)
    HAL_RTCEx_WakeUpTimerEventCallback       0x080014c5   Thumb Code     2  stm32l0xx_hal_rtc_ex.o(i.HAL_RTCEx_WakeUpTimerEventCallback)
    HAL_RTCEx_WakeUpTimerIRQHandler          0x080014c9   Thumb Code    48  stm32l0xx_hal_rtc_ex.o(i.HAL_RTCEx_WakeUpTimerIRQHandler)
    HAL_RTC_Init                             0x08001501   Thumb Code   184  stm32l0xx_hal_rtc.o(i.HAL_RTC_Init)
    HAL_RTC_MspInit                          0x080015bd   Thumb Code    40  rtc.o(i.HAL_RTC_MspInit)
    HAL_RTC_WaitForSynchro                   0x080015ed   Thumb Code    52  stm32l0xx_hal_rtc.o(i.HAL_RTC_WaitForSynchro)
    HAL_SYSTICK_Config                       0x08001621   Thumb Code    38  stm32l0xx_hal_cortex.o(i.HAL_SYSTICK_Config)
    HardFault_Handler                        0x08001651   Thumb Code     2  stm32l0xx_it.o(i.HardFault_Handler)
    LPTIM1_IRQHandler                        0x08001655   Thumb Code    26  stm32l0xx_it.o(i.LPTIM1_IRQHandler)
    LPTIM_Disable                            0x08001679   Thumb Code   214  stm32l0xx_hal_lptim.o(i.LPTIM_Disable)
    MX_GPIO_Init                             0x08001791   Thumb Code   200  gpio.o(i.MX_GPIO_Init)
    MX_I2C1_Init                             0x08001865   Thumb Code    76  i2c.o(i.MX_I2C1_Init)
    MX_LPTIM1_Init                           0x080018b9   Thumb Code    42  lptim.o(i.MX_LPTIM1_Init)
    MX_RTC_Init                              0x080018f1   Thumb Code    60  rtc.o(i.MX_RTC_Init)
    NMI_Handler                              0x08001935   Thumb Code     2  stm32l0xx_it.o(i.NMI_Handler)
    PVD_IRQHandler                           0x08001939   Thumb Code    32  stm32l0xx_it.o(i.PVD_IRQHandler)
    PendSV_Handler                           0x0800195d   Thumb Code     2  stm32l0xx_it.o(i.PendSV_Handler)
    RTC_EnterInitMode                        0x0800195f   Thumb Code    56  stm32l0xx_hal_rtc.o(i.RTC_EnterInitMode)
    RTC_IRQHandler                           0x08001999   Thumb Code    10  stm32l0xx_it.o(i.RTC_IRQHandler)
    SVC_Handler                              0x080019a9   Thumb Code     2  stm32l0xx_it.o(i.SVC_Handler)
    SysTick_Handler                          0x080019ab   Thumb Code     8  stm32l0xx_it.o(i.SysTick_Handler)
    SystemClock_Config                       0x080019b5   Thumb Code   140  main.o(i.SystemClock_Config)
    SystemInit                               0x08001a45   Thumb Code     2  system_stm32l0xx.o(i.SystemInit)
    __ARM_common_ll_muluu                    0x08001a47   Thumb Code    48  stm32l0xx_hal_rcc.o(i.__ARM_common_ll_muluu)
    main                                     0x08001abd   Thumb Code   118  main.o(i.main)
    AHBPrescTable                            0x08001b48   Data          16  system_stm32l0xx.o(.constdata)
    PLLMulTable                              0x08001b58   Data           9  system_stm32l0xx.o(.constdata)
    Region$$Table$$Base                      0x08001b64   Number         0  anon$$obj.o(Region$$Table)
    Region$$Table$$Limit                     0x08001b84   Number         0  anon$$obj.o(Region$$Table)
    button_is_pressed                        0x20000000   Data           1  main.o(.data)
    button_was_pressed                       0x20000001   Data           1  main.o(.data)
    state                                    0x20000002   Data           1  main.o(.data)
    button_pressed_time_tmp                  0x20000004   Data           4  main.o(.data)
    button_pressed_time                      0x20000008   Data           4  main.o(.data)
    timer_cnt                                0x2000000c   Data           4  main.o(.data)
    timer_arr                                0x20000010   Data           4  main.o(.data)
    flag_it                                  0x20000014   Data           1  main.o(.data)
    uwTickFreq                               0x20000018   Data           1  stm32l0xx_hal.o(.data)
    uwTickPrio                               0x2000001c   Data           4  stm32l0xx_hal.o(.data)
    uwTick                                   0x20000020   Data           4  stm32l0xx_hal.o(.data)
    SystemCoreClock                          0x20000024   Data           4  system_stm32l0xx.o(.data)
    hi2c1                                    0x20000028   Data          76  i2c.o(.bss)
    hlptim1                                  0x20000074   Data          48  lptim.o(.bss)
    hrtc                                     0x200000a4   Data          36  rtc.o(.bss)
    __libspace_start                         0x200000c8   Data          96  libspace.o(.bss)
    __temporary_stack_top$libspace           0x20000128   Data           0  libspace.o(.bss)



==============================================================================

Memory Map of the image

  Image Entry point : 0x080000c1

  Load Region LR_IROM1 (Base: 0x08000000, Size: 0x00001bac, Max: 0x00008000, ABSOLUTE)

    Execution Region ER_IROM1 (Exec base: 0x08000000, Load base: 0x08000000, Size: 0x00001b84, Max: 0x00008000, ABSOLUTE)

    Exec Addr    Load Addr    Size         Type   Attr      Idx    E Section Name        Object

    0x08000000   0x08000000   0x000000c0   Data   RO            3    RESET               startup_stm32l031xx.o
    0x080000c0   0x080000c0   0x00000008   Code   RO         3626  * !!!main             c_p.l(__main.o)
    0x080000c8   0x080000c8   0x0000003c   Code   RO         3827    !!!scatter          c_p.l(__scatter.o)
    0x08000104   0x08000104   0x0000001a   Code   RO         3829    !!handler_copy      c_p.l(__scatter_copy.o)
    0x0800011e   0x0800011e   0x00000002   PAD
    0x08000120   0x08000120   0x0000001c   Code   RO         3831    !!handler_zi        c_p.l(__scatter_zi.o)
    0x0800013c   0x0800013c   0x00000002   Code   RO         3692    .ARM.Collect$$libinit$$00000000  c_p.l(libinit.o)
    0x0800013e   0x0800013e   0x00000000   Code   RO         3708    .ARM.Collect$$libinit$$00000002  c_p.l(libinit2.o)
    0x0800013e   0x0800013e   0x00000000   Code   RO         3710    .ARM.Collect$$libinit$$00000004  c_p.l(libinit2.o)
    0x0800013e   0x0800013e   0x00000000   Code   RO         3713    .ARM.Collect$$libinit$$0000000A  c_p.l(libinit2.o)
    0x0800013e   0x0800013e   0x00000000   Code   RO         3715    .ARM.Collect$$libinit$$0000000C  c_p.l(libinit2.o)
    0x0800013e   0x0800013e   0x00000000   Code   RO         3717    .ARM.Collect$$libinit$$0000000E  c_p.l(libinit2.o)
    0x0800013e   0x0800013e   0x00000000   Code   RO         3720    .ARM.Collect$$libinit$$00000011  c_p.l(libinit2.o)
    0x0800013e   0x0800013e   0x00000000   Code   RO         3722    .ARM.Collect$$libinit$$00000013  c_p.l(libinit2.o)
    0x0800013e   0x0800013e   0x00000000   Code   RO         3724    .ARM.Collect$$libinit$$00000015  c_p.l(libinit2.o)
    0x0800013e   0x0800013e   0x00000000   Code   RO         3726    .ARM.Collect$$libinit$$00000017  c_p.l(libinit2.o)
    0x0800013e   0x0800013e   0x00000000   Code   RO         3728    .ARM.Collect$$libinit$$00000019  c_p.l(libinit2.o)
    0x0800013e   0x0800013e   0x00000000   Code   RO         3730    .ARM.Collect$$libinit$$0000001B  c_p.l(libinit2.o)
    0x0800013e   0x0800013e   0x00000000   Code   RO         3732    .ARM.Collect$$libinit$$0000001D  c_p.l(libinit2.o)
    0x0800013e   0x0800013e   0x00000000   Code   RO         3734    .ARM.Collect$$libinit$$0000001F  c_p.l(libinit2.o)
    0x0800013e   0x0800013e   0x00000000   Code   RO         3736    .ARM.Collect$$libinit$$00000021  c_p.l(libinit2.o)
    0x0800013e   0x0800013e   0x00000000   Code   RO         3738    .ARM.Collect$$libinit$$00000023  c_p.l(libinit2.o)
    0x0800013e   0x0800013e   0x00000000   Code   RO         3740    .ARM.Collect$$libinit$$00000025  c_p.l(libinit2.o)
    0x0800013e   0x0800013e   0x00000000   Code   RO         3744    .ARM.Collect$$libinit$$0000002C  c_p.l(libinit2.o)
    0x0800013e   0x0800013e   0x00000000   Code   RO         3746    .ARM.Collect$$libinit$$0000002E  c_p.l(libinit2.o)
    0x0800013e   0x0800013e   0x00000000   Code   RO         3748    .ARM.Collect$$libinit$$00000030  c_p.l(libinit2.o)
    0x0800013e   0x0800013e   0x00000000   Code   RO         3750    .ARM.Collect$$libinit$$00000032  c_p.l(libinit2.o)
    0x0800013e   0x0800013e   0x00000002   Code   RO         3751    .ARM.Collect$$libinit$$00000033  c_p.l(libinit2.o)
    0x08000140   0x08000140   0x00000002   Code   RO         3782    .ARM.Collect$$libshutdown$$00000000  c_p.l(libshutdown.o)
    0x08000142   0x08000142   0x00000000   Code   RO         3808    .ARM.Collect$$libshutdown$$00000002  c_p.l(libshutdown2.o)
    0x08000142   0x08000142   0x00000000   Code   RO         3810    .ARM.Collect$$libshutdown$$00000004  c_p.l(libshutdown2.o)
    0x08000142   0x08000142   0x00000000   Code   RO         3812    .ARM.Collect$$libshutdown$$00000006  c_p.l(libshutdown2.o)
    0x08000142   0x08000142   0x00000000   Code   RO         3815    .ARM.Collect$$libshutdown$$00000009  c_p.l(libshutdown2.o)
    0x08000142   0x08000142   0x00000000   Code   RO         3818    .ARM.Collect$$libshutdown$$0000000C  c_p.l(libshutdown2.o)
    0x08000142   0x08000142   0x00000000   Code   RO         3820    .ARM.Collect$$libshutdown$$0000000E  c_p.l(libshutdown2.o)
    0x08000142   0x08000142   0x00000000   Code   RO         3823    .ARM.Collect$$libshutdown$$00000011  c_p.l(libshutdown2.o)
    0x08000142   0x08000142   0x00000002   Code   RO         3824    .ARM.Collect$$libshutdown$$00000012  c_p.l(libshutdown2.o)
    0x08000144   0x08000144   0x00000000   Code   RO         3645    .ARM.Collect$$rtentry$$00000000  c_p.l(__rtentry.o)
    0x08000144   0x08000144   0x00000000   Code   RO         3658    .ARM.Collect$$rtentry$$00000002  c_p.l(__rtentry2.o)
    0x08000144   0x08000144   0x00000006   Code   RO         3670    .ARM.Collect$$rtentry$$00000004  c_p.l(__rtentry4.o)
    0x0800014a   0x0800014a   0x00000000   Code   RO         3660    .ARM.Collect$$rtentry$$00000009  c_p.l(__rtentry2.o)
    0x0800014a   0x0800014a   0x00000004   Code   RO         3661    .ARM.Collect$$rtentry$$0000000A  c_p.l(__rtentry2.o)
    0x0800014e   0x0800014e   0x00000000   Code   RO         3663    .ARM.Collect$$rtentry$$0000000C  c_p.l(__rtentry2.o)
    0x0800014e   0x0800014e   0x00000008   Code   RO         3664    .ARM.Collect$$rtentry$$0000000D  c_p.l(__rtentry2.o)
    0x08000156   0x08000156   0x00000002   Code   RO         3699    .ARM.Collect$$rtexit$$00000000  c_p.l(rtexit.o)
    0x08000158   0x08000158   0x00000000   Code   RO         3755    .ARM.Collect$$rtexit$$00000002  c_p.l(rtexit2.o)
    0x08000158   0x08000158   0x00000004   Code   RO         3756    .ARM.Collect$$rtexit$$00000003  c_p.l(rtexit2.o)
    0x0800015c   0x0800015c   0x00000006   Code   RO         3757    .ARM.Collect$$rtexit$$00000004  c_p.l(rtexit2.o)
    0x08000162   0x08000162   0x00000002   PAD
    0x08000164   0x08000164   0x00000038   Code   RO            4    .text               startup_stm32l031xx.o
    0x0800019c   0x0800019c   0x00000102   Code   RO         3616    .text               c_p.l(lludiv.o)
    0x0800029e   0x0800029e   0x00000040   Code   RO         3618    .text               c_p.l(rt_memclr.o)
    0x080002de   0x080002de   0x0000015a   Code   RO         3620    .text               c_p.l(aeabi_sdiv.o)
    0x08000438   0x08000438   0x00000006   Code   RO         3624    .text               c_p.l(heapauxi.o)
    0x0800043e   0x0800043e   0x0000003e   Code   RO         3678    .text               c_p.l(sys_stackheap_outer.o)
    0x0800047c   0x0800047c   0x00000010   Code   RO         3681    .text               c_p.l(exit.o)
    0x0800048c   0x0800048c   0x00000008   Code   RO         3695    .text               c_p.l(libspace.o)
    0x08000494   0x08000494   0x0000000c   Code   RO         3752    .text               c_p.l(sys_exit.o)
    0x080004a0   0x080004a0   0x00000002   Code   RO         3771    .text               c_p.l(use_no_semi.o)
    0x080004a2   0x080004a2   0x00000000   Code   RO         3773    .text               c_p.l(indicate_semi.o)
    0x080004a2   0x080004a2   0x0000000a   Code   RO          455    i.EXTI2_3_IRQHandler  stm32l0xx_it.o
    0x080004ac   0x080004ac   0x00000004   Code   RO          262    i.Error_Handler     main.o
    0x080004b0   0x080004b0   0x00000050   Code   RO          263    i.HAL_GPIO_EXTI_Callback  main.o
    0x08000500   0x08000500   0x00000018   Code   RO         1674    i.HAL_GPIO_EXTI_IRQHandler  stm32l0xx_hal_gpio.o
    0x08000518   0x08000518   0x000001a0   Code   RO         1675    i.HAL_GPIO_Init     stm32l0xx_hal_gpio.o
    0x080006b8   0x080006b8   0x0000000a   Code   RO         1677    i.HAL_GPIO_ReadPin  stm32l0xx_hal_gpio.o
    0x080006c2   0x080006c2   0x0000000c   Code   RO         1679    i.HAL_GPIO_WritePin  stm32l0xx_hal_gpio.o
    0x080006ce   0x080006ce   0x00000002   PAD
    0x080006d0   0x080006d0   0x0000000c   Code   RO         1068    i.HAL_GetTick       stm32l0xx_hal.o
    0x080006dc   0x080006dc   0x0000004a   Code   RO         1005    i.HAL_I2CEx_ConfigAnalogFilter  stm32l0xx_hal_i2c_ex.o
    0x08000726   0x08000726   0x00000048   Code   RO         1006    i.HAL_I2CEx_ConfigDigitalFilter  stm32l0xx_hal_i2c_ex.o
    0x0800076e   0x0800076e   0x00000002   PAD
    0x08000770   0x08000770   0x000000b4   Code   RO          558    i.HAL_I2C_Init      stm32l0xx_hal_i2c.o
    0x08000824   0x08000824   0x00000058   Code   RO          342    i.HAL_I2C_MspInit   i2c.o
    0x0800087c   0x0800087c   0x00000010   Code   RO         1074    i.HAL_IncTick       stm32l0xx_hal.o
    0x0800088c   0x0800088c   0x00000028   Code   RO         1075    i.HAL_Init          stm32l0xx_hal.o
    0x080008b4   0x080008b4   0x00000044   Code   RO         1076    i.HAL_InitTick      stm32l0xx_hal.o
    0x080008f8   0x080008f8   0x00000002   Code   RO         2159    i.HAL_LPTIM_AutoReloadMatchCallback  stm32l0xx_hal_lptim.o
    0x080008fa   0x080008fa   0x00000002   Code   RO         2160    i.HAL_LPTIM_AutoReloadWriteCallback  stm32l0xx_hal_lptim.o
    0x080008fc   0x080008fc   0x00000002   Code   RO         2161    i.HAL_LPTIM_CompareMatchCallback  stm32l0xx_hal_lptim.o
    0x080008fe   0x080008fe   0x00000002   Code   RO         2162    i.HAL_LPTIM_CompareWriteCallback  stm32l0xx_hal_lptim.o
    0x08000900   0x08000900   0x0000008c   Code   RO         2164    i.HAL_LPTIM_Counter_Start_IT  stm32l0xx_hal_lptim.o
    0x0800098c   0x0800098c   0x00000002   Code   RO         2168    i.HAL_LPTIM_DirectionDownCallback  stm32l0xx_hal_lptim.o
    0x0800098e   0x0800098e   0x00000002   Code   RO         2169    i.HAL_LPTIM_DirectionUpCallback  stm32l0xx_hal_lptim.o
    0x08000990   0x08000990   0x000000ca   Code   RO         2175    i.HAL_LPTIM_IRQHandler  stm32l0xx_hal_lptim.o
    0x08000a5a   0x08000a5a   0x00000002   PAD
    0x08000a5c   0x08000a5c   0x000000b0   Code   RO         2176    i.HAL_LPTIM_Init    stm32l0xx_hal_lptim.o
    0x08000b0c   0x08000b0c   0x00000030   Code   RO          380    i.HAL_LPTIM_MspInit  lptim.o
    0x08000b3c   0x08000b3c   0x00000006   Code   RO         2187    i.HAL_LPTIM_ReadAutoReload  stm32l0xx_hal_lptim.o
    0x08000b42   0x08000b42   0x00000006   Code   RO         2189    i.HAL_LPTIM_ReadCounter  stm32l0xx_hal_lptim.o
    0x08000b48   0x08000b48   0x00000002   Code   RO         2198    i.HAL_LPTIM_TriggerCallback  stm32l0xx_hal_lptim.o
    0x08000b4a   0x08000b4a   0x00000002   PAD
    0x08000b4c   0x08000b4c   0x00000030   Code   RO          527    i.HAL_MspInit       stm32l0xx_hal_msp.o
    0x08000b7c   0x08000b7c   0x00000018   Code   RO         1999    i.HAL_NVIC_EnableIRQ  stm32l0xx_hal_cortex.o
    0x08000b94   0x08000b94   0x00000008   Code   RO         2003    i.HAL_NVIC_SetPriority  stm32l0xx_hal_cortex.o
    0x08000b9c   0x08000b9c   0x00000068   Code   RO         1825    i.HAL_PWR_ConfigPVD  stm32l0xx_hal_pwr.o
    0x08000c04   0x08000c04   0x00000010   Code   RO         1833    i.HAL_PWR_EnablePVD  stm32l0xx_hal_pwr.o
    0x08000c14   0x08000c14   0x00000002   Code   RO         1840    i.HAL_PWR_PVDCallback  stm32l0xx_hal_pwr.o
    0x08000c16   0x08000c16   0x00000002   PAD
    0x08000c18   0x08000c18   0x0000001c   Code   RO         1841    i.HAL_PWR_PVD_IRQHandler  stm32l0xx_hal_pwr.o
    0x08000c34   0x08000c34   0x00000150   Code   RO         1362    i.HAL_RCCEx_PeriphCLKConfig  stm32l0xx_hal_rcc_ex.o
    0x08000d84   0x08000d84   0x0000019c   Code   RO         1262    i.HAL_RCC_ClockConfig  stm32l0xx_hal_rcc.o
    0x08000f20   0x08000f20   0x00000078   Code   RO         1270    i.HAL_RCC_GetSysClockFreq  stm32l0xx_hal_rcc.o
    0x08000f98   0x08000f98   0x00000432   Code   RO         1273    i.HAL_RCC_OscConfig  stm32l0xx_hal_rcc.o
    0x080013ca   0x080013ca   0x00000002   PAD
    0x080013cc   0x080013cc   0x000000f8   Code   RO         2614    i.HAL_RTCEx_SetWakeUpTimer_IT  stm32l0xx_hal_rtc_ex.o
    0x080014c4   0x080014c4   0x00000002   Code   RO         2620    i.HAL_RTCEx_WakeUpTimerEventCallback  stm32l0xx_hal_rtc_ex.o
    0x080014c6   0x080014c6   0x00000002   PAD
    0x080014c8   0x080014c8   0x00000038   Code   RO         2621    i.HAL_RTCEx_WakeUpTimerIRQHandler  stm32l0xx_hal_rtc_ex.o
    0x08001500   0x08001500   0x000000bc   Code   RO         2437    i.HAL_RTC_Init      stm32l0xx_hal_rtc.o
    0x080015bc   0x080015bc   0x00000030   Code   RO          418    i.HAL_RTC_MspInit   rtc.o
    0x080015ec   0x080015ec   0x00000034   Code   RO         2445    i.HAL_RTC_WaitForSynchro  stm32l0xx_hal_rtc.o
    0x08001620   0x08001620   0x00000030   Code   RO         2007    i.HAL_SYSTICK_Config  stm32l0xx_hal_cortex.o
    0x08001650   0x08001650   0x00000002   Code   RO          456    i.HardFault_Handler  stm32l0xx_it.o
    0x08001652   0x08001652   0x00000002   PAD
    0x08001654   0x08001654   0x00000024   Code   RO          457    i.LPTIM1_IRQHandler  stm32l0xx_it.o
    0x08001678   0x08001678   0x000000e0   Code   RO         2199    i.LPTIM_Disable     stm32l0xx_hal_lptim.o
    0x08001758   0x08001758   0x00000038   Code   RO         2200    i.LPTIM_WaitForFlag  stm32l0xx_hal_lptim.o
    0x08001790   0x08001790   0x000000d4   Code   RO          321    i.MX_GPIO_Init      gpio.o
    0x08001864   0x08001864   0x00000054   Code   RO          343    i.MX_I2C1_Init      i2c.o
    0x080018b8   0x080018b8   0x00000038   Code   RO          381    i.MX_LPTIM1_Init    lptim.o
    0x080018f0   0x080018f0   0x00000044   Code   RO          419    i.MX_RTC_Init       rtc.o
    0x08001934   0x08001934   0x00000002   Code   RO          458    i.NMI_Handler       stm32l0xx_it.o
    0x08001936   0x08001936   0x00000002   PAD
    0x08001938   0x08001938   0x00000024   Code   RO          459    i.PVD_IRQHandler    stm32l0xx_it.o
    0x0800195c   0x0800195c   0x00000002   Code   RO          460    i.PendSV_Handler    stm32l0xx_it.o
    0x0800195e   0x0800195e   0x00000038   Code   RO         2448    i.RTC_EnterInitMode  stm32l0xx_hal_rtc.o
    0x08001996   0x08001996   0x00000002   PAD
    0x08001998   0x08001998   0x00000010   Code   RO          461    i.RTC_IRQHandler    stm32l0xx_it.o
    0x080019a8   0x080019a8   0x00000002   Code   RO          462    i.SVC_Handler       stm32l0xx_it.o
    0x080019aa   0x080019aa   0x00000008   Code   RO          463    i.SysTick_Handler   stm32l0xx_it.o
    0x080019b2   0x080019b2   0x00000002   PAD
    0x080019b4   0x080019b4   0x00000090   Code   RO          264    i.SystemClock_Config  main.o
    0x08001a44   0x08001a44   0x00000002   Code   RO         2840    i.SystemInit        system_stm32l0xx.o
    0x08001a46   0x08001a46   0x00000030   Code   RO         1347    i.__ARM_common_ll_muluu  stm32l0xx_hal_rcc.o
    0x08001a76   0x08001a76   0x00000002   PAD
    0x08001a78   0x08001a78   0x00000044   Code   RO         2009    i.__NVIC_SetPriority  stm32l0xx_hal_cortex.o
    0x08001abc   0x08001abc   0x0000008c   Code   RO          265    i.main              main.o
    0x08001b48   0x08001b48   0x00000019   Data   RO         2841    .constdata          system_stm32l0xx.o
    0x08001b61   0x08001b61   0x00000003   PAD
    0x08001b64   0x08001b64   0x00000020   Data   RO         3825    Region$$Table       anon$$obj.o


    Execution Region RW_IRAM1 (Exec base: 0x20000000, Load base: 0x08001b84, Size: 0x00000728, Max: 0x00002000, ABSOLUTE)

    Exec Addr    Load Addr    Size         Type   Attr      Idx    E Section Name        Object

    0x20000000   0x08001b84   0x00000014   Data   RW          266    .data               main.o
    0x20000014   0x08001b98   0x00000001   Data   RW          268    .data               main.o
    0x20000015   0x08001b99   0x00000003   PAD
    0x20000018   0x08001b9c   0x0000000c   Data   RW         1086    .data               stm32l0xx_hal.o
    0x20000024   0x08001ba8   0x00000004   Data   RW         2843    .data               system_stm32l0xx.o
    0x20000028        -       0x0000004c   Zero   RW          344    .bss                i2c.o
    0x20000074        -       0x00000030   Zero   RW          382    .bss                lptim.o
    0x200000a4        -       0x00000024   Zero   RW          420    .bss                rtc.o
    0x200000c8        -       0x00000060   Zero   RW         3696    .bss                c_p.l(libspace.o)
    0x20000128        -       0x00000200   Zero   RW            2    HEAP                startup_stm32l031xx.o
    0x20000328        -       0x00000400   Zero   RW            1    STACK               startup_stm32l031xx.o


==============================================================================

Image component sizes


      Code (inc. data)   RO Data    RW Data    ZI Data      Debug   Object Name

       212         12          0          0          0        975   gpio.o
       172         16          0          0         76       1645   i2c.o
       104         24          0          0         48       1519   lptim.o
       368         30          0         21          0       3580   main.o
       116         16          0          0         36       1495   rtc.o
         0          0          0          0          0     305316   sequencies.o
        56         26        192          0       1536        652   startup_stm32l031xx.o
       136         24          0         12          0       7725   stm32l0xx_hal.o
       148         24          0          0          0      10569   stm32l0xx_hal_cortex.o
       462         30          0          0          0       3366   stm32l0xx_hal_gpio.o
       180          4          0          0          0       2855   stm32l0xx_hal_i2c.o
       146          0          0          0          0       1935   stm32l0xx_hal_i2c_ex.o
       824         38          0          0          0       9537   stm32l0xx_hal_lptim.o
        48          8          0          0          0        510   stm32l0xx_hal_msp.o
       150         20          0          0          0       2691   stm32l0xx_hal_pwr.o
      1654         66          0          0          0       4622   stm32l0xx_hal_rcc.o
       336         12          0          0          0       1436   stm32l0xx_hal_rcc_ex.o
       296          4          0          0          0       2840   stm32l0xx_hal_rtc.o
       306         18          0          0          0       3249   stm32l0xx_hal_rtc_ex.o
       114         20          0          0          0       4122   stm32l0xx_it.o
         2          0         25          4          0       1207   system_stm32l0xx.o

    ----------------------------------------------------------------------
      5854        392        252         40       1696     371846   Object Totals
         0          0         32          0          0          0   (incl. Generated)
        24          0          3          3          0          0   (incl. Padding)

    ----------------------------------------------------------------------

      Code (inc. data)   RO Data    RW Data    ZI Data      Debug   Library Member Name

         8          0          0          0          0         68   __main.o
         0          0          0          0          0          0   __rtentry.o
        12          0          0          0          0          0   __rtentry2.o
         6          0          0          0          0          0   __rtentry4.o
        60          8          0          0          0          0   __scatter.o
        26          0          0          0          0          0   __scatter_copy.o
        28          0          0          0          0          0   __scatter_zi.o
       346          0          0          0          0         92   aeabi_sdiv.o
        16          0          0          0          0         68   exit.o
         6          0          0          0          0        136   heapauxi.o
         0          0          0          0          0          0   indicate_semi.o
         2          0          0          0          0          0   libinit.o
         2          0          0          0          0          0   libinit2.o
         2          0          0          0          0          0   libshutdown.o
         2          0          0          0          0          0   libshutdown2.o
         8          4          0          0         96         68   libspace.o
       258          0          0          0          0         88   lludiv.o
        64          0          0          0          0        108   rt_memclr.o
         2          0          0          0          0          0   rtexit.o
        10          0          0          0          0          0   rtexit2.o
        12          4          0          0          0         60   sys_exit.o
        62          0          0          0          0         80   sys_stackheap_outer.o
         2          0          0          0          0         68   use_no_semi.o

    ----------------------------------------------------------------------
       938         16          0          0         96        836   Library Totals
         4          0          0          0          0          0   (incl. Padding)

    ----------------------------------------------------------------------

      Code (inc. data)   RO Data    RW Data    ZI Data      Debug   Library Name

       934         16          0          0         96        836   c_p.l

    ----------------------------------------------------------------------
       938         16          0          0         96        836   Library Totals

    ----------------------------------------------------------------------

==============================================================================


      Code (inc. data)   RO Data    RW Data    ZI Data      Debug   

      6792        408        252         40       1792     369722   Grand Totals
      6792        408        252         40       1792     369722   ELF Image Totals
      6792        408        252         40          0          0   ROM Totals

==============================================================================

    Total RO  Size (Code + RO Data)                 7044 (   6.88kB)
    Total RW  Size (RW Data + ZI Data)              1832 (   1.79kB)
    Total ROM Size (Code + RO Data + RW Data)       7084 (   6.92kB)

==============================================================================

