Component: ARM Compiler 5.06 update 7 (build 960) Tool: armlink [4d3601]

==============================================================================

Section Cross References

    startup_stm32l031xx.o(STACK) refers (Special) to heapauxi.o(.text) for __use_two_region_memory
    startup_stm32l031xx.o(HEAP) refers (Special) to heapauxi.o(.text) for __use_two_region_memory
    startup_stm32l031xx.o(RESET) refers (Special) to heapauxi.o(.text) for __use_two_region_memory
    startup_stm32l031xx.o(RESET) refers to startup_stm32l031xx.o(STACK) for __initial_sp
    startup_stm32l031xx.o(RESET) refers to startup_stm32l031xx.o(.text) for Reset_Handler
    startup_stm32l031xx.o(RESET) refers to stm32l0xx_it.o(i.NMI_Handler) for NMI_Handler
    startup_stm32l031xx.o(RESET) refers to stm32l0xx_it.o(i.HardFault_Handler) for HardFault_Handler
    startup_stm32l031xx.o(RESET) refers to stm32l0xx_it.o(i.SVC_Handler) for SVC_Handler
    startup_stm32l031xx.o(RESET) refers to stm32l0xx_it.o(i.PendSV_Handler) for PendSV_Handler
    startup_stm32l031xx.o(RESET) refers to stm32l0xx_it.o(i.SysTick_Handler) for SysTick_Handler
    startup_stm32l031xx.o(RESET) refers to stm32l0xx_it.o(i.PVD_IRQHandler) for PVD_IRQHandler
    startup_stm32l031xx.o(RESET) refers to stm32l0xx_it.o(i.EXTI2_3_IRQHandler) for EXTI2_3_IRQHandler
    startup_stm32l031xx.o(.text) refers (Special) to heapauxi.o(.text) for __use_two_region_memory
    startup_stm32l031xx.o(.text) refers to system_stm32l0xx.o(i.SystemInit) for SystemInit
    startup_stm32l031xx.o(.text) refers to __main.o(!!!main) for __main
    startup_stm32l031xx.o(.text) refers to startup_stm32l031xx.o(HEAP) for Heap_Mem
    startup_stm32l031xx.o(.text) refers to startup_stm32l031xx.o(STACK) for Stack_Mem
    sequencies.o(i.Get_Current_Sequency) refers to sequencies.o(.data) for .data
    sequencies.o(i.Get_Number_of_Sequencies) refers to sequencies.o(.data) for .data
    sequencies.o(i.Is_Sequency_Running) refers to sequencies.o(.data) for .data
    sequencies.o(i.Run_Current_Sequency) refers to tca6416a.o(i.TCA6416A_Disable_All_LEDs) for TCA6416A_Disable_All_LEDs
    sequencies.o(i.Run_Current_Sequency) refers to sequencies.o(i.__ARM_common_switch8) for __ARM_common_switch8
    sequencies.o(i.Run_Current_Sequency) refers to tca6416a.o(i.TCA6416A_Write) for TCA6416A_Write
    sequencies.o(i.Run_Current_Sequency) refers to stm32l0xx_hal.o(i.HAL_Delay) for HAL_Delay
    sequencies.o(i.Run_Current_Sequency) refers to tca6416a.o(i.TCA6416A_Enable_All_LEDs) for TCA6416A_Enable_All_LEDs
    sequencies.o(i.Run_Current_Sequency) refers to sequencies.o(i.Set_Sequency) for Set_Sequency
    sequencies.o(i.Run_Current_Sequency) refers to sequencies.o(.data) for .data
    sequencies.o(i.Sequency_Initialization) refers to sequencies.o(.data) for .data
    sequencies.o(i.Set_Sequency) refers to sequencies.o(.data) for .data
    main.o(i.HAL_GPIO_EXTI_Callback) refers to stm32l0xx_hal_gpio.o(i.HAL_GPIO_ReadPin) for HAL_GPIO_ReadPin
    main.o(i.HAL_GPIO_EXTI_Callback) refers to stm32l0xx_hal.o(i.HAL_GetTick) for HAL_GetTick
    main.o(i.HAL_GPIO_EXTI_Callback) refers to rand.o(.text) for srand
    main.o(i.HAL_GPIO_EXTI_Callback) refers to rand.o(.emb_text) for rand
    main.o(i.HAL_GPIO_EXTI_Callback) refers to aeabi_sdiv.o(.text) for __aeabi_idivmod
    main.o(i.HAL_GPIO_EXTI_Callback) refers to main.o(.data) for .data
    main.o(i.SystemClock_Config) refers to rt_memclr.o(.text) for __aeabi_memclr4
    main.o(i.SystemClock_Config) refers to stm32l0xx_hal_rcc.o(i.HAL_RCC_OscConfig) for HAL_RCC_OscConfig
    main.o(i.SystemClock_Config) refers to stm32l0xx_hal_rcc.o(i.HAL_RCC_ClockConfig) for HAL_RCC_ClockConfig
    main.o(i.SystemClock_Config) refers to stm32l0xx_hal_rcc_ex.o(i.HAL_RCCEx_PeriphCLKConfig) for HAL_RCCEx_PeriphCLKConfig
    main.o(i.main) refers to stm32l0xx_hal.o(i.HAL_Init) for HAL_Init
    main.o(i.main) refers to main.o(i.SystemClock_Config) for SystemClock_Config
    main.o(i.main) refers to gpio.o(i.MX_GPIO_Init) for MX_GPIO_Init
    main.o(i.main) refers to i2c.o(i.MX_I2C1_Init) for MX_I2C1_Init
    main.o(i.main) refers to stm32l0xx_hal_cortex.o(i.HAL_NVIC_SetPriority) for HAL_NVIC_SetPriority
    main.o(i.main) refers to stm32l0xx_hal_cortex.o(i.HAL_NVIC_EnableIRQ) for HAL_NVIC_EnableIRQ
    main.o(i.main) refers to stm32l0xx_hal_pwr.o(i.HAL_PWR_ConfigPVD) for HAL_PWR_ConfigPVD
    main.o(i.main) refers to stm32l0xx_hal_pwr.o(i.HAL_PWR_EnablePVD) for HAL_PWR_EnablePVD
    main.o(i.main) refers to system_stm32l0xx.o(i.SystemCoreClockUpdate) for SystemCoreClockUpdate
    main.o(i.main) refers to tca6416a.o(i.TCA6416A_Initialization) for TCA6416A_Initialization
    main.o(i.main) refers to tca6416a.o(i.TCA6416A_Disable_All_LEDs) for TCA6416A_Disable_All_LEDs
    main.o(i.main) refers to sequencies.o(i.Sequency_Initialization) for Sequency_Initialization
    main.o(i.main) refers to sequencies.o(i.Set_Sequency) for Set_Sequency
[...]
    Removing lis3dh_reg.o(i.lis3dh_int1_pin_notification_mode_get), (36 bytes).
    Removing lis3dh_reg.o(i.lis3dh_int1_pin_notification_mode_set), (52 bytes).
    Removing lis3dh_reg.o(i.lis3dh_int2_gen_conf_get), (14 bytes).
    Removing lis3dh_reg.o(i.lis3dh_int2_gen_conf_set), (14 bytes).
    Removing lis3dh_reg.o(i.lis3dh_int2_gen_duration_get), (26 bytes).
    Removing lis3dh_reg.o(i.lis3dh_int2_gen_duration_set), (52 bytes).
    Removing lis3dh_reg.o(i.lis3dh_int2_gen_source_get), (14 bytes).
    Removing lis3dh_reg.o(i.lis3dh_int2_gen_threshold_get), (26 bytes).
    Removing lis3dh_reg.o(i.lis3dh_int2_gen_threshold_set), (52 bytes).
    Removing lis3dh_reg.o(i.lis3dh_int2_pin_detect_4d_get), (26 bytes).
    Removing lis3dh_reg.o(i.lis3dh_int2_pin_detect_4d_set), (52 bytes).
    Removing lis3dh_reg.o(i.lis3dh_int2_pin_notification_mode_get), (36 bytes).
    Removing lis3dh_reg.o(i.lis3dh_int2_pin_notification_mode_set), (52 bytes).
    Removing lis3dh_reg.o(i.lis3dh_operating_mode_get), (62 bytes).
    Removing lis3dh_reg.o(i.lis3dh_pin_int2_config_get), (14 bytes).
    Removing lis3dh_reg.o(i.lis3dh_pin_int2_config_set), (14 bytes).
    Removing lis3dh_reg.o(i.lis3dh_pin_sdo_sa0_mode_get), (34 bytes).
    Removing lis3dh_reg.o(i.lis3dh_pin_sdo_sa0_mode_set), (50 bytes).
    Removing lis3dh_reg.o(i.lis3dh_quiet_dur_get), (22 bytes).
    Removing lis3dh_reg.o(i.lis3dh_self_test_get), (48 bytes).
    Removing lis3dh_reg.o(i.lis3dh_self_test_set), (52 bytes).
    Removing lis3dh_reg.o(i.lis3dh_shock_dur_get), (26 bytes).
    Removing lis3dh_reg.o(i.lis3dh_spi_mode_get), (36 bytes).
    Removing lis3dh_reg.o(i.lis3dh_spi_mode_set), (52 bytes).
    Removing lis3dh_reg.o(i.lis3dh_status_get), (14 bytes).
    Removing lis3dh_reg.o(i.lis3dh_tap_notification_mode_get), (34 bytes).
    Removing lis3dh_reg.o(i.lis3dh_tap_notification_mode_set), (50 bytes).
    Removing lis3dh_reg.o(i.lis3dh_tap_threshold_get), (26 bytes).
    Removing lis3dh_reg.o(i.lis3dh_temp_data_ovr_get), (26 bytes).
    Removing lis3dh_reg.o(i.lis3dh_temp_status_reg_get), (14 bytes).
    Removing lis3dh_reg.o(i.lis3dh_temperature_raw_get), (32 bytes).
    Removing lis3dh_reg.o(i.lis3dh_xl_data_ovr_get), (24 bytes).
    Removing tca6416a.o(.rev16_text), (4 bytes).
    Removing tca6416a.o(.revsh_text), (4 bytes).
    Removing tca6416a.o(i.TCA6416A_Read), (2 bytes).

351 unused section(s) (total 19516 bytes) removed from the image.

==============================================================================

Image Symbol Table

    Local Symbols

    Symbol Name                              Value     Ov Type        Size  Object(Section)

    ../Core/Src/gpio.c                       0x00000000   Number         0  gpio.o ABSOLUTE
    ../Core/Src/i2c.c                        0x00000000   Number         0  i2c.o ABSOLUTE
    ../Core/Src/main.c                       0x00000000   Number         0  main.o ABSOLUTE
    ../Core/Src/stm32l0xx_hal_msp.c          0x00000000   Number         0  stm32l0xx_hal_msp.o ABSOLUTE
    ../Core/Src/stm32l0xx_it.c               0x00000000   Number         0  stm32l0xx_it.o ABSOLUTE
    ../Core/Src/system_stm32l0xx.c           0x00000000   Number         0  system_stm32l0xx.o ABSOLUTE
    ../Drivers/STM32L0xx_HAL_Driver/Src/stm32l0xx_hal.c 0x00000000   Number         0  stm32l0xx_hal.o ABSOLUTE
    ../Drivers/STM32L0xx_HAL_Driver/Src/stm32l0xx_hal_cortex.c 0x00000000   Number         0  stm32l0xx_hal_cortex.o ABSOLUTE
    ../Drivers/STM32L0xx_HAL_Driver/Src/stm32l0xx_hal_dma.c 0x00000000   Number         0  stm32l0xx_hal_dma.o ABSOLUTE
    ../Drivers/STM32L0xx_HAL_Driver/Src/stm32l0xx_hal_exti.c 0x00000000   Number         0  stm32l0xx_hal_exti.o ABSOLUTE
    ../Drivers/STM32L0xx_HAL_Driver/Src/stm32l0xx_hal_flash.c 0x00000000   Number         0  stm32l0xx_hal_flash.o ABSOLUTE
    ../Drivers/STM32L0xx_HAL_Driver/Src/stm32l0xx_hal_flash_ex.c 0x00000000   Number         0  stm32l0xx_hal_flash_ex.o ABSOLUTE
    ../Drivers/STM32L0xx_HAL_Driver/Src/stm32l0xx_hal_flash_ramfunc.c 0x00000000   Number         0  stm32l0xx_hal_flash_ramfunc.o ABSOLUTE
    ../Drivers/STM32L0xx_HAL_Driver/Src/stm32l0xx_hal_gpio.c 0x00000000   Number         0  stm32l0xx_hal_gpio.o ABSOLUTE
    ../Drivers/STM32L0xx_HAL_Driver/Src/stm32l0xx_hal_i2c.c 0x00000000   Number         0  stm32l0xx_hal_i2c.o ABSOLUTE
    ../Drivers/STM32L0xx_HAL_Driver/Src/stm32l0xx_hal_i2c_ex.c 0x00000000   Number         0  stm32l0xx_hal_i2c_ex.o ABSOLUTE
    ../Drivers/STM32L0xx_HAL_Driver/Src/stm32l0xx_hal_pwr.c 0x00000000   Number         0  stm32l0xx_hal_pwr.o ABSOLUTE
    ../Drivers/STM32L0xx_HAL_Driver/Src/stm32l0xx_hal_pwr_ex.c 0x00000000   Number         0  stm32l0xx_hal_pwr_ex.o ABSOLUTE
    ../Drivers/STM32L0xx_HAL_Driver/Src/stm32l0xx_hal_rcc.c 0x00000000   Number         0  stm32l0xx_hal_rcc.o ABSOLUTE
    ../Drivers/STM32L0xx_HAL_Driver/Src/stm32l0xx_hal_rcc_ex.c 0x00000000   Number         0  stm32l0xx_hal_rcc_ex.o ABSOLUTE
    ../Drivers/STM32L0xx_HAL_Driver/Src/stm32l0xx_hal_tim.c 0x00000000   Number         0  stm32l0xx_hal_tim.o ABSOLUTE
    ../Drivers/STM32L0xx_HAL_Driver/Src/stm32l0xx_hal_tim_ex.c 0x00000000   Number         0  stm32l0xx_hal_tim_ex.o ABSOLUTE
    ../clib/angel/boardlib.s                 0x00000000   Number         0  boardinit1.o ABSOLUTE
    ../clib/angel/boardlib.s                 0x00000000   Number         0  boardinit2.o ABSOLUTE
    ../clib/angel/boardlib.s                 0x00000000   Number         0  boardshut.o ABSOLUTE
    ../clib/angel/boardlib.s                 0x00000000   Number         0  boardinit3.o ABSOLUTE
    ../clib/angel/handlers.s                 0x00000000   Number         0  __scatter_zi.o ABSOLUTE
    ../clib/angel/handlers.s                 0x00000000   Number         0  __scatter_copy.o ABSOLUTE
    ../clib/angel/kernel.s                   0x00000000   Number         0  rtexit.o ABSOLUTE
    ../clib/angel/kernel.s                   0x00000000   Number         0  rtexit2.o ABSOLUTE
    ../clib/angel/kernel.s                   0x00000000   Number         0  __rtentry2.o ABSOLUTE
    ../clib/angel/kernel.s                   0x00000000   Number         0  __rtentry.o ABSOLUTE
    ../clib/angel/kernel.s                   0x00000000   Number         0  __rtentry4.o ABSOLUTE
    ../clib/angel/rt.s                       0x00000000   Number         0  aeabi_ldiv0_sigfpe.o ABSOLUTE
    ../clib/angel/rt.s                       0x00000000   Number         0  aeabi_ldiv0.o ABSOLUTE
    ../clib/angel/rt.s                       0x00000000   Number         0  aeabi_idiv0_sigfpe.o ABSOLUTE
    ../clib/angel/rt.s                       0x00000000   Number         0  aeabi_idiv0.o ABSOLUTE
    ../clib/angel/rt.s                       0x00000000   Number         0  rt_raise.o ABSOLUTE
    ../clib/angel/rt.s                       0x00000000   Number         0  rt_div0.o ABSOLUTE
    ../clib/angel/rt.s                       0x00000000   Number         0  rt_errno_addr_intlibspace.o ABSOLUTE
    ../clib/angel/rt.s                       0x00000000   Number         0  rt_errno_addr.o ABSOLUTE
    ../clib/angel/scatterp.s                 0x00000000   Number         0  __scatter.o ABSOLUTE
    ../clib/angel/startup.s                  0x00000000   Number         0  __main.o ABSOLUTE
    ../clib/angel/sys.s                      0x00000000   Number         0  tempstk.o ABSOLUTE
    ../clib/angel/sys.s                      0x00000000   Number         0  libspace.o ABSOLUTE
    ../clib/angel/sys.s                      0x00000000   Number         0  indicate_semi.o ABSOLUTE
    ../clib/angel/sys.s                      0x00000000   Number         0  use_no_semi.o ABSOLUTE
    ../clib/angel/sys.s                      0x00000000   Number         0  sys_stackheap_outer.o ABSOLUTE
    ../clib/angel/sysapp.c                   0x00000000   Number         0  sys_command.o ABSOLUTE
    ../clib/angel/sysapp.c                   0x00000000   Number         0  sys_wrch.o ABSOLUTE
    ../clib/angel/sysapp.c                   0x00000000   Number         0  sys_exit.o ABSOLUTE
    ../clib/armsys.c                         0x00000000   Number         0  _get_argv_nomalloc.o ABSOLUTE
    ../clib/armsys.c                         0x00000000   Number         0  no_argv.o ABSOLUTE
    ../clib/armsys.c                         0x00000000   Number         0  argv_veneer.o ABSOLUTE
    ../clib/division.c                       0x00000000   Number         0  lludiv.o ABSOLUTE
    ../clib/division.s                       0x00000000   Number         0  aeabi_sdiv_div0.o ABSOLUTE
    ../clib/division.s                       0x00000000   Number         0  aeabi_sdiv.o ABSOLUTE
    ../clib/fenv.c                           0x00000000   Number         0  _rserrno.o ABSOLUTE
    ../clib/heapalloc.c                      0x00000000   Number         0  hrguard.o ABSOLUTE
    ../clib/heapaux.c                        0x00000000   Number         0  heapauxi.o ABSOLUTE
    ../clib/libinit.s                        0x00000000   Number         0  libinit2.o ABSOLUTE
    ../clib/libinit.s                        0x00000000   Number         0  libinit.o ABSOLUTE
    ../clib/libinit.s                        0x00000000   Number         0  libshutdown2.o ABSOLUTE
    ../clib/libinit.s                        0x00000000   Number         0  libshutdown.o ABSOLUTE
    ../clib/memcpset.c                       0x00000000   Number         0  rt_memclr.o ABSOLUTE
    ../clib/signal.c                         0x00000000   Number         0  defsig_cppl_inner.o ABSOLUTE
    ../clib/signal.c                         0x00000000   Number         0  defsig_fpe_formal.o ABSOLUTE
    ../clib/signal.c                         0x00000000   Number         0  defsig_fpe_outer.o ABSOLUTE
    ../clib/signal.c                         0x00000000   Number         0  defsig_segv_inner.o ABSOLUTE
    ../clib/signal.c                         0x00000000   Number         0  defsig_exit.o ABSOLUTE
    ../clib/signal.c                         0x00000000   Number         0  defsig_fpe_inner.o ABSOLUTE
    ../clib/signal.c                         0x00000000   Number         0  defsig_pvfn_inner.o ABSOLUTE
    ../clib/signal.c                         0x00000000   Number         0  defsig_stak_inner.o ABSOLUTE
    ../clib/signal.c                         0x00000000   Number         0  defsig_rtred_inner.o ABSOLUTE
    ../clib/signal.c                         0x00000000   Number         0  defsig_abrt_inner.o ABSOLUTE
    ../clib/signal.c                         0x00000000   Number         0  defsig_other.o ABSOLUTE
    ../clib/signal.c                         0x00000000   Number         0  defsig_rtmem_inner.o ABSOLUTE
    ../clib/signal.c                         0x00000000   Number         0  defsig_general.o ABSOLUTE
    ../clib/signal.c                         0x00000000   Number         0  defsig_rtmem_outer.o ABSOLUTE
    ../clib/signal.c                         0x00000000   Number         0  __raise.o ABSOLUTE
    ../clib/signal.c                         0x00000000   Number         0  defsig_rtmem_formal.o ABSOLUTE
    ../clib/signal.s                         0x00000000   Number         0  defsig.o ABSOLUTE
    ../clib/stdlib.c                         0x00000000   Number         0  exit.o ABSOLUTE
    ../clib/stdlib.c                         0x00000000   Number         0  rand.o ABSOLUTE
    ../clib/stdlib.c                         0x00000000   Number         0  rand.o ABSOLUTE
    ../fplib/cfplib/cmpret.c                 0x00000000   Number         0  cmpret.o ABSOLUTE
    ../fplib/cfplib/d2f.c                    0x00000000   Number         0  d2f.o ABSOLUTE
    ../fplib/cfplib/dcmpin.c                 0x00000000   Number         0  dcmpin.o ABSOLUTE
    ../fplib/cfplib/dsqrt.c                  0x00000000   Number         0  dsqrt.o ABSOLUTE
    ../fplib/cfplib/f2d.c                    0x00000000   Number         0  f2d.o ABSOLUTE
    ../fplib/cfplib/fcmpin.c                 0x00000000   Number         0  fcmpin.o ABSOLUTE
    ../fplib/cfplib/fdiv.c                   0x00000000   Number         0  fdiv.o ABSOLUTE
    ../fplib/cfplib/ffix.c                   0x00000000   Number         0  ffixui.o ABSOLUTE
    ../fplib/cfplib/fflt.c                   0x00000000   Number         0  fflti.o ABSOLUTE
    ../fplib/cfplib/fpinit.c                 0x00000000   Number         0  fpinit.o ABSOLUTE
    ../fplib/cfplib/nan2.c                   0x00000000   Number         0  dnan2.o ABSOLUTE
    ../fplib/cfplib/nan2.c                   0x00000000   Number         0  fnan2.o ABSOLUTE
    ../fplib/cfplib/retnan.c                 0x00000000   Number         0  retnan.o ABSOLUTE
    ../fplib/cfplib/scalbn.c                 0x00000000   Number         0  fscalbn.o ABSOLUTE
    ../fplib/dleqf6m.s                       0x00000000   Number         0  dlef.o ABSOLUTE
    ../fplib/faddsub6m.s                     0x00000000   Number         0  faddsub.o ABSOLUTE
    ../fplib/fmul6m.s                        0x00000000   Number         0  fmul.o ABSOLUTE
    ../fplib/frleqf6m.s                      0x00000000   Number         0  frlef.o ABSOLUTE
    ../fplib/usenofp.s                       0x00000000   Number         0  usenofp.o ABSOLUTE
    ../mathlib/sqrt.c                        0x00000000   Number         0  sqrt.o ABSOLUTE
    ../mathlib/sqrt.c                        0x00000000   Number         0  sqrt_x.o ABSOLUTE
    ..\Core\Src\gpio.c                       0x00000000   Number         0  gpio.o ABSOLUTE
    ..\Core\Src\i2c.c                        0x00000000   Number         0  i2c.o ABSOLUTE
    ..\Core\Src\main.c                       0x00000000   Number         0  main.o ABSOLUTE
    ..\Core\Src\sequencies.c                 0x00000000   Number         0  sequencies.o ABSOLUTE
    ..\Core\Src\stm32l0xx_hal_msp.c          0x00000000   Number         0  stm32l0xx_hal_msp.o ABSOLUTE
    ..\Core\Src\stm32l0xx_it.c               0x00000000   Number         0  stm32l0xx_it.o ABSOLUTE
    ..\Core\Src\system_stm32l0xx.c           0x00000000   Number         0  system_stm32l0xx.o ABSOLUTE
    ..\Drivers\LIS3DH\lis3dh_reg.c           0x00000000   Number         0  lis3dh_reg.o ABSOLUTE
    ..\Drivers\STM32L0xx_HAL_Driver\Src\stm32l0xx_hal.c 0x00000000   Number         0  stm32l0xx_hal.o ABSOLUTE
    ..\Drivers\STM32L0xx_HAL_Driver\Src\stm32l0xx_hal_cortex.c 0x00000000   Number         0  stm32l0xx_hal_cortex.o ABSOLUTE
    ..\Drivers\STM32L0xx_HAL_Driver\Src\stm32l0xx_hal_dma.c 0x00000000   Number         0  stm32l0xx_hal_dma.o ABSOLUTE
    ..\Drivers\STM32L0xx_HAL_Driver\Src\stm32l0xx_hal_exti.c 0x00000000   Number         0  stm32l0xx_hal_exti.o ABSOLUTE
    ..\Drivers\STM32L0xx_HAL_Driver\Src\stm32l0xx_hal_flash.c 0x00000000   Number         0  stm32l0xx_hal_flash.o ABSOLUTE
    ..\Drivers\STM32L0xx_HAL_Driver\Src\stm32l0xx_hal_flash_ex.c 0x00000000   Number         0  stm32l0xx_hal_flash_ex.o ABSOLUTE
    ..\Drivers\STM32L0xx_HAL_Driver\Src\stm32l0xx_hal_flash_ramfunc.c 0x00000000   Number         0  stm32l0xx_hal_flash_ramfunc.o ABSOLUTE
    ..\Drivers\STM32L0xx_HAL_Driver\Src\stm32l0xx_hal_gpio.c 0x00000000   Number         0  stm32l0xx_hal_gpio.o ABSOLUTE
    ..\Drivers\STM32L0xx_HAL_Driver\Src\stm32l0xx_hal_i2c.c 0x00000000   Number         0  stm32l0xx_hal_i2c.o ABSOLUTE
    ..\Drivers\STM32L0xx_HAL_Driver\Src\stm32l0xx_hal_i2c_ex.c 0x00000000   Number         0  stm32l0xx_hal_i2c_ex.o ABSOLUTE
    ..\Drivers\STM32L0xx_HAL_Driver\Src\stm32l0xx_hal_pwr.c 0x00000000   Number         0  stm32l0xx_hal_pwr.o ABSOLUTE
    ..\Drivers\STM32L0xx_HAL_Driver\Src\stm32l0xx_hal_pwr_ex.c 0x00000000   Number         0  stm32l0xx_hal_pwr_ex.o ABSOLUTE
    ..\Drivers\STM32L0xx_HAL_Driver\Src\stm32l0xx_hal_rcc.c 0x00000000   Number         0  stm32l0xx_hal_rcc.o ABSOLUTE
    ..\Drivers\STM32L0xx_HAL_Driver\Src\stm32l0xx_hal_rcc_ex.c 0x00000000   Number         0  stm32l0xx_hal_rcc_ex.o ABSOLUTE
    ..\Drivers\STM32L0xx_HAL_Driver\Src\stm32l0xx_hal_tim.c 0x00000000   Number         0  stm32l0xx_hal_tim.o ABSOLUTE
    ..\Drivers\STM32L0xx_HAL_Driver\Src\stm32l0xx_hal_tim_ex.c 0x00000000   Number         0  stm32l0xx_hal_tim_ex.o ABSOLUTE
    ..\Drivers\TCA6416A\tca6416a.c           0x00000000   Number         0  tca6416a.o ABSOLUTE
    ..\\Core\\Src\\sequencies.c              0x00000000   Number         0  sequencies.o ABSOLUTE
    ..\\Drivers\\TCA6416A\\tca6416a.c        0x00000000   Number         0  tca6416a.o ABSOLUTE
    dc.s                                     0x00000000   Number         0  dc.o ABSOLUTE
    startup_stm32l031xx.s                    0x00000000   Number         0  startup_stm32l031xx.o ABSOLUTE
    RESET                                    0x08000000   Section      192  startup_stm32l031xx.o(RESET)
    !!!main                                  0x080000c0   Section        8  __main.o(!!!main)
    !!!scatter                               0x080000c8   Section       60  __scatter.o(!!!scatter)
    !!handler_copy                           0x08000104   Section       26  __scatter_copy.o(!!handler_copy)
    !!handler_zi                             0x08000120   Section       28  __scatter_zi.o(!!handler_zi)
    .ARM.Collect$$libinit$$00000000          0x0800013c   Section        2  libinit.o(.ARM.Collect$$libinit$$00000000)
    .ARM.Collect$$libinit$$00000002          0x0800013e   Section        0  libinit2.o(.ARM.Collect$$libinit$$00000002)
    .ARM.Collect$$libinit$$00000004          0x0800013e   Section        0  libinit2.o(.ARM.Collect$$libinit$$00000004)
    .ARM.Collect$$libinit$$0000000A          0x0800013e   Section        0  libinit2.o(.ARM.Collect$$libinit$$0000000A)
    .ARM.Collect$$libinit$$0000000C          0x0800013e   Section        0  libinit2.o(.ARM.Collect$$libinit$$0000000C)
    .ARM.Collect$$libinit$$0000000D          0x0800013e   Section        4  libinit2.o(.ARM.Collect$$libinit$$0000000D)
    .ARM.Collect$$libinit$$0000000E          0x08000142   Section        0  libinit2.o(.ARM.Collect$$libinit$$0000000E)
    .ARM.Collect$$libinit$$00000011          0x08000142   Section        0  libinit2.o(.ARM.Collect$$libinit$$00000011)
    .ARM.Collect$$libinit$$00000013          0x08000142   Section        0  libinit2.o(.ARM.Collect$$libinit$$00000013)
    .ARM.Collect$$libinit$$00000015          0x08000142   Section        0  libinit2.o(.ARM.Collect$$libinit$$00000015)
    .ARM.Collect$$libinit$$00000017          0x08000142   Section        0  libinit2.o(.ARM.Collect$$libinit$$00000017)
    .ARM.Collect$$libinit$$00000019          0x08000142   Section        0  libinit2.o(.ARM.Collect$$libinit$$00000019)
    .ARM.Collect$$libinit$$0000001B          0x08000142   Section        0  libinit2.o(.ARM.Collect$$libinit$$0000001B)
    .ARM.Collect$$libinit$$0000001D          0x08000142   Section        0  libinit2.o(.ARM.Collect$$libinit$$0000001D)
    .ARM.Collect$$libinit$$0000001F          0x08000142   Section        0  libinit2.o(.ARM.Collect$$libinit$$0000001F)
    .ARM.Collect$$libinit$$00000021          0x08000142   Section        0  libinit2.o(.ARM.Collect$$libinit$$00000021)
    .ARM.Collect$$libinit$$00000023          0x08000142   Section        0  libinit2.o(.ARM.Collect$$libinit$$00000023)
    .ARM.Collect$$libinit$$00000025          0x08000142   Section        0  libinit2.o(.ARM.Collect$$libinit$$00000025)
    .ARM.Collect$$libinit$$0000002C          0x08000142   Section        0  libinit2.o(.ARM.Collect$$libinit$$0000002C)
    .ARM.Collect$$libinit$$0000002E          0x08000142   Section        0  libinit2.o(.ARM.Collect$$libinit$$0000002E)
    .ARM.Collect$$libinit$$00000030          0x08000142   Section        0  libinit2.o(.ARM.Collect$$libinit$$00000030)
    .ARM.Collect$$libinit$$00000032          0x08000142   Section        0  libinit2.o(.ARM.Collect$$libinit$$00000032)
    .ARM.Collect$$libinit$$00000033          0x08000142   Section        2  libinit2.o(.ARM.Collect$$libinit$$00000033)
    .ARM.Collect$$libshutdown$$00000000      0x08000144   Section        2  libshutdown.o(.ARM.Collect$$libshutdown$$00000000)
    .ARM.Collect$$libshutdown$$00000002      0x08000146   Section        0  libshutdown2.o(.ARM.Collect$$libshutdown$$00000002)
    .ARM.Collect$$libshutdown$$00000004      0x08000146   Section        0  libshutdown2.o(.ARM.Collect$$libshutdown$$00000004)
    .ARM.Collect$$libshutdown$$00000006      0x08000146   Section        0  libshutdown2.o(.ARM.Collect$$libshutdown$$00000006)
    .ARM.Collect$$libshutdown$$00000009      0x08000146   Section        0  libshutdown2.o(.ARM.Collect$$libshutdown$$00000009)
    .ARM.Collect$$libshutdown$$0000000C      0x08000146   Section        0  libshutdown2.o(.ARM.Collect$$libshutdown$$0000000C)
    .ARM.Collect$$libshutdown$$0000000E      0x08000146   Section        0  libshutdown2.o(.ARM.Collect$$libshutdown$$0000000E)
    .ARM.Collect$$libshutdown$$00000011      0x08000146   Section        0  libshutdown2.o(.ARM.Collect$$libshutdown$$00000011)
    .ARM.Collect$$libshutdown$$00000012      0x08000146   Section        2  libshutdown2.o(.ARM.Collect$$libshutdown$$00000012)
    .ARM.Collect$$rtentry$$00000000          0x08000148   Section        0  __rtentry.o(.ARM.Collect$$rtentry$$00000000)
    .ARM.Collect$$rtentry$$00000002          0x08000148   Section        0  __rtentry2.o(.ARM.Collect$$rtentry$$00000002)
    .ARM.Collect$$rtentry$$00000004          0x08000148   Section        6  __rtentry4.o(.ARM.Collect$$rtentry$$00000004)
    .ARM.Collect$$rtentry$$00000009          0x0800014e   Section        0  __rtentry2.o(.ARM.Collect$$rtentry$$00000009)
    .ARM.Collect$$rtentry$$0000000A          0x0800014e   Section        4  __rtentry2.o(.ARM.Collect$$rtentry$$0000000A)
    .ARM.Collect$$rtentry$$0000000C          0x08000152   Section        0  __rtentry2.o(.ARM.Collect$$rtentry$$0000000C)
    .ARM.Collect$$rtentry$$0000000D          0x08000152   Section        8  __rtentry2.o(.ARM.Collect$$rtentry$$0000000D)
    .ARM.Collect$$rtexit$$00000000           0x0800015a   Section        2  rtexit.o(.ARM.Collect$$rtexit$$00000000)
    .ARM.Collect$$rtexit$$00000002           0x0800015c   Section        0  rtexit2.o(.ARM.Collect$$rtexit$$00000002)
    .ARM.Collect$$rtexit$$00000003           0x0800015c   Section        4  rtexit2.o(.ARM.Collect$$rtexit$$00000003)
    .ARM.Collect$$rtexit$$00000004           0x08000160   Section        6  rtexit2.o(.ARM.Collect$$rtexit$$00000004)
    .emb_text                                0x08000168   Section       56  rand.o(.emb_text)
    .text                                    0x080001a0   Section       56  startup_stm32l031xx.o(.text)
    .text                                    0x080001d8   Section        0  lludiv.o(.text)
    .text                                    0x080002dc   Section        0  rand.o(.text)
    .text                                    0x08000318   Section        0  rt_memclr.o(.text)
    .text                                    0x08000358   Section      346  aeabi_sdiv.o(.text)
    .text                                    0x080004b2   Section        0  heapauxi.o(.text)
    .text                                    0x080004b8   Section        0  d2f.o(.text)
    .text                                    0x08000534   Section        0  f2d.o(.text)
    .text                                    0x08000588   Section        0  fdiv.o(.text)
    .text                                    0x080006e8   Section        0  ffixui.o(.text)
    .text                                    0x08000718   Section        0  fflti.o(.text)
    .text                                    0x08000778   Section        0  fscalbn.o(.text)
    .text                                    0x080007bc   Section        0  _rserrno.o(.text)
    .text                                    0x080007d4   Section        0  dsqrt.o(.text)
    .text                                    0x080008d4   Section        0  fcmpin.o(.text)
    .text                                    0x08000938   Section        8  rt_errno_addr_intlibspace.o(.text)
    .text                                    0x08000940   Section        0  cmpret.o(.text)
    .text                                    0x08000970   Section        0  fnan2.o(.text)
    .text                                    0x08000980   Section        8  libspace.o(.text)
    .text                                    0x08000988   Section       62  sys_stackheap_outer.o(.text)
    .text                                    0x080009c6   Section        0  exit.o(.text)
    .text                                    0x080009d6   Section        0  retnan.o(.text)
    .text                                    0x08000a34   Section        0  sys_exit.o(.text)
    .text                                    0x08000a40   Section        2  use_no_semi.o(.text)
    .text                                    0x08000a42   Section        0  indicate_semi.o(.text)
    i.EXTI2_3_IRQHandler                     0x08000a42   Section        0  stm32l0xx_it.o(i.EXTI2_3_IRQHandler)
    i.Error_Handler                          0x08000a4c   Section        0  main.o(i.Error_Handler)
    i.HAL_Delay                              0x08000a50   Section        0  stm32l0xx_hal.o(i.HAL_Delay)
    i.HAL_GPIO_EXTI_Callback                 0x08000a74   Section        0  main.o(i.HAL_GPIO_EXTI_Callback)
    i.HAL_GPIO_EXTI_IRQHandler               0x08000ad0   Section        0  stm32l0xx_hal_gpio.o(i.HAL_GPIO_EXTI_IRQHandler)
    i.HAL_GPIO_Init                          0x08000ae8   Section        0  stm32l0xx_hal_gpio.o(i.HAL_GPIO_Init)
    i.HAL_GPIO_ReadPin                       0x08000c88   Section        0  stm32l0xx_hal_gpio.o(i.HAL_GPIO_ReadPin)
    i.HAL_GPIO_WritePin                      0x08000c92   Section        0  stm32l0xx_hal_gpio.o(i.HAL_GPIO_WritePin)
    i.HAL_GetTick                            0x08000ca0   Section        0  stm32l0xx_hal.o(i.HAL_GetTick)
    i.HAL_I2CEx_ConfigAnalogFilter           0x08000cac   Section        0  stm32l0xx_hal_i2c_ex.o(i.HAL_I2CEx_ConfigAnalogFilter)
    i.HAL_I2CEx_ConfigDigitalFilter          0x08000cf6   Section        0  stm32l0xx_hal_i2c_ex.o(i.HAL_I2CEx_ConfigDigitalFilter)
    i.HAL_I2C_Init                           0x08000d40   Section        0  stm32l0xx_hal_i2c.o(i.HAL_I2C_Init)
    i.HAL_I2C_Mem_Read                       0x08000df4   Section        0  stm32l0xx_hal_i2c.o(i.HAL_I2C_Mem_Read)
    i.HAL_I2C_Mem_Write                      0x08000f48   Section        0  stm32l0xx_hal_i2c.o(i.HAL_I2C_Mem_Write)
    i.HAL_I2C_MspInit                        0x08001094   Section        0  i2c.o(i.HAL_I2C_MspInit)
    i.HAL_IncTick                            0x080010ec   Section        0  stm32l0xx_hal.o(i.HAL_IncTick)
    i.HAL_Init                               0x080010fc   Section        0  stm32l0xx_hal.o(i.HAL_Init)
    i.HAL_InitTick                           0x08001124   Section        0  stm32l0xx_hal.o(i.HAL_InitTick)
    i.HAL_MspInit                            0x08001168   Section        0  stm32l0xx_hal_msp.o(i.HAL_MspInit)
    i.HAL_NVIC_EnableIRQ                     0x08001198   Section        0  stm32l0xx_hal_cortex.o(i.HAL_NVIC_EnableIRQ)
    i.HAL_NVIC_SetPriority                   0x080011b0   Section        0  stm32l0xx_hal_cortex.o(i.HAL_NVIC_SetPriority)
    i.HAL_PWR_ConfigPVD                      0x080011b8   Section        0  stm32l0xx_hal_pwr.o(i.HAL_PWR_ConfigPVD)
    i.HAL_PWR_EnablePVD                      0x08001220   Section        0  stm32l0xx_hal_pwr.o(i.HAL_PWR_EnablePVD)
    i.HAL_PWR_PVDCallback                    0x08001230   Section        0  stm32l0xx_hal_pwr.o(i.HAL_PWR_PVDCallback)
    i.HAL_PWR_PVD_IRQHandler                 0x08001234   Section        0  stm32l0xx_hal_pwr.o(i.HAL_PWR_PVD_IRQHandler)
    i.HAL_RCCEx_PeriphCLKConfig              0x08001250   Section        0  stm32l0xx_hal_rcc_ex.o(i.HAL_RCCEx_PeriphCLKConfig)
    i.HAL_RCC_ClockConfig                    0x080013a0   Section        0  stm32l0xx_hal_rcc.o(i.HAL_RCC_ClockConfig)
    i.HAL_RCC_GetSysClockFreq                0x0800153c   Section        0  stm32l0xx_hal_rcc.o(i.HAL_RCC_GetSysClockFreq)
    i.HAL_RCC_OscConfig                      0x080015b4   Section        0  stm32l0xx_hal_rcc.o(i.HAL_RCC_OscConfig)
    i.HAL_SYSTICK_Config                     0x080019e8   Section        0  stm32l0xx_hal_cortex.o(i.HAL_SYSTICK_Config)
    i.HardFault_Handler                      0x08001a18   Section        0  stm32l0xx_it.o(i.HardFault_Handler)
    i.I2C_Flush_TXDR                         0x08001a1a   Section        0  stm32l0xx_hal_i2c.o(i.I2C_Flush_TXDR)
    I2C_Flush_TXDR                           0x08001a1b   Thumb Code    34  stm32l0xx_hal_i2c.o(i.I2C_Flush_TXDR)
    i.I2C_IsAcknowledgeFailed                0x08001a3c   Section        0  stm32l0xx_hal_i2c.o(i.I2C_IsAcknowledgeFailed)
    I2C_IsAcknowledgeFailed                  0x08001a3d   Thumb Code   130  stm32l0xx_hal_i2c.o(i.I2C_IsAcknowledgeFailed)
    i.I2C_RequestMemoryRead                  0x08001ac4   Section        0  stm32l0xx_hal_i2c.o(i.I2C_RequestMemoryRead)
    I2C_RequestMemoryRead                    0x08001ac5   Thumb Code    92  stm32l0xx_hal_i2c.o(i.I2C_RequestMemoryRead)
    i.I2C_RequestMemoryWrite                 0x08001b24   Section        0  stm32l0xx_hal_i2c.o(i.I2C_RequestMemoryWrite)
    I2C_RequestMemoryWrite                   0x08001b25   Thumb Code    92  stm32l0xx_hal_i2c.o(i.I2C_RequestMemoryWrite)
    i.I2C_TransferConfig                     0x08001b84   Section        0  stm32l0xx_hal_i2c.o(i.I2C_TransferConfig)
    I2C_TransferConfig                       0x08001b85   Thumb Code    34  stm32l0xx_hal_i2c.o(i.I2C_TransferConfig)
    i.I2C_WaitOnFlagUntilTimeout             0x08001bac   Section        0  stm32l0xx_hal_i2c.o(i.I2C_WaitOnFlagUntilTimeout)
    I2C_WaitOnFlagUntilTimeout               0x08001bad   Thumb Code    78  stm32l0xx_hal_i2c.o(i.I2C_WaitOnFlagUntilTimeout)
    i.I2C_WaitOnSTOPFlagUntilTimeout         0x08001bfa   Section        0  stm32l0xx_hal_i2c.o(i.I2C_WaitOnSTOPFlagUntilTimeout)
    I2C_WaitOnSTOPFlagUntilTimeout           0x08001bfb   Thumb Code    76  stm32l0xx_hal_i2c.o(i.I2C_WaitOnSTOPFlagUntilTimeout)
    i.I2C_WaitOnTXISFlagUntilTimeout         0x08001c46   Section        0  stm32l0xx_hal_i2c.o(i.I2C_WaitOnTXISFlagUntilTimeout)
    I2C_WaitOnTXISFlagUntilTimeout           0x08001c47   Thumb Code    80  stm32l0xx_hal_i2c.o(i.I2C_WaitOnTXISFlagUntilTimeout)
    i.MX_GPIO_Init                           0x08001c98   Section        0  gpio.o(i.MX_GPIO_Init)
    i.MX_I2C1_Init                           0x08001d6c   Section        0  i2c.o(i.MX_I2C1_Init)
    i.NMI_Handler                            0x08001dc0   Section        0  stm32l0xx_it.o(i.NMI_Handler)
    i.PVD_IRQHandler                         0x08001dc4   Section        0  stm32l0xx_it.o(i.PVD_IRQHandler)
    i.PendSV_Handler                         0x08001dd8   Section        0  stm32l0xx_it.o(i.PendSV_Handler)
    i.Run_Current_Sequency                   0x08001ddc   Section        0  sequencies.o(i.Run_Current_Sequency)
    i.SVC_Handler                            0x080021e6   Section        0  stm32l0xx_it.o(i.SVC_Handler)
    i.Sequency_Initialization                0x080021e8   Section        0  sequencies.o(i.Sequency_Initialization)
    i.Set_Sequency                           0x080021fc   Section        0  sequencies.o(i.Set_Sequency)
    i.SysTick_Handler                        0x0800220c   Section        0  stm32l0xx_it.o(i.SysTick_Handler)
    i.SystemClock_Config                     0x08002214   Section        0  main.o(i.SystemClock_Config)
    i.SystemCoreClockUpdate                  0x08002298   Section        0  system_stm32l0xx.o(i.SystemCoreClockUpdate)
    i.SystemInit                             0x08002334   Section        0  system_stm32l0xx.o(i.SystemInit)
    i.TCA6416A_Disable_All_LEDs              0x08002336   Section        0  tca6416a.o(i.TCA6416A_Disable_All_LEDs)
    i.TCA6416A_Enable_All_LEDs               0x0800234a   Section        0  tca6416a.o(i.TCA6416A_Enable_All_LEDs)
    i.TCA6416A_Initialization                0x0800235e   Section        0  tca6416a.o(i.TCA6416A_Initialization)
    i.TCA6416A_Set_Port_0_As_Output          0x0800236a   Section        0  tca6416a.o(i.TCA6416A_Set_Port_0_As_Output)
    i.TCA6416A_Set_Port_1_As_Output          0x08002376   Section        0  tca6416a.o(i.TCA6416A_Set_Port_1_As_Output)
    i.TCA6416A_Write                         0x08002384   Section        0  tca6416a.o(i.TCA6416A_Write)
    i.__ARM_common_ll_muluu                  0x080023ac   Section        0  stm32l0xx_hal_rcc.o(i.__ARM_common_ll_muluu)
    i.__ARM_common_switch8                   0x080023dc   Section        0  sequencies.o(i.__ARM_common_switch8)
    i.__NVIC_SetPriority                     0x080023f8   Section        0  stm32l0xx_hal_cortex.o(i.__NVIC_SetPriority)
    __NVIC_SetPriority                       0x080023f9   Thumb Code    60  stm32l0xx_hal_cortex.o(i.__NVIC_SetPriority)
    i.lis3dh_acceleration_raw_get            0x0800243c   Section        0  lis3dh_reg.o(i.lis3dh_acceleration_raw_get)
    i.lis3dh_aux_adc_set                     0x0800247c   Section        0  lis3dh_reg.o(i.lis3dh_aux_adc_set)
    i.lis3dh_block_data_update_set           0x080024cc   Section        0  lis3dh_reg.o(i.lis3dh_block_data_update_set)
    i.lis3dh_data_rate_set                   0x080024fe   Section        0  lis3dh_reg.o(i.lis3dh_data_rate_set)
    i.lis3dh_device_id_get                   0x08002530   Section        0  lis3dh_reg.o(i.lis3dh_device_id_get)
    i.lis3dh_double_tap_timeout_set          0x0800253e   Section        0  lis3dh_reg.o(i.lis3dh_double_tap_timeout_set)
    i.lis3dh_from_fs2_hr_to_mg               0x08002564   Section        0  lis3dh_reg.o(i.lis3dh_from_fs2_hr_to_mg)
    i.lis3dh_full_scale_set                  0x08002574   Section        0  lis3dh_reg.o(i.lis3dh_full_scale_set)
    i.lis3dh_int1_gen_duration_set           0x080025a8   Section        0  lis3dh_reg.o(i.lis3dh_int1_gen_duration_set)
    i.lis3dh_operating_mode_set              0x080025dc   Section        0  lis3dh_reg.o(i.lis3dh_operating_mode_set)
    i.lis3dh_pin_int1_config_get             0x08002658   Section        0  lis3dh_reg.o(i.lis3dh_pin_int1_config_get)
    i.lis3dh_pin_int1_config_set             0x08002666   Section        0  lis3dh_reg.o(i.lis3dh_pin_int1_config_set)
    i.lis3dh_quiet_dur_set                   0x08002674   Section        0  lis3dh_reg.o(i.lis3dh_quiet_dur_set)
    i.lis3dh_read_reg                        0x0800269a   Section        0  lis3dh_reg.o(i.lis3dh_read_reg)
    i.lis3dh_shock_dur_set                   0x080026a8   Section        0  lis3dh_reg.o(i.lis3dh_shock_dur_set)
    i.lis3dh_tap_conf_get                    0x080026dc   Section        0  lis3dh_reg.o(i.lis3dh_tap_conf_get)
    i.lis3dh_tap_conf_set                    0x080026ea   Section        0  lis3dh_reg.o(i.lis3dh_tap_conf_set)
    i.lis3dh_tap_source_get                  0x080026f8   Section        0  lis3dh_reg.o(i.lis3dh_tap_source_get)
    i.lis3dh_tap_threshold_set               0x08002706   Section        0  lis3dh_reg.o(i.lis3dh_tap_threshold_set)
    i.lis3dh_temp_data_ready_get             0x0800273a   Section        0  lis3dh_reg.o(i.lis3dh_temp_data_ready_get)
    i.lis3dh_write_reg                       0x08002754   Section        0  lis3dh_reg.o(i.lis3dh_write_reg)
    i.lis3dh_xl_data_ready_get               0x08002762   Section        0  lis3dh_reg.o(i.lis3dh_xl_data_ready_get)
    i.main                                   0x0800277c   Section        0  main.o(i.main)
    i.platform_read                          0x08002a8c   Section        0  main.o(i.platform_read)
    platform_read                            0x08002a8d   Thumb Code    28  main.o(i.platform_read)
    i.platform_write                         0x08002aa8   Section        0  main.o(i.platform_write)
    platform_write                           0x08002aa9   Thumb Code    28  main.o(i.platform_write)
    i.sqrt                                   0x08002ac4   Section        0  sqrt.o(i.sqrt)
    x$fpl$fadd                               0x08002b0c   Section      140  faddsub.o(x$fpl$fadd)
    _fadd1                                   0x08002b19   Thumb Code     0  faddsub.o(x$fpl$fadd)
    x$fpl$fmul                               0x08002b98   Section      176  fmul.o(x$fpl$fmul)
    x$fpl$frleqf                             0x08002c48   Section       88  frlef.o(x$fpl$frleqf)
    x$fpl$fsub                               0x08002ca0   Section      208  faddsub.o(x$fpl$fsub)
    _fsub1                                   0x08002cad   Thumb Code     0  faddsub.o(x$fpl$fsub)
    .constdata                               0x08002d70   Section       25  system_stm32l0xx.o(.constdata)
    x$fpl$usenofp                            0x08002d70   Section        0  usenofp.o(x$fpl$usenofp)
    .constdata                               0x08002d89   Section       64  fdiv.o(.constdata)
    fdiv_tab                                 0x08002d89   Data          64  fdiv.o(.constdata)
    .data                                    0x20000000   Section        4  sequencies.o(.data)
    .data                                    0x20000004   Section       46  main.o(.data)
    whoamI                                   0x20000009   Data           1  main.o(.data)
    data_raw_acceleration                    0x2000002c   Data           6  main.o(.data)
    .data                                    0x20000034   Section       12  stm32l0xx_hal.o(.data)
    .data                                    0x20000040   Section        4  system_stm32l0xx.o(.data)
    .bss                                     0x20000044   Section       12  main.o(.bss)
    acceleration_mg                          0x20000044   Data          12  main.o(.bss)
    .bss                                     0x20000050   Section       76  i2c.o(.bss)
    .bss                                     0x2000009c   Section      228  rand.o(.bss)
    .bss                                     0x20000180   Section       96  libspace.o(.bss)
    HEAP                                     0x200001e0   Section      512  startup_stm32l031xx.o(HEAP)
    Heap_Mem                                 0x200001e0   Data         512  startup_stm32l031xx.o(HEAP)
    STACK                                    0x200003e0   Section     1024  startup_stm32l031xx.o(STACK)
    Stack_Mem                                0x200003e0   Data        1024  startup_stm32l031xx.o(STACK)
    __initial_sp                             0x200007e0   Data           0  startup_stm32l031xx.o(STACK)

    Global Symbols

    Symbol Name                              Value     Ov Type        Size  Object(Section)

    BuildAttributes$$THM_ISAv3M$S$PE$A:L22$X:L11$S22$IEEE1$IW$USESV6$~STKCKD$USESV7$~SHL$OTIME$ROPI$IEEEJ$EBA8$UX$STANDARDLIB$REQ8$PRES8$EABIv2 0x00000000   Number         0  anon$$obj.o ABSOLUTE
    __ARM_use_no_argv                        0x00000000   Number         0  main.o ABSOLUTE
    __ARM_exceptions_init                     - Undefined Weak Reference
    __alloca_initialize                       - Undefined Weak Reference
    __arm_fini_                               - Undefined Weak Reference
    __arm_preinit_                            - Undefined Weak Reference
    __cpp_initialize__aeabi_                  - Undefined Weak Reference
    __cxa_finalize                            - Undefined Weak Reference
    __rt_locale                               - Undefined Weak Reference
    __sigvec_lookup                           - Undefined Weak Reference
    _atexit_init                              - Undefined Weak Reference
    _call_atexit_fns                          - Undefined Weak Reference
    _clock_init                               - Undefined Weak Reference
    _fp_trap_init                             - Undefined Weak Reference
    _fp_trap_shutdown                         - Undefined Weak Reference
    _get_lc_collate                           - Undefined Weak Reference
    _get_lc_ctype                             - Undefined Weak Reference
    _get_lc_monetary                          - Undefined Weak Reference
    _get_lc_numeric                           - Undefined Weak Reference
    _get_lc_time                              - Undefined Weak Reference
    _getenv_init                              - Undefined Weak Reference
    _handle_redirection                       - Undefined Weak Reference
    _init_alloc                               - Undefined Weak Reference
    _init_user_alloc                          - Undefined Weak Reference
    _initio                                   - Undefined Weak Reference
    _signal_finish                            - Undefined Weak Reference
    _signal_init                              - Undefined Weak Reference
    _terminate_alloc                          - Undefined Weak Reference
    _terminate_user_alloc                     - Undefined Weak Reference
    _terminateio                              - Undefined Weak Reference
    __Vectors_Size                           0x000000c0   Number         0  startup_stm32l031xx.o ABSOLUTE
    __Vectors                                0x08000000   Data           4  startup_stm32l031xx.o(RESET)
    __Vectors_End                            0x080000c0   Data           0  startup_stm32l031xx.o(RESET)
    __main                                   0x080000c1   Thumb Code     8  __main.o(!!!main)
    __scatterload                            0x080000c9   Thumb Code     0  __scatter.o(!!!scatter)
    __scatterload_rt2                        0x080000c9   Thumb Code    52  __scatter.o(!!!scatter)
    __scatterload_rt2_thumb_only             0x080000c9   Thumb Code     0  __scatter.o(!!!scatter)
    __scatterload_null                       0x080000d9   Thumb Code     0  __scatter.o(!!!scatter)
    __scatterload_copy                       0x08000105   Thumb Code    26  __scatter_copy.o(!!handler_copy)
    __scatterload_zeroinit                   0x08000121   Thumb Code    28  __scatter_zi.o(!!handler_zi)
    __rt_lib_init                            0x0800013d   Thumb Code     0  libinit.o(.ARM.Collect$$libinit$$00000000)
    __rt_lib_init_fp_1                       0x0800013f   Thumb Code     0  libinit2.o(.ARM.Collect$$libinit$$00000002)
    __rt_lib_init_heap_1                     0x0800013f   Thumb Code     0  libinit2.o(.ARM.Collect$$libinit$$0000000A)
    __rt_lib_init_preinit_1                  0x0800013f   Thumb Code     0  libinit2.o(.ARM.Collect$$libinit$$00000004)
    __rt_lib_init_rand_2                     0x0800013f   Thumb Code     0  libinit2.o(.ARM.Collect$$libinit$$0000000D)
    __rt_lib_init_user_alloc_1               0x0800013f   Thumb Code     0  libinit2.o(.ARM.Collect$$libinit$$0000000C)
    __rt_lib_init_alloca_1                   0x08000143   Thumb Code     0  libinit2.o(.ARM.Collect$$libinit$$0000002E)
    __rt_lib_init_argv_1                     0x08000143   Thumb Code     0  libinit2.o(.ARM.Collect$$libinit$$0000002C)
    __rt_lib_init_atexit_1                   0x08000143   Thumb Code     0  libinit2.o(.ARM.Collect$$libinit$$0000001B)
    __rt_lib_init_clock_1                    0x08000143   Thumb Code     0  libinit2.o(.ARM.Collect$$libinit$$00000021)
    __rt_lib_init_cpp_1                      0x08000143   Thumb Code     0  libinit2.o(.ARM.Collect$$libinit$$00000032)
    __rt_lib_init_exceptions_1               0x08000143   Thumb Code     0  libinit2.o(.ARM.Collect$$libinit$$00000030)
    __rt_lib_init_fp_trap_1                  0x08000143   Thumb Code     0  libinit2.o(.ARM.Collect$$libinit$$0000001F)
    __rt_lib_init_getenv_1                   0x08000143   Thumb Code     0  libinit2.o(.ARM.Collect$$libinit$$00000023)
    __rt_lib_init_lc_collate_1               0x08000143   Thumb Code     0  libinit2.o(.ARM.Collect$$libinit$$00000011)
    __rt_lib_init_lc_ctype_1                 0x08000143   Thumb Code     0  libinit2.o(.ARM.Collect$$libinit$$00000013)
    __rt_lib_init_lc_monetary_1              0x08000143   Thumb Code     0  libinit2.o(.ARM.Collect$$libinit$$00000015)
    __rt_lib_init_lc_numeric_1               0x08000143   Thumb Code     0  libinit2.o(.ARM.Collect$$libinit$$00000017)
    __rt_lib_init_lc_time_1                  0x08000143   Thumb Code     0  libinit2.o(.ARM.Collect$$libinit$$00000019)
    __rt_lib_init_rand_1                     0x08000143   Thumb Code     0  libinit2.o(.ARM.Collect$$libinit$$0000000E)
    __rt_lib_init_return                     0x08000143   Thumb Code     0  libinit2.o(.ARM.Collect$$libinit$$00000033)
    __rt_lib_init_signal_1                   0x08000143   Thumb Code     0  libinit2.o(.ARM.Collect$$libinit$$0000001D)
    __rt_lib_init_stdio_1                    0x08000143   Thumb Code     0  libinit2.o(.ARM.Collect$$libinit$$00000025)
    __rt_lib_shutdown                        0x08000145   Thumb Code     0  libshutdown.o(.ARM.Collect$$libshutdown$$00000000)
    __rt_lib_shutdown_cpp_1                  0x08000147   Thumb Code     0  libshutdown2.o(.ARM.Collect$$libshutdown$$00000004)
    __rt_lib_shutdown_fini_1                 0x08000147   Thumb Code     0  libshutdown2.o(.ARM.Collect$$libshutdown$$00000002)
    __rt_lib_shutdown_fp_trap_1              0x08000147   Thumb Code     0  libshutdown2.o(.ARM.Collect$$libshutdown$$00000009)
    __rt_lib_shutdown_heap_1                 0x08000147   Thumb Code     0  libshutdown2.o(.ARM.Collect$$libshutdown$$00000011)
    __rt_lib_shutdown_return                 0x08000147   Thumb Code     0  libshutdown2.o(.ARM.Collect$$libshutdown$$00000012)
    __rt_lib_shutdown_signal_1               0x08000147   Thumb Code     0  libshutdown2.o(.ARM.Collect$$libshutdown$$0000000C)
    __rt_lib_shutdown_stdio_1                0x08000147   Thumb Code     0  libshutdown2.o(.ARM.Collect$$libshutdown$$00000006)
    __rt_lib_shutdown_user_alloc_1           0x08000147   Thumb Code     0  libshutdown2.o(.ARM.Collect$$libshutdown$$0000000E)
    __rt_entry                               0x08000149   Thumb Code     0  __rtentry.o(.ARM.Collect$$rtentry$$00000000)
    __rt_entry_presh_1                       0x08000149   Thumb Code     0  __rtentry2.o(.ARM.Collect$$rtentry$$00000002)
    __rt_entry_sh                            0x08000149   Thumb Code     0  __rtentry4.o(.ARM.Collect$$rtentry$$00000004)
    __rt_entry_li                            0x0800014f   Thumb Code     0  __rtentry2.o(.ARM.Collect$$rtentry$$0000000A)
    __rt_entry_postsh_1                      0x0800014f   Thumb Code     0  __rtentry2.o(.ARM.Collect$$rtentry$$00000009)
    __rt_entry_main                          0x08000153   Thumb Code     0  __rtentry2.o(.ARM.Collect$$rtentry$$0000000D)
    __rt_entry_postli_1                      0x08000153   Thumb Code     0  __rtentry2.o(.ARM.Collect$$rtentry$$0000000C)
    __rt_exit                                0x0800015b   Thumb Code     0  rtexit.o(.ARM.Collect$$rtexit$$00000000)
    __rt_exit_ls                             0x0800015d   Thumb Code     0  rtexit2.o(.ARM.Collect$$rtexit$$00000003)
    __rt_exit_prels_1                        0x0800015d   Thumb Code     0  rtexit2.o(.ARM.Collect$$rtexit$$00000002)
    __rt_exit_exit                           0x08000161   Thumb Code     0  rtexit2.o(.ARM.Collect$$rtexit$$00000004)
    rand                                     0x08000169   Thumb Code    52  rand.o(.emb_text)
    Reset_Handler                            0x080001a1   Thumb Code     8  startup_stm32l031xx.o(.text)
    ADC1_COMP_IRQHandler                     0x080001b3   Thumb Code     0  startup_stm32l031xx.o(.text)
    DMA1_Channel1_IRQHandler                 0x080001b3   Thumb Code     0  startup_stm32l031xx.o(.text)
    DMA1_Channel2_3_IRQHandler               0x080001b3   Thumb Code     0  startup_stm32l031xx.o(.text)
    DMA1_Channel4_5_6_7_IRQHandler           0x080001b3   Thumb Code     0  startup_stm32l031xx.o(.text)
    EXTI0_1_IRQHandler                       0x080001b3   Thumb Code     0  startup_stm32l031xx.o(.text)
    EXTI4_15_IRQHandler                      0x080001b3   Thumb Code     0  startup_stm32l031xx.o(.text)
    FLASH_IRQHandler                         0x080001b3   Thumb Code     0  startup_stm32l031xx.o(.text)
    I2C1_IRQHandler                          0x080001b3   Thumb Code     0  startup_stm32l031xx.o(.text)
    LPTIM1_IRQHandler                        0x080001b3   Thumb Code     0  startup_stm32l031xx.o(.text)
    LPUART1_IRQHandler                       0x080001b3   Thumb Code     0  startup_stm32l031xx.o(.text)
    RCC_IRQHandler                           0x080001b3   Thumb Code     0  startup_stm32l031xx.o(.text)
    RTC_IRQHandler                           0x080001b3   Thumb Code     0  startup_stm32l031xx.o(.text)
    SPI1_IRQHandler                          0x080001b3   Thumb Code     0  startup_stm32l031xx.o(.text)
    TIM21_IRQHandler                         0x080001b3   Thumb Code     0  startup_stm32l031xx.o(.text)
    TIM22_IRQHandler                         0x080001b3   Thumb Code     0  startup_stm32l031xx.o(.text)
    TIM2_IRQHandler                          0x080001b3   Thumb Code     0  startup_stm32l031xx.o(.text)
    USART2_IRQHandler                        0x080001b3   Thumb Code     0  startup_stm32l031xx.o(.text)
    WWDG_IRQHandler                          0x080001b3   Thumb Code     0  startup_stm32l031xx.o(.text)
    __user_initial_stackheap                 0x080001b5   Thumb Code     0  startup_stm32l031xx.o(.text)
    __aeabi_uldivmod                         0x080001d9   Thumb Code   258  lludiv.o(.text)
    _ll_udiv                                 0x080001d9   Thumb Code     0  lludiv.o(.text)
    srand                                    0x080002dd   Thumb Code    44  rand.o(.text)
    _rand_init                               0x08000309   Thumb Code     4  rand.o(.text)
    _memset_w                                0x08000319   Thumb Code    26  rt_memclr.o(.text)
    _memset                                  0x08000333   Thumb Code    30  rt_memclr.o(.text)
    __aeabi_memclr                           0x08000351   Thumb Code     4  rt_memclr.o(.text)
    __rt_memclr                              0x08000351   Thumb Code     0  rt_memclr.o(.text)
    __aeabi_memclr4                          0x08000355   Thumb Code     0  rt_memclr.o(.text)
    __aeabi_memclr8                          0x08000355   Thumb Code     0  rt_memclr.o(.text)
    __rt_memclr_w                            0x08000355   Thumb Code     4  rt_memclr.o(.text)
    __aeabi_uidiv                            0x08000359   Thumb Code     0  aeabi_sdiv.o(.text)
    __aeabi_uidivmod                         0x08000359   Thumb Code    20  aeabi_sdiv.o(.text)
    __aeabi_idiv                             0x0800036d   Thumb Code     0  aeabi_sdiv.o(.text)
    __aeabi_idivmod                          0x0800036d   Thumb Code   326  aeabi_sdiv.o(.text)
    __use_two_region_memory                  0x080004b3   Thumb Code     2  heapauxi.o(.text)
    __rt_heap_escrow$2region                 0x080004b5   Thumb Code     2  heapauxi.o(.text)
    __rt_heap_expand$2region                 0x080004b7   Thumb Code     2  heapauxi.o(.text)
    __aeabi_d2f                              0x080004b9   Thumb Code     0  d2f.o(.text)
    _d2f                                     0x080004b9   Thumb Code   120  d2f.o(.text)
    __aeabi_f2d                              0x08000535   Thumb Code     0  f2d.o(.text)
    _f2d                                     0x08000535   Thumb Code    80  f2d.o(.text)
    __aeabi_fdiv                             0x08000589   Thumb Code     0  fdiv.o(.text)
    _fdiv                                    0x08000589   Thumb Code   334  fdiv.o(.text)
    _frdiv                                   0x080006d7   Thumb Code     8  fdiv.o(.text)
    __aeabi_f2uiz                            0x080006e9   Thumb Code     0  ffixui.o(.text)
    _ffixu                                   0x080006e9   Thumb Code    48  ffixui.o(.text)
    __aeabi_i2f_normalise                    0x08000719   Thumb Code    72  fflti.o(.text)
    __aeabi_i2f                              0x08000761   Thumb Code    16  fflti.o(.text)
    _fflt                                    0x08000761   Thumb Code     0  fflti.o(.text)
    __aeabi_ui2f                             0x08000771   Thumb Code     6  fflti.o(.text)
    _ffltu                                   0x08000771   Thumb Code     0  fflti.o(.text)
    __ARM_scalbnf                            0x08000779   Thumb Code    64  fscalbn.o(.text)
    __read_errno                             0x080007bd   Thumb Code    10  _rserrno.o(.text)
    __set_errno                              0x080007c7   Thumb Code    12  _rserrno.o(.text)
    _dsqrt                                   0x080007d5   Thumb Code   248  dsqrt.o(.text)
    __fpl_fcmp_InfNaN                        0x080008d5   Thumb Code    96  fcmpin.o(.text)
    __aeabi_errno_addr                       0x08000939   Thumb Code     8  rt_errno_addr_intlibspace.o(.text)
    __errno$intlibspace                      0x08000939   Thumb Code     0  rt_errno_addr_intlibspace.o(.text)
    __rt_errno_addr$intlibspace              0x08000939   Thumb Code     0  rt_errno_addr_intlibspace.o(.text)
    __fpl_cmpreturn                          0x08000941   Thumb Code    46  cmpret.o(.text)
    __fpl_fcheck_NaN2                        0x08000971   Thumb Code    10  fnan2.o(.text)
    __user_libspace                          0x08000981   Thumb Code     8  libspace.o(.text)
    __user_perproc_libspace                  0x08000981   Thumb Code     0  libspace.o(.text)
    __user_perthread_libspace                0x08000981   Thumb Code     0  libspace.o(.text)
    __user_setup_stackheap                   0x08000989   Thumb Code    62  sys_stackheap_outer.o(.text)
    exit                                     0x080009c7   Thumb Code    16  exit.o(.text)
    __fpl_return_NaN                         0x080009d7   Thumb Code    94  retnan.o(.text)
    _sys_exit                                0x08000a35   Thumb Code     8  sys_exit.o(.text)
    __I$use$semihosting                      0x08000a41   Thumb Code     0  use_no_semi.o(.text)
    __use_no_semihosting_swi                 0x08000a41   Thumb Code     2  use_no_semi.o(.text)
    EXTI2_3_IRQHandler                       0x08000a43   Thumb Code    10  stm32l0xx_it.o(i.EXTI2_3_IRQHandler)
    __semihosting_library_function           0x08000a43   Thumb Code     0  indicate_semi.o(.text)
    Error_Handler                            0x08000a4d   Thumb Code     4  main.o(i.Error_Handler)
    HAL_Delay                                0x08000a51   Thumb Code    32  stm32l0xx_hal.o(i.HAL_Delay)
    HAL_GPIO_EXTI_Callback                   0x08000a75   Thumb Code    86  main.o(i.HAL_GPIO_EXTI_Callback)
    HAL_GPIO_EXTI_IRQHandler                 0x08000ad1   Thumb Code    18  stm32l0xx_hal_gpio.o(i.HAL_GPIO_EXTI_IRQHandler)
    HAL_GPIO_Init                            0x08000ae9   Thumb Code   392  stm32l0xx_hal_gpio.o(i.HAL_GPIO_Init)
    HAL_GPIO_ReadPin                         0x08000c89   Thumb Code    10  stm32l0xx_hal_gpio.o(i.HAL_GPIO_ReadPin)
    HAL_GPIO_WritePin                        0x08000c93   Thumb Code    12  stm32l0xx_hal_gpio.o(i.HAL_GPIO_WritePin)
    HAL_GetTick                              0x08000ca1   Thumb Code     6  stm32l0xx_hal.o(i.HAL_GetTick)
    HAL_I2CEx_ConfigAnalogFilter             0x08000cad   Thumb Code    74  stm32l0xx_hal_i2c_ex.o(i.HAL_I2CEx_ConfigAnalogFilter)
    HAL_I2CEx_ConfigDigitalFilter            0x08000cf7   Thumb Code    72  stm32l0xx_hal_i2c_ex.o(i.HAL_I2CEx_ConfigDigitalFilter)
    HAL_I2C_Init                             0x08000d41   Thumb Code   176  stm32l0xx_hal_i2c.o(i.HAL_I2C_Init)
    HAL_I2C_Mem_Read                         0x08000df5   Thumb Code   332  stm32l0xx_hal_i2c.o(i.HAL_I2C_Mem_Read)
    HAL_I2C_Mem_Write                        0x08000f49   Thumb Code   326  stm32l0xx_hal_i2c.o(i.HAL_I2C_Mem_Write)
    HAL_I2C_MspInit                          0x08001095   Thumb Code    80  i2c.o(i.HAL_I2C_MspInit)
    HAL_IncTick                              0x080010ed   Thumb Code    12  stm32l0xx_hal.o(i.HAL_IncTick)
    HAL_Init                                 0x080010fd   Thumb Code    36  stm32l0xx_hal.o(i.HAL_Init)
    HAL_InitTick                             0x08001125   Thumb Code    58  stm32l0xx_hal.o(i.HAL_InitTick)
    HAL_MspInit                              0x08001169   Thumb Code    40  stm32l0xx_hal_msp.o(i.HAL_MspInit)
    HAL_NVIC_EnableIRQ                       0x08001199   Thumb Code    18  stm32l0xx_hal_cortex.o(i.HAL_NVIC_EnableIRQ)
    HAL_NVIC_SetPriority                     0x080011b1   Thumb Code     8  stm32l0xx_hal_cortex.o(i.HAL_NVIC_SetPriority)
    HAL_PWR_ConfigPVD                        0x080011b9   Thumb Code    94  stm32l0xx_hal_pwr.o(i.HAL_PWR_ConfigPVD)
    HAL_PWR_EnablePVD                        0x08001221   Thumb Code    12  stm32l0xx_hal_pwr.o(i.HAL_PWR_EnablePVD)
    HAL_PWR_PVDCallback                      0x08001231   Thumb Code     2  stm32l0xx_hal_pwr.o(i.HAL_PWR_PVDCallback)
    HAL_PWR_PVD_IRQHandler                   0x08001235   Thumb Code    22  stm32l0xx_hal_pwr.o(i.HAL_PWR_PVD_IRQHandler)
    HAL_RCCEx_PeriphCLKConfig                0x08001251   Thumb Code   324  stm32l0xx_hal_rcc_ex.o(i.HAL_RCCEx_PeriphCLKConfig)
    HAL_RCC_ClockConfig                      0x080013a1   Thumb Code   386  stm32l0xx_hal_rcc.o(i.HAL_RCC_ClockConfig)
    HAL_RCC_GetSysClockFreq                  0x0800153d   Thumb Code   108  stm32l0xx_hal_rcc.o(i.HAL_RCC_GetSysClockFreq)
    HAL_RCC_OscConfig                        0x080015b5   Thumb Code  1074  stm32l0xx_hal_rcc.o(i.HAL_RCC_OscConfig)
    HAL_SYSTICK_Config                       0x080019e9   Thumb Code    38  stm32l0xx_hal_cortex.o(i.HAL_SYSTICK_Config)
    HardFault_Handler                        0x08001a19   Thumb Code     2  stm32l0xx_it.o(i.HardFault_Handler)
    MX_GPIO_Init                             0x08001c99   Thumb Code   200  gpio.o(i.MX_GPIO_Init)
    MX_I2C1_Init                             0x08001d6d   Thumb Code    76  i2c.o(i.MX_I2C1_Init)
    NMI_Handler                              0x08001dc1   Thumb Code     2  stm32l0xx_it.o(i.NMI_Handler)
    PVD_IRQHandler                           0x08001dc5   Thumb Code    14  stm32l0xx_it.o(i.PVD_IRQHandler)
    PendSV_Handler                           0x08001dd9   Thumb Code     2  stm32l0xx_it.o(i.PendSV_Handler)
    Run_Current_Sequency                     0x08001ddd   Thumb Code  1034  sequencies.o(i.Run_Current_Sequency)
    SVC_Handler                              0x080021e7   Thumb Code     2  stm32l0xx_it.o(i.SVC_Handler)
    Sequency_Initialization                  0x080021e9   Thumb Code    16  sequencies.o(i.Sequency_Initialization)
    Set_Sequency                             0x080021fd   Thumb Code    10  sequencies.o(i.Set_Sequency)
    SysTick_Handler                          0x0800220d   Thumb Code     8  stm32l0xx_it.o(i.SysTick_Handler)
    SystemClock_Config                       0x08002215   Thumb Code   128  main.o(i.SystemClock_Config)
    SystemCoreClockUpdate                    0x08002299   Thumb Code   130  system_stm32l0xx.o(i.SystemCoreClockUpdate)
    SystemInit                               0x08002335   Thumb Code     2  system_stm32l0xx.o(i.SystemInit)
    TCA6416A_Disable_All_LEDs                0x08002337   Thumb Code    20  tca6416a.o(i.TCA6416A_Disable_All_LEDs)
    TCA6416A_Enable_All_LEDs                 0x0800234b   Thumb Code    20  tca6416a.o(i.TCA6416A_Enable_All_LEDs)
    TCA6416A_Initialization                  0x0800235f   Thumb Code    12  tca6416a.o(i.TCA6416A_Initialization)
    TCA6416A_Set_Port_0_As_Output            0x0800236b   Thumb Code    12  tca6416a.o(i.TCA6416A_Set_Port_0_As_Output)
    TCA6416A_Set_Port_1_As_Output            0x08002377   Thumb Code    12  tca6416a.o(i.TCA6416A_Set_Port_1_As_Output)
    TCA6416A_Write                           0x08002385   Thumb Code    34  tca6416a.o(i.TCA6416A_Write)
    __ARM_common_ll_muluu                    0x080023ad   Thumb Code    48  stm32l0xx_hal_rcc.o(i.__ARM_common_ll_muluu)
    __ARM_common_switch8                     0x080023dd   Thumb Code    26  sequencies.o(i.__ARM_common_switch8)
    lis3dh_acceleration_raw_get              0x0800243d   Thumb Code    64  lis3dh_reg.o(i.lis3dh_acceleration_raw_get)
    lis3dh_aux_adc_set                       0x0800247d   Thumb Code    80  lis3dh_reg.o(i.lis3dh_aux_adc_set)
    lis3dh_block_data_update_set             0x080024cd   Thumb Code    50  lis3dh_reg.o(i.lis3dh_block_data_update_set)
    lis3dh_data_rate_set                     0x080024ff   Thumb Code    50  lis3dh_reg.o(i.lis3dh_data_rate_set)
    lis3dh_device_id_get                     0x08002531   Thumb Code    14  lis3dh_reg.o(i.lis3dh_device_id_get)
    lis3dh_double_tap_timeout_set            0x0800253f   Thumb Code    38  lis3dh_reg.o(i.lis3dh_double_tap_timeout_set)
    lis3dh_from_fs2_hr_to_mg                 0x08002565   Thumb Code    16  lis3dh_reg.o(i.lis3dh_from_fs2_hr_to_mg)
    lis3dh_full_scale_set                    0x08002575   Thumb Code    52  lis3dh_reg.o(i.lis3dh_full_scale_set)
    lis3dh_int1_gen_duration_set             0x080025a9   Thumb Code    52  lis3dh_reg.o(i.lis3dh_int1_gen_duration_set)
    lis3dh_operating_mode_set                0x080025dd   Thumb Code   124  lis3dh_reg.o(i.lis3dh_operating_mode_set)
    lis3dh_pin_int1_config_get               0x08002659   Thumb Code    14  lis3dh_reg.o(i.lis3dh_pin_int1_config_get)
    lis3dh_pin_int1_config_set               0x08002667   Thumb Code    14  lis3dh_reg.o(i.lis3dh_pin_int1_config_set)
    lis3dh_quiet_dur_set                     0x08002675   Thumb Code    38  lis3dh_reg.o(i.lis3dh_quiet_dur_set)
    lis3dh_read_reg                          0x0800269b   Thumb Code    14  lis3dh_reg.o(i.lis3dh_read_reg)
    lis3dh_shock_dur_set                     0x080026a9   Thumb Code    52  lis3dh_reg.o(i.lis3dh_shock_dur_set)
    lis3dh_tap_conf_get                      0x080026dd   Thumb Code    14  lis3dh_reg.o(i.lis3dh_tap_conf_get)
    lis3dh_tap_conf_set                      0x080026eb   Thumb Code    14  lis3dh_reg.o(i.lis3dh_tap_conf_set)
    lis3dh_tap_source_get                    0x080026f9   Thumb Code    14  lis3dh_reg.o(i.lis3dh_tap_source_get)
    lis3dh_tap_threshold_set                 0x08002707   Thumb Code    52  lis3dh_reg.o(i.lis3dh_tap_threshold_set)
    lis3dh_temp_data_ready_get               0x0800273b   Thumb Code    26  lis3dh_reg.o(i.lis3dh_temp_data_ready_get)
    lis3dh_write_reg                         0x08002755   Thumb Code    14  lis3dh_reg.o(i.lis3dh_write_reg)
    lis3dh_xl_data_ready_get                 0x08002763   Thumb Code    26  lis3dh_reg.o(i.lis3dh_xl_data_ready_get)
    main                                     0x0800277d   Thumb Code   748  main.o(i.main)
    sqrt                                     0x08002ac5   Thumb Code    66  sqrt.o(i.sqrt)
    __aeabi_fadd                             0x08002b0d   Thumb Code     0  faddsub.o(x$fpl$fadd)
    _fadd                                    0x08002b0d   Thumb Code   134  faddsub.o(x$fpl$fadd)
    __aeabi_fmul                             0x08002b99   Thumb Code     0  fmul.o(x$fpl$fmul)
    _fmul                                    0x08002b99   Thumb Code   172  fmul.o(x$fpl$fmul)
    __aeabi_cfrcmple                         0x08002c49   Thumb Code     0  frlef.o(x$fpl$frleqf)
    _frcmple                                 0x08002c49   Thumb Code    84  frlef.o(x$fpl$frleqf)
    __aeabi_fsub                             0x08002ca1   Thumb Code     0  faddsub.o(x$fpl$fsub)
    _fsub                                    0x08002ca1   Thumb Code   204  faddsub.o(x$fpl$fsub)
    AHBPrescTable                            0x08002d70   Data          16  system_stm32l0xx.o(.constdata)
    __I$use$fp                               0x08002d70   Number         0  usenofp.o(x$fpl$usenofp)
    PLLMulTable                              0x08002d80   Data           9  system_stm32l0xx.o(.constdata)
    Region$$Table$$Base                      0x08002dcc   Number         0  anon$$obj.o(Region$$Table)
    Region$$Table$$Limit                     0x08002dec   Number         0  anon$$obj.o(Region$$Table)
    SEQUENCY                                 0x20000000   Data           4  sequencies.o(.data)
    button_is_pressed                        0x20000004   Data           1  main.o(.data)
    button_was_pressed                       0x20000005   Data           1  main.o(.data)
    state                                    0x20000006   Data           1  main.o(.data)
    count                                    0x20000007   Data           1  main.o(.data)
    shake_detected                           0x20000008   Data           1  main.o(.data)
    button_pressed_time                      0x2000000c   Data           4  main.o(.data)
    random_number                            0x20000010   Data           4  main.o(.data)
    meanX                                    0x20000014   Data           4  main.o(.data)
    meanY                                    0x20000018   Data           4  main.o(.data)
    meanZ                                    0x2000001c   Data           4  main.o(.data)
    roll_threshold                           0x20000020   Data           4  main.o(.data)
    previous_random                          0x20000024   Data           4  main.o(.data)
    total_accelerometer                      0x20000028   Data           4  main.o(.data)
    uwTickFreq                               0x20000034   Data           1  stm32l0xx_hal.o(.data)
    uwTickPrio                               0x20000038   Data           4  stm32l0xx_hal.o(.data)
    uwTick                                   0x2000003c   Data           4  stm32l0xx_hal.o(.data)
    SystemCoreClock                          0x20000040   Data           4  system_stm32l0xx.o(.data)
    hi2c1                                    0x20000050   Data          76  i2c.o(.bss)
    _random_number_data                      0x2000009c   Data         228  rand.o(.bss)
    __libspace_start                         0x20000180   Data          96  libspace.o(.bss)
    __temporary_stack_top$libspace           0x200001e0   Data           0  libspace.o(.bss)



==============================================================================

Memory Map of the image

  Image Entry point : 0x080000c1

  Load Region LR_IROM1 (Base: 0x08000000, Size: 0x00002e30, Max: 0x00008000, ABSOLUTE)

    Execution Region ER_IROM1 (Exec base: 0x08000000, Load base: 0x08000000, Size: 0x00002dec, Max: 0x00008000, ABSOLUTE)

    Exec Addr    Load Addr    Size         Type   Attr      Idx    E Section Name        Object

    0x08000000   0x08000000   0x000000c0   Data   RO            3    RESET               startup_stm32l031xx.o
    0x080000c0   0x080000c0   0x00000008   Code   RO         2811  * !!!main             c_p.l(__main.o)
    0x080000c8   0x080000c8   0x0000003c   Code   RO         3041    !!!scatter          c_p.l(__scatter.o)
    0x08000104   0x08000104   0x0000001a   Code   RO         3043    !!handler_copy      c_p.l(__scatter_copy.o)
    0x0800011e   0x0800011e   0x00000002   PAD
    0x08000120   0x08000120   0x0000001c   Code   RO         3045    !!handler_zi        c_p.l(__scatter_zi.o)
    0x0800013c   0x0800013c   0x00000002   Code   RO         2960    .ARM.Collect$$libinit$$00000000  c_p.l(libinit.o)
    0x0800013e   0x0800013e   0x00000000   Code   RO         2856    .ARM.Collect$$libinit$$00000002  c_p.l(libinit2.o)
    0x0800013e   0x0800013e   0x00000000   Code   RO         2858    .ARM.Collect$$libinit$$00000004  c_p.l(libinit2.o)
    0x0800013e   0x0800013e   0x00000000   Code   RO         2861    .ARM.Collect$$libinit$$0000000A  c_p.l(libinit2.o)
    0x0800013e   0x0800013e   0x00000000   Code   RO         2863    .ARM.Collect$$libinit$$0000000C  c_p.l(libinit2.o)
    0x0800013e   0x0800013e   0x00000004   Code   RO         2864    .ARM.Collect$$libinit$$0000000D  c_p.l(libinit2.o)
    0x08000142   0x08000142   0x00000000   Code   RO         2865    .ARM.Collect$$libinit$$0000000E  c_p.l(libinit2.o)
    0x08000142   0x08000142   0x00000000   Code   RO         2868    .ARM.Collect$$libinit$$00000011  c_p.l(libinit2.o)
    0x08000142   0x08000142   0x00000000   Code   RO         2870    .ARM.Collect$$libinit$$00000013  c_p.l(libinit2.o)
    0x08000142   0x08000142   0x00000000   Code   RO         2872    .ARM.Collect$$libinit$$00000015  c_p.l(libinit2.o)
    0x08000142   0x08000142   0x00000000   Code   RO         2874    .ARM.Collect$$libinit$$00000017  c_p.l(libinit2.o)
    0x08000142   0x08000142   0x00000000   Code   RO         2876    .ARM.Collect$$libinit$$00000019  c_p.l(libinit2.o)
    0x08000142   0x08000142   0x00000000   Code   RO         2878    .ARM.Collect$$libinit$$0000001B  c_p.l(libinit2.o)
    0x08000142   0x08000142   0x00000000   Code   RO         2880    .ARM.Collect$$libinit$$0000001D  c_p.l(libinit2.o)
    0x08000142   0x08000142   0x00000000   Code   RO         2882    .ARM.Collect$$libinit$$0000001F  c_p.l(libinit2.o)
    0x08000142   0x08000142   0x00000000   Code   RO         2884    .ARM.Collect$$libinit$$00000021  c_p.l(libinit2.o)
    0x08000142   0x08000142   0x00000000   Code   RO         2886    .ARM.Collect$$libinit$$00000023  c_p.l(libinit2.o)
    0x08000142   0x08000142   0x00000000   Code   RO         2888    .ARM.Collect$$libinit$$00000025  c_p.l(libinit2.o)
    0x08000142   0x08000142   0x00000000   Code   RO         2892    .ARM.Collect$$libinit$$0000002C  c_p.l(libinit2.o)
    0x08000142   0x08000142   0x00000000   Code   RO         2894    .ARM.Collect$$libinit$$0000002E  c_p.l(libinit2.o)
    0x08000142   0x08000142   0x00000000   Code   RO         2896    .ARM.Collect$$libinit$$00000030  c_p.l(libinit2.o)
    0x08000142   0x08000142   0x00000000   Code   RO         2898    .ARM.Collect$$libinit$$00000032  c_p.l(libinit2.o)
    0x08000142   0x08000142   0x00000002   Code   RO         2899    .ARM.Collect$$libinit$$00000033  c_p.l(libinit2.o)
    0x08000144   0x08000144   0x00000002   Code   RO         3006    .ARM.Collect$$libshutdown$$00000000  c_p.l(libshutdown.o)
    0x08000146   0x08000146   0x00000000   Code   RO         3022    .ARM.Collect$$libshutdown$$00000002  c_p.l(libshutdown2.o)
    0x08000146   0x08000146   0x00000000   Code   RO         3024    .ARM.Collect$$libshutdown$$00000004  c_p.l(libshutdown2.o)
    0x08000146   0x08000146   0x00000000   Code   RO         3026    .ARM.Collect$$libshutdown$$00000006  c_p.l(libshutdown2.o)
    0x08000146   0x08000146   0x00000000   Code   RO         3029    .ARM.Collect$$libshutdown$$00000009  c_p.l(libshutdown2.o)
    0x08000146   0x08000146   0x00000000   Code   RO         3032    .ARM.Collect$$libshutdown$$0000000C  c_p.l(libshutdown2.o)
    0x08000146   0x08000146   0x00000000   Code   RO         3034    .ARM.Collect$$libshutdown$$0000000E  c_p.l(libshutdown2.o)
    0x08000146   0x08000146   0x00000000   Code   RO         3037    .ARM.Collect$$libshutdown$$00000011  c_p.l(libshutdown2.o)
    0x08000146   0x08000146   0x00000002   Code   RO         3038    .ARM.Collect$$libshutdown$$00000012  c_p.l(libshutdown2.o)
    0x08000148   0x08000148   0x00000000   Code   RO         2844    .ARM.Collect$$rtentry$$00000000  c_p.l(__rtentry.o)
    0x08000148   0x08000148   0x00000000   Code   RO         2908    .ARM.Collect$$rtentry$$00000002  c_p.l(__rtentry2.o)
    0x08000148   0x08000148   0x00000006   Code   RO         2920    .ARM.Collect$$rtentry$$00000004  c_p.l(__rtentry4.o)
    0x0800014e   0x0800014e   0x00000000   Code   RO         2910    .ARM.Collect$$rtentry$$00000009  c_p.l(__rtentry2.o)
    0x0800014e   0x0800014e   0x00000004   Code   RO         2911    .ARM.Collect$$rtentry$$0000000A  c_p.l(__rtentry2.o)
    0x08000152   0x08000152   0x00000000   Code   RO         2913    .ARM.Collect$$rtentry$$0000000C  c_p.l(__rtentry2.o)
    0x08000152   0x08000152   0x00000008   Code   RO         2914    .ARM.Collect$$rtentry$$0000000D  c_p.l(__rtentry2.o)
    0x0800015a   0x0800015a   0x00000002   Code   RO         2968    .ARM.Collect$$rtexit$$00000000  c_p.l(rtexit.o)
    0x0800015c   0x0800015c   0x00000000   Code   RO         2988    .ARM.Collect$$rtexit$$00000002  c_p.l(rtexit2.o)
    0x0800015c   0x0800015c   0x00000004   Code   RO         2989    .ARM.Collect$$rtexit$$00000003  c_p.l(rtexit2.o)
    0x08000160   0x08000160   0x00000006   Code   RO         2990    .ARM.Collect$$rtexit$$00000004  c_p.l(rtexit2.o)
    0x08000166   0x08000166   0x00000002   PAD
    0x08000168   0x08000168   0x00000038   Code   RO         2798    .emb_text           c_p.l(rand.o)
    0x080001a0   0x080001a0   0x00000038   Code   RO            4    .text               startup_stm32l031xx.o
    0x080001d8   0x080001d8   0x00000102   Code   RO         2796    .text               c_p.l(lludiv.o)
    0x080002da   0x080002da   0x00000002   PAD
    0x080002dc   0x080002dc   0x0000003c   Code   RO         2799    .text               c_p.l(rand.o)
    0x08000318   0x08000318   0x00000040   Code   RO         2803    .text               c_p.l(rt_memclr.o)
    0x08000358   0x08000358   0x0000015a   Code   RO         2805    .text               c_p.l(aeabi_sdiv.o)
    0x080004b2   0x080004b2   0x00000006   Code   RO         2809    .text               c_p.l(heapauxi.o)
    0x080004b8   0x080004b8   0x0000007c   Code   RO         2813    .text               fz_ps.l(d2f.o)
    0x08000534   0x08000534   0x00000054   Code   RO         2815    .text               fz_ps.l(f2d.o)
    0x08000588   0x08000588   0x00000160   Code   RO         2823    .text               fz_ps.l(fdiv.o)
    0x080006e8   0x080006e8   0x00000030   Code   RO         2826    .text               fz_ps.l(ffixui.o)
    0x08000718   0x08000718   0x0000005e   Code   RO         2828    .text               fz_ps.l(fflti.o)
    0x08000776   0x08000776   0x00000002   PAD
    0x08000778   0x08000778   0x00000044   Code   RO         2834    .text               fz_ps.l(fscalbn.o)
    0x080007bc   0x080007bc   0x00000016   Code   RO         2853    .text               c_p.l(_rserrno.o)
    0x080007d2   0x080007d2   0x00000002   PAD
    0x080007d4   0x080007d4   0x00000100   Code   RO         2902    .text               fz_ps.l(dsqrt.o)
    0x080008d4   0x080008d4   0x00000064   Code   RO         2904    .text               fz_ps.l(fcmpin.o)
    0x08000938   0x08000938   0x00000008   Code   RO         2927    .text               c_p.l(rt_errno_addr_intlibspace.o)
    0x08000940   0x08000940   0x0000002e   Code   RO         2931    .text               fz_ps.l(cmpret.o)
    0x0800096e   0x0800096e   0x00000002   PAD
    0x08000970   0x08000970   0x00000010   Code   RO         2935    .text               fz_ps.l(fnan2.o)
    0x08000980   0x08000980   0x00000008   Code   RO         2939    .text               c_p.l(libspace.o)
    0x08000988   0x08000988   0x0000003e   Code   RO         2942    .text               c_p.l(sys_stackheap_outer.o)
    0x080009c6   0x080009c6   0x00000010   Code   RO         2945    .text               c_p.l(exit.o)
    0x080009d6   0x080009d6   0x0000005e   Code   RO         2963    .text               fz_ps.l(retnan.o)
    0x08000a34   0x08000a34   0x0000000c   Code   RO         2982    .text               c_p.l(sys_exit.o)
    0x08000a40   0x08000a40   0x00000002   Code   RO         2984    .text               c_p.l(use_no_semi.o)
    0x08000a42   0x08000a42   0x00000000   Code   RO         2986    .text               c_p.l(indicate_semi.o)
    0x08000a42   0x08000a42   0x0000000a   Code   RO          299    i.EXTI2_3_IRQHandler  stm32l0xx_it.o
    0x08000a4c   0x08000a4c   0x00000004   Code   RO          176    i.Error_Handler     main.o
    0x08000a50   0x08000a50   0x00000024   Code   RO          896    i.HAL_Delay         stm32l0xx_hal.o
    0x08000a74   0x08000a74   0x0000005c   Code   RO          177    i.HAL_GPIO_EXTI_Callback  main.o
    0x08000ad0   0x08000ad0   0x00000018   Code   RO         1506    i.HAL_GPIO_EXTI_IRQHandler  stm32l0xx_hal_gpio.o
    0x08000ae8   0x08000ae8   0x000001a0   Code   RO         1507    i.HAL_GPIO_Init     stm32l0xx_hal_gpio.o
    0x08000c88   0x08000c88   0x0000000a   Code   RO         1509    i.HAL_GPIO_ReadPin  stm32l0xx_hal_gpio.o
    0x08000c92   0x08000c92   0x0000000c   Code   RO         1511    i.HAL_GPIO_WritePin  stm32l0xx_hal_gpio.o
    0x08000c9e   0x08000c9e   0x00000002   PAD
    0x08000ca0   0x08000ca0   0x0000000c   Code   RO          900    i.HAL_GetTick       stm32l0xx_hal.o
    0x08000cac   0x08000cac   0x0000004a   Code   RO          837    i.HAL_I2CEx_ConfigAnalogFilter  stm32l0xx_hal_i2c_ex.o
    0x08000cf6   0x08000cf6   0x00000048   Code   RO          838    i.HAL_I2CEx_ConfigDigitalFilter  stm32l0xx_hal_i2c_ex.o
    0x08000d3e   0x08000d3e   0x00000002   PAD
    0x08000d40   0x08000d40   0x000000b4   Code   RO          390    i.HAL_I2C_Init      stm32l0xx_hal_i2c.o
    0x08000df4   0x08000df4   0x00000154   Code   RO          408    i.HAL_I2C_Mem_Read  stm32l0xx_hal_i2c.o
    0x08000f48   0x08000f48   0x0000014c   Code   RO          411    i.HAL_I2C_Mem_Write  stm32l0xx_hal_i2c.o
    0x08001094   0x08001094   0x00000058   Code   RO          262    i.HAL_I2C_MspInit   i2c.o
    0x080010ec   0x080010ec   0x00000010   Code   RO          906    i.HAL_IncTick       stm32l0xx_hal.o
    0x080010fc   0x080010fc   0x00000028   Code   RO          907    i.HAL_Init          stm32l0xx_hal.o
    0x08001124   0x08001124   0x00000044   Code   RO          908    i.HAL_InitTick      stm32l0xx_hal.o
    0x08001168   0x08001168   0x00000030   Code   RO          359    i.HAL_MspInit       stm32l0xx_hal_msp.o
    0x08001198   0x08001198   0x00000018   Code   RO         1831    i.HAL_NVIC_EnableIRQ  stm32l0xx_hal_cortex.o
    0x080011b0   0x080011b0   0x00000008   Code   RO         1835    i.HAL_NVIC_SetPriority  stm32l0xx_hal_cortex.o
    0x080011b8   0x080011b8   0x00000068   Code   RO         1657    i.HAL_PWR_ConfigPVD  stm32l0xx_hal_pwr.o
    0x08001220   0x08001220   0x00000010   Code   RO         1665    i.HAL_PWR_EnablePVD  stm32l0xx_hal_pwr.o
    0x08001230   0x08001230   0x00000002   Code   RO         1672    i.HAL_PWR_PVDCallback  stm32l0xx_hal_pwr.o
    0x08001232   0x08001232   0x00000002   PAD
    0x08001234   0x08001234   0x0000001c   Code   RO         1673    i.HAL_PWR_PVD_IRQHandler  stm32l0xx_hal_pwr.o
    0x08001250   0x08001250   0x00000150   Code   RO         1194    i.HAL_RCCEx_PeriphCLKConfig  stm32l0xx_hal_rcc_ex.o
    0x080013a0   0x080013a0   0x0000019c   Code   RO         1094    i.HAL_RCC_ClockConfig  stm32l0xx_hal_rcc.o
    0x0800153c   0x0800153c   0x00000078   Code   RO         1102    i.HAL_RCC_GetSysClockFreq  stm32l0xx_hal_rcc.o
    0x080015b4   0x080015b4   0x00000432   Code   RO         1105    i.HAL_RCC_OscConfig  stm32l0xx_hal_rcc.o
    0x080019e6   0x080019e6   0x00000002   PAD
    0x080019e8   0x080019e8   0x00000030   Code   RO         1839    i.HAL_SYSTICK_Config  stm32l0xx_hal_cortex.o
    0x08001a18   0x08001a18   0x00000002   Code   RO          300    i.HardFault_Handler  stm32l0xx_it.o
    0x08001a1a   0x08001a1a   0x00000022   Code   RO          437    i.I2C_Flush_TXDR    stm32l0xx_hal_i2c.o
    0x08001a3c   0x08001a3c   0x00000088   Code   RO          445    i.I2C_IsAcknowledgeFailed  stm32l0xx_hal_i2c.o
    0x08001ac4   0x08001ac4   0x00000060   Code   RO          448    i.I2C_RequestMemoryRead  stm32l0xx_hal_i2c.o
    0x08001b24   0x08001b24   0x00000060   Code   RO          449    i.I2C_RequestMemoryWrite  stm32l0xx_hal_i2c.o
    0x08001b84   0x08001b84   0x00000028   Code   RO          452    i.I2C_TransferConfig  stm32l0xx_hal_i2c.o
    0x08001bac   0x08001bac   0x0000004e   Code   RO          454    i.I2C_WaitOnFlagUntilTimeout  stm32l0xx_hal_i2c.o
    0x08001bfa   0x08001bfa   0x0000004c   Code   RO          456    i.I2C_WaitOnSTOPFlagUntilTimeout  stm32l0xx_hal_i2c.o
    0x08001c46   0x08001c46   0x00000050   Code   RO          457    i.I2C_WaitOnTXISFlagUntilTimeout  stm32l0xx_hal_i2c.o
    0x08001c96   0x08001c96   0x00000002   PAD
    0x08001c98   0x08001c98   0x000000d4   Code   RO          241    i.MX_GPIO_Init      gpio.o
    0x08001d6c   0x08001d6c   0x00000054   Code   RO          263    i.MX_I2C1_Init      i2c.o
    0x08001dc0   0x08001dc0   0x00000002   Code   RO          301    i.NMI_Handler       stm32l0xx_it.o
    0x08001dc2   0x08001dc2   0x00000002   PAD
    0x08001dc4   0x08001dc4   0x00000014   Code   RO          302    i.PVD_IRQHandler    stm32l0xx_it.o
    0x08001dd8   0x08001dd8   0x00000002   Code   RO          303    i.PendSV_Handler    stm32l0xx_it.o
    0x08001dda   0x08001dda   0x00000002   PAD
    0x08001ddc   0x08001ddc   0x0000040a   Code   RO           15    i.Run_Current_Sequency  sequencies.o
    0x080021e6   0x080021e6   0x00000002   Code   RO          304    i.SVC_Handler       stm32l0xx_it.o
    0x080021e8   0x080021e8   0x00000014   Code   RO           16    i.Sequency_Initialization  sequencies.o
    0x080021fc   0x080021fc   0x00000010   Code   RO           17    i.Set_Sequency      sequencies.o
    0x0800220c   0x0800220c   0x00000008   Code   RO          305    i.SysTick_Handler   stm32l0xx_it.o
    0x08002214   0x08002214   0x00000084   Code   RO          178    i.SystemClock_Config  main.o
    0x08002298   0x08002298   0x0000009c   Code   RO         2019    i.SystemCoreClockUpdate  system_stm32l0xx.o
    0x08002334   0x08002334   0x00000002   Code   RO         2020    i.SystemInit        system_stm32l0xx.o
    0x08002336   0x08002336   0x00000014   Code   RO         2739    i.TCA6416A_Disable_All_LEDs  tca6416a.o
    0x0800234a   0x0800234a   0x00000014   Code   RO         2740    i.TCA6416A_Enable_All_LEDs  tca6416a.o
    0x0800235e   0x0800235e   0x0000000c   Code   RO         2741    i.TCA6416A_Initialization  tca6416a.o
    0x0800236a   0x0800236a   0x0000000c   Code   RO         2743    i.TCA6416A_Set_Port_0_As_Output  tca6416a.o
    0x08002376   0x08002376   0x0000000c   Code   RO         2744    i.TCA6416A_Set_Port_1_As_Output  tca6416a.o
    0x08002382   0x08002382   0x00000002   PAD
    0x08002384   0x08002384   0x00000028   Code   RO         2745    i.TCA6416A_Write    tca6416a.o
    0x080023ac   0x080023ac   0x00000030   Code   RO         1179    i.__ARM_common_ll_muluu  stm32l0xx_hal_rcc.o
    0x080023dc   0x080023dc   0x0000001a   Code   RO           58    i.__ARM_common_switch8  sequencies.o
    0x080023f6   0x080023f6   0x00000002   PAD
    0x080023f8   0x080023f8   0x00000044   Code   RO         1841    i.__NVIC_SetPriority  stm32l0xx_hal_cortex.o
    0x0800243c   0x0800243c   0x00000040   Code   RO         2051    i.lis3dh_acceleration_raw_get  lis3dh_reg.o
    0x0800247c   0x0800247c   0x00000050   Code   RO         2058    i.lis3dh_aux_adc_set  lis3dh_reg.o
    0x080024cc   0x080024cc   0x00000032   Code   RO         2060    i.lis3dh_block_data_update_set  lis3dh_reg.o
    0x080024fe   0x080024fe   0x00000032   Code   RO         2066    i.lis3dh_data_rate_set  lis3dh_reg.o
    0x08002530   0x08002530   0x0000000e   Code   RO         2067    i.lis3dh_device_id_get  lis3dh_reg.o
    0x0800253e   0x0800253e   0x00000026   Code   RO         2069    i.lis3dh_double_tap_timeout_set  lis3dh_reg.o
    0x08002564   0x08002564   0x00000010   Code   RO         2088    i.lis3dh_from_fs2_hr_to_mg  lis3dh_reg.o
    0x08002574   0x08002574   0x00000034   Code   RO         2101    i.lis3dh_full_scale_set  lis3dh_reg.o
    0x080025a8   0x080025a8   0x00000034   Code   RO         2113    i.lis3dh_int1_gen_duration_set  lis3dh_reg.o
    0x080025dc   0x080025dc   0x0000007c   Code   RO         2133    i.lis3dh_operating_mode_set  lis3dh_reg.o
    0x08002658   0x08002658   0x0000000e   Code   RO         2134    i.lis3dh_pin_int1_config_get  lis3dh_reg.o
    0x08002666   0x08002666   0x0000000e   Code   RO         2135    i.lis3dh_pin_int1_config_set  lis3dh_reg.o
    0x08002674   0x08002674   0x00000026   Code   RO         2141    i.lis3dh_quiet_dur_set  lis3dh_reg.o
    0x0800269a   0x0800269a   0x0000000e   Code   RO         2142    i.lis3dh_read_reg   lis3dh_reg.o
    0x080026a8   0x080026a8   0x00000034   Code   RO         2146    i.lis3dh_shock_dur_set  lis3dh_reg.o
    0x080026dc   0x080026dc   0x0000000e   Code   RO         2150    i.lis3dh_tap_conf_get  lis3dh_reg.o
    0x080026ea   0x080026ea   0x0000000e   Code   RO         2151    i.lis3dh_tap_conf_set  lis3dh_reg.o
    0x080026f8   0x080026f8   0x0000000e   Code   RO         2154    i.lis3dh_tap_source_get  lis3dh_reg.o
    0x08002706   0x08002706   0x00000034   Code   RO         2156    i.lis3dh_tap_threshold_set  lis3dh_reg.o
    0x0800273a   0x0800273a   0x0000001a   Code   RO         2158    i.lis3dh_temp_data_ready_get  lis3dh_reg.o
    0x08002754   0x08002754   0x0000000e   Code   RO         2161    i.lis3dh_write_reg  lis3dh_reg.o
    0x08002762   0x08002762   0x0000001a   Code   RO         2163    i.lis3dh_xl_data_ready_get  lis3dh_reg.o
    0x0800277c   0x0800277c   0x00000310   Code   RO          179    i.main              main.o
    0x08002a8c   0x08002a8c   0x0000001c   Code   RO          180    i.platform_read     main.o
    0x08002aa8   0x08002aa8   0x0000001c   Code   RO          181    i.platform_write    main.o
    0x08002ac4   0x08002ac4   0x00000048   Code   RO         2837    i.sqrt              m_ps.l(sqrt.o)
    0x08002b0c   0x08002b0c   0x0000008c   Code   RO         2817    x$fpl$fadd          fz_ps.l(faddsub.o)
    0x08002b98   0x08002b98   0x000000b0   Code   RO         2830    x$fpl$fmul          fz_ps.l(fmul.o)
    0x08002c48   0x08002c48   0x00000058   Code   RO         2832    x$fpl$frleqf        fz_ps.l(frlef.o)
    0x08002ca0   0x08002ca0   0x000000d0   Code   RO         2819    x$fpl$fsub          fz_ps.l(faddsub.o)
    0x08002d70   0x08002d70   0x00000000   Code   RO         2906    x$fpl$usenofp       fz_ps.l(usenofp.o)
    0x08002d70   0x08002d70   0x00000019   Data   RO         2021    .constdata          system_stm32l0xx.o
    0x08002d89   0x08002d89   0x00000040   Data   RO         2824    .constdata          fz_ps.l(fdiv.o)
    0x08002dc9   0x08002dc9   0x00000003   PAD
    0x08002dcc   0x08002dcc   0x00000020   Data   RO         3039    Region$$Table       anon$$obj.o


    Execution Region RW_IRAM1 (Exec base: 0x20000000, Load base: 0x08002dec, Size: 0x000007e0, Max: 0x00002000, ABSOLUTE)

    Exec Addr    Load Addr    Size         Type   Attr      Idx    E Section Name        Object

    0x20000000   0x08002dec   0x00000004   Data   RW           18    .data               sequencies.o
    0x20000004   0x08002df0   0x0000002e   Data   RW          183    .data               main.o
    0x20000032   0x08002e1e   0x00000002   PAD
    0x20000034   0x08002e20   0x0000000c   Data   RW          918    .data               stm32l0xx_hal.o
    0x20000040   0x08002e2c   0x00000004   Data   RW         2023    .data               system_stm32l0xx.o
    0x20000044        -       0x0000000c   Zero   RW          182    .bss                main.o
    0x20000050        -       0x0000004c   Zero   RW          264    .bss                i2c.o
    0x2000009c        -       0x000000e4   Zero   RW         2800    .bss                c_p.l(rand.o)
    0x20000180        -       0x00000060   Zero   RW         2940    .bss                c_p.l(libspace.o)
    0x200001e0        -       0x00000200   Zero   RW            2    HEAP                startup_stm32l031xx.o
    0x200003e0        -       0x00000400   Zero   RW            1    STACK               startup_stm32l031xx.o


==============================================================================

Image component sizes


      Code (inc. data)   RO Data    RW Data    ZI Data      Debug   Object Name

       212         12          0          0          0        975   gpio.o
       172         16          0          0         76       1645   i2c.o
       832          0          0          0          0      22484   lis3dh_reg.o
      1068         56          0         46         12      17593   main.o
      1096         32          0          4          0     275832   sequencies.o
        56         26        192          0       1536        652   startup_stm32l031xx.o
       172         28          0         12          0       8337   stm32l0xx_hal.o
       148         24          0          0          0      10569   stm32l0xx_hal_cortex.o
       462         30          0          0          0       3366   stm32l0xx_hal_gpio.o
      1488         38          0          0          0      11506   stm32l0xx_hal_i2c.o
       146          0          0          0          0       1935   stm32l0xx_hal_i2c_ex.o
        48          8          0          0          0        510   stm32l0xx_hal_msp.o
       150         20          0          0          0       2691   stm32l0xx_hal_pwr.o
      1654         66          0          0          0       4622   stm32l0xx_hal_rcc.o
       336         12          0          0          0       1436   stm32l0xx_hal_rcc_ex.o
        46          6          0          0          0       3145   stm32l0xx_it.o
       158         26         25          4          0       1991   system_stm32l0xx.o
       116          6          0          0          0       3402   tca6416a.o

    ----------------------------------------------------------------------
      8378        406        249         68       1624     372691   Object Totals
         0          0         32          0          0          0   (incl. Generated)
        18          0          0          2          0          0   (incl. Padding)

    ----------------------------------------------------------------------

      Code (inc. data)   RO Data    RW Data    ZI Data      Debug   Library Member Name

         8          0          0          0          0         68   __main.o
         0          0          0          0          0          0   __rtentry.o
        12          0          0          0          0          0   __rtentry2.o
         6          0          0          0          0          0   __rtentry4.o
        60          8          0          0          0          0   __scatter.o
        26          0          0          0          0          0   __scatter_copy.o
        28          0          0          0          0          0   __scatter_zi.o
        22          0          0          0          0         92   _rserrno.o
       346          0          0          0          0         92   aeabi_sdiv.o
        16          0          0          0          0         68   exit.o
         6          0          0          0          0        136   heapauxi.o
         0          0          0          0          0          0   indicate_semi.o
         2          0          0          0          0          0   libinit.o
         6          0          0          0          0          0   libinit2.o
         2          0          0          0          0          0   libshutdown.o
         2          0          0          0          0          0   libshutdown2.o
         8          4          0          0         96         68   libspace.o
       258          0          0          0          0         88   lludiv.o
       116         16          0          0        228        156   rand.o
         8          4          0          0          0         68   rt_errno_addr_intlibspace.o
        64          0          0          0          0        108   rt_memclr.o
         2          0          0          0          0          0   rtexit.o
        10          0          0          0          0          0   rtexit2.o
        12          4          0          0          0         60   sys_exit.o
        62          0          0          0          0         80   sys_stackheap_outer.o
         2          0          0          0          0         68   use_no_semi.o
        46          0          0          0          0         60   cmpret.o
       124          4          0          0          0         72   d2f.o
       256          8          0          0          0         76   dsqrt.o
        84          4          0          0          0         60   f2d.o
       348          8          0          0          0        160   faddsub.o
       100          4          0          0          0         68   fcmpin.o
       352         10         64          0          0         92   fdiv.o
        48          0          0          0          0         60   ffixui.o
        94          0          0          0          0         92   fflti.o
       176          4          0          0          0         80   fmul.o
        16          6          0          0          0         68   fnan2.o
        88          4          0          0          0         76   frlef.o
        68          4          0          0          0         68   fscalbn.o
        94          0          0          0          0         68   retnan.o
         0          0          0          0          0          0   usenofp.o
        72          6          0          0          0         76   sqrt.o

    ----------------------------------------------------------------------
      3062         98         67          0        324       2328   Library Totals
        12          0          3          0          0          0   (incl. Padding)

    ----------------------------------------------------------------------

      Code (inc. data)   RO Data    RW Data    ZI Data      Debug   Library Name

      1084         36          0          0        324       1152   c_p.l
      1894         56         64          0          0       1100   fz_ps.l
        72          6          0          0          0         76   m_ps.l

    ----------------------------------------------------------------------
      3062         98         67          0        324       2328   Library Totals

    ----------------------------------------------------------------------

==============================================================================


      Code (inc. data)   RO Data    RW Data    ZI Data      Debug   

     11440        504        316         68       1948     370207   Grand Totals
     11440        504        316         68       1948     370207   ELF Image Totals
     11440        504        316         68          0          0   ROM Totals

==============================================================================

    Total RO  Size (Code + RO Data)                11756 (  11.48kB)
    Total RW  Size (RW Data + ZI Data)              2016 (   1.97kB)
    Total ROM Size (Code + RO Data + RW Data)      11824 (  11.55kB)

==============================================================================

